Archive member included to satisfy reference by file (symbol)

n:/renesas/ra/e2studio_v2023-04_fsp_v4.5.0/toolchains/gcc_arm/gcc-arm-none-eabi-10.3-2021.10/bin/../lib/gcc/arm-none-eabi/10.3.1/thumb/v8-m.main+fp/hard\libgcc.a(_arm_muldf3.o)
                              ./src/console_callbacks.o (__aeabi_dmul)
n:/renesas/ra/e2studio_v2023-04_fsp_v4.5.0/toolchains/gcc_arm/gcc-arm-none-eabi-10.3-2021.10/bin/../lib/gcc/arm-none-eabi/10.3.1/thumb/v8-m.main+fp/hard\libgcc.a(_arm_addsubdf3.o)
                              ./src/console_callbacks.o (__aeabi_dadd)
n:/renesas/ra/e2studio_v2023-04_fsp_v4.5.0/toolchains/gcc_arm/gcc-arm-none-eabi-10.3-2021.10/bin/../lib/gcc/arm-none-eabi/10.3.1/thumb/v8-m.main+fp/hard\libgcc.a(_arm_muldivdf3.o)
                              ./src/console_callbacks.o (__aeabi_ddiv)
n:/renesas/ra/e2studio_v2023-04_fsp_v4.5.0/toolchains/gcc_arm/gcc-arm-none-eabi-10.3-2021.10/bin/../lib/gcc/arm-none-eabi/10.3.1/thumb/v8-m.main+fp/hard\libgcc.a(_arm_cmpdf2.o)
                              ./src/console_callbacks.o (__aeabi_dcmplt)
n:/renesas/ra/e2studio_v2023-04_fsp_v4.5.0/toolchains/gcc_arm/gcc-arm-none-eabi-10.3-2021.10/bin/../lib/gcc/arm-none-eabi/10.3.1/../../../../arm-none-eabi/lib/thumb/v8-m.main+fp/hard\libg_nano.a(lib_a-atoi.o)
                              ./src/sf_console/sf_console.o (atoi)
n:/renesas/ra/e2studio_v2023-04_fsp_v4.5.0/toolchains/gcc_arm/gcc-arm-none-eabi-10.3-2021.10/bin/../lib/gcc/arm-none-eabi/10.3.1/../../../../arm-none-eabi/lib/thumb/v8-m.main+fp/hard\libg_nano.a(lib_a-ctype_.o)
                              ./src/sf_console/sf_console.o (_ctype_)
n:/renesas/ra/e2studio_v2023-04_fsp_v4.5.0/toolchains/gcc_arm/gcc-arm-none-eabi-10.3-2021.10/bin/../lib/gcc/arm-none-eabi/10.3.1/../../../../arm-none-eabi/lib/thumb/v8-m.main+fp/hard\libg_nano.a(lib_a-errno.o)
                              ./ra/fsp/src/bsp/mcu/all/bsp_sbrk.o (__errno)
n:/renesas/ra/e2studio_v2023-04_fsp_v4.5.0/toolchains/gcc_arm/gcc-arm-none-eabi-10.3-2021.10/bin/../lib/gcc/arm-none-eabi/10.3.1/../../../../arm-none-eabi/lib/thumb/v8-m.main+fp/hard\libg_nano.a(lib_a-exit.o)
                              n:/renesas/ra/e2studio_v2023-04_fsp_v4.5.0/toolchains/gcc_arm/gcc-arm-none-eabi-10.3-2021.10/bin/../lib/gcc/arm-none-eabi/10.3.1/../../../../arm-none-eabi/lib/thumb/v8-m.main+fp/hard/rdimon-crt0.o (exit)
n:/renesas/ra/e2studio_v2023-04_fsp_v4.5.0/toolchains/gcc_arm/gcc-arm-none-eabi-10.3-2021.10/bin/../lib/gcc/arm-none-eabi/10.3.1/../../../../arm-none-eabi/lib/thumb/v8-m.main+fp/hard\libg_nano.a(lib_a-impure.o)
                              n:/renesas/ra/e2studio_v2023-04_fsp_v4.5.0/toolchains/gcc_arm/gcc-arm-none-eabi-10.3-2021.10/bin/../lib/gcc/arm-none-eabi/10.3.1/../../../../arm-none-eabi/lib/thumb/v8-m.main+fp/hard\libg_nano.a(lib_a-exit.o) (_global_impure_ptr)
n:/renesas/ra/e2studio_v2023-04_fsp_v4.5.0/toolchains/gcc_arm/gcc-arm-none-eabi-10.3-2021.10/bin/../lib/gcc/arm-none-eabi/10.3.1/../../../../arm-none-eabi/lib/thumb/v8-m.main+fp/hard\libg_nano.a(lib_a-init.o)
                              n:/renesas/ra/e2studio_v2023-04_fsp_v4.5.0/toolchains/gcc_arm/gcc-arm-none-eabi-10.3-2021.10/bin/../lib/gcc/arm-none-eabi/10.3.1/../../../../arm-none-eabi/lib/thumb/v8-m.main+fp/hard/rdimon-crt0.o (__libc_init_array)
n:/renesas/ra/e2studio_v2023-04_fsp_v4.5.0/toolchains/gcc_arm/gcc-arm-none-eabi-10.3-2021.10/bin/../lib/gcc/arm-none-eabi/10.3.1/../../../../arm-none-eabi/lib/thumb/v8-m.main+fp/hard\libg_nano.a(lib_a-memcpy-stub.o)
                              ./src/SEGGER/SEGGER_RTT.o (memcpy)
n:/renesas/ra/e2studio_v2023-04_fsp_v4.5.0/toolchains/gcc_arm/gcc-arm-none-eabi-10.3-2021.10/bin/../lib/gcc/arm-none-eabi/10.3.1/../../../../arm-none-eabi/lib/thumb/v8-m.main+fp/hard\libg_nano.a(lib_a-memset.o)
                              n:/renesas/ra/e2studio_v2023-04_fsp_v4.5.0/toolchains/gcc_arm/gcc-arm-none-eabi-10.3-2021.10/bin/../lib/gcc/arm-none-eabi/10.3.1/../../../../arm-none-eabi/lib/thumb/v8-m.main+fp/hard/rdimon-crt0.o (memset)
n:/renesas/ra/e2studio_v2023-04_fsp_v4.5.0/toolchains/gcc_arm/gcc-arm-none-eabi-10.3-2021.10/bin/../lib/gcc/arm-none-eabi/10.3.1/../../../../arm-none-eabi/lib/thumb/v8-m.main+fp/hard\libg_nano.a(lib_a-nano-vfprintf_float.o)
                              (_printf_float)
n:/renesas/ra/e2studio_v2023-04_fsp_v4.5.0/toolchains/gcc_arm/gcc-arm-none-eabi-10.3-2021.10/bin/../lib/gcc/arm-none-eabi/10.3.1/../../../../arm-none-eabi/lib/thumb/v8-m.main+fp/hard\libg_nano.a(lib_a-nano-vfprintf_i.o)
                              n:/renesas/ra/e2studio_v2023-04_fsp_v4.5.0/toolchains/gcc_arm/gcc-arm-none-eabi-10.3-2021.10/bin/../lib/gcc/arm-none-eabi/10.3.1/../../../../arm-none-eabi/lib/thumb/v8-m.main+fp/hard\libg_nano.a(lib_a-nano-vfprintf_float.o) (_printf_common)
n:/renesas/ra/e2studio_v2023-04_fsp_v4.5.0/toolchains/gcc_arm/gcc-arm-none-eabi-10.3-2021.10/bin/../lib/gcc/arm-none-eabi/10.3.1/../../../../arm-none-eabi/lib/thumb/v8-m.main+fp/hard\libg_nano.a(lib_a-snprintf.o)
[...]
Memory Configuration

Name             Origin             Length             Attributes
ITCM             0x00000000         0x00000000         xr
DTCM             0x00000000         0x00000000         xrw
FLASH            0x00000000         0x00100000         xr
RAM              0x20000000         0x00040000         xrw
DATA_FLASH       0x08000000         0x00002000         xr
QSPI_FLASH       0x60000000         0x04000000         xr
OSPI_DEVICE_0    0x68000000         0x08000000         xr
OSPI_DEVICE_1    0x70000000         0x10000000         xr
OSPI_DEVICE_0_RAM 0x68000000         0x08000000         xrw
OSPI_DEVICE_1_RAM 0x70000000         0x10000000         xrw
SDRAM            0x80010000         0x00000000         xrw
OPTION_SETTING   0x0100a100         0x00000100         r
OPTION_SETTING_S 0x0100a200         0x00000100         r
ID_CODE          0x00000000         0x00000000         xr
*default*        0x00000000         0xffffffff

Linker script and memory map

LOAD n:/renesas/ra/e2studio_v2023-04_fsp_v4.5.0/toolchains/gcc_arm/gcc-arm-none-eabi-10.3-2021.10/bin/../lib/gcc/arm-none-eabi/10.3.1/thumb/v8-m.main+fp/hard/crti.o
LOAD n:/renesas/ra/e2studio_v2023-04_fsp_v4.5.0/toolchains/gcc_arm/gcc-arm-none-eabi-10.3-2021.10/bin/../lib/gcc/arm-none-eabi/10.3.1/thumb/v8-m.main+fp/hard/crtbegin.o
LOAD n:/renesas/ra/e2studio_v2023-04_fsp_v4.5.0/toolchains/gcc_arm/gcc-arm-none-eabi-10.3-2021.10/bin/../lib/gcc/arm-none-eabi/10.3.1/../../../../arm-none-eabi/lib/thumb/v8-m.main+fp/hard/rdimon-crt0.o
START GROUP
LOAD ./src/sf_console/sf_console.o
LOAD ./src/sf_console/sf_rtt_comms.o
LOAD ./src/SEGGER/SEGGER_RTT.o
LOAD ./src/SEGGER/SEGGER_RTT_printf.o
LOAD ./src/application.o
LOAD ./src/blinky_thread_entry.o
LOAD ./src/console.o
LOAD ./src/console_callbacks.o
LOAD ./src/hal_entry.o
LOAD ./ra_gen/blinky_thread.o
LOAD ./ra_gen/common_data.o
LOAD ./ra_gen/hal_data.o
LOAD ./ra_gen/main.o
LOAD ./ra_gen/pin_data.o
LOAD ./ra_gen/vector_data.o
LOAD ./ra/microsoft/azure-rtos/threadx/common/src/tx_block_allocate.o
LOAD ./ra/microsoft/azure-rtos/threadx/common/src/tx_block_pool_cleanup.o
LOAD ./ra/microsoft/azure-rtos/threadx/common/src/tx_block_pool_create.o
LOAD ./ra/microsoft/azure-rtos/threadx/common/src/tx_block_pool_delete.o
LOAD ./ra/microsoft/azure-rtos/threadx/common/src/tx_block_pool_info_get.o
LOAD ./ra/microsoft/azure-rtos/threadx/common/src/tx_block_pool_initialize.o
LOAD ./ra/microsoft/azure-rtos/threadx/common/src/tx_block_pool_performance_info_get.o
LOAD ./ra/microsoft/azure-rtos/threadx/common/src/tx_block_pool_performance_system_info_get.o
LOAD ./ra/microsoft/azure-rtos/threadx/common/src/tx_block_pool_prioritize.o
LOAD ./ra/microsoft/azure-rtos/threadx/common/src/tx_block_release.o
LOAD ./ra/microsoft/azure-rtos/threadx/common/src/tx_byte_allocate.o
LOAD ./ra/microsoft/azure-rtos/threadx/common/src/tx_byte_pool_cleanup.o
LOAD ./ra/microsoft/azure-rtos/threadx/common/src/tx_byte_pool_create.o
LOAD ./ra/microsoft/azure-rtos/threadx/common/src/tx_byte_pool_delete.o
LOAD ./ra/microsoft/azure-rtos/threadx/common/src/tx_byte_pool_info_get.o
LOAD ./ra/microsoft/azure-rtos/threadx/common/src/tx_byte_pool_initialize.o
LOAD ./ra/microsoft/azure-rtos/threadx/common/src/tx_byte_pool_performance_info_get.o
LOAD ./ra/microsoft/azure-rtos/threadx/common/src/tx_byte_pool_performance_system_info_get.o
LOAD ./ra/microsoft/azure-rtos/threadx/common/src/tx_byte_pool_prioritize.o
LOAD ./ra/microsoft/azure-rtos/threadx/common/src/tx_byte_pool_search.o
LOAD ./ra/microsoft/azure-rtos/threadx/common/src/tx_byte_release.o
LOAD ./ra/microsoft/azure-rtos/threadx/common/src/tx_event_flags_cleanup.o
LOAD ./ra/microsoft/azure-rtos/threadx/common/src/tx_event_flags_create.o
LOAD ./ra/microsoft/azure-rtos/threadx/common/src/tx_event_flags_delete.o
LOAD ./ra/microsoft/azure-rtos/threadx/common/src/tx_event_flags_get.o
LOAD ./ra/microsoft/azure-rtos/threadx/common/src/tx_event_flags_info_get.o
LOAD ./ra/microsoft/azure-rtos/threadx/common/src/tx_event_flags_initialize.o
LOAD ./ra/microsoft/azure-rtos/threadx/common/src/tx_event_flags_performance_info_get.o
LOAD ./ra/microsoft/azure-rtos/threadx/common/src/tx_event_flags_performance_system_info_get.o
LOAD ./ra/microsoft/azure-rtos/threadx/common/src/tx_event_flags_set.o
LOAD ./ra/microsoft/azure-rtos/threadx/common/src/tx_event_flags_set_notify.o
LOAD ./ra/microsoft/azure-rtos/threadx/common/src/tx_initialize_high_level.o
LOAD ./ra/microsoft/azure-rtos/threadx/common/src/tx_initialize_kernel_enter.o
LOAD ./ra/microsoft/azure-rtos/threadx/common/src/tx_initialize_kernel_setup.o
LOAD ./ra/microsoft/azure-rtos/threadx/common/src/tx_mutex_cleanup.o
LOAD ./ra/microsoft/azure-rtos/threadx/common/src/tx_mutex_create.o
LOAD ./ra/microsoft/azure-rtos/threadx/common/src/tx_mutex_delete.o
LOAD ./ra/microsoft/azure-rtos/threadx/common/src/tx_mutex_get.o
LOAD ./ra/microsoft/azure-rtos/threadx/common/src/tx_mutex_info_get.o
LOAD ./ra/microsoft/azure-rtos/threadx/common/src/tx_mutex_initialize.o
LOAD ./ra/microsoft/azure-rtos/threadx/common/src/tx_mutex_performance_info_get.o
LOAD ./ra/microsoft/azure-rtos/threadx/common/src/tx_mutex_performance_system_info_get.o
LOAD ./ra/microsoft/azure-rtos/threadx/common/src/tx_mutex_prioritize.o
LOAD ./ra/microsoft/azure-rtos/threadx/common/src/tx_mutex_priority_change.o
LOAD ./ra/microsoft/azure-rtos/threadx/common/src/tx_mutex_put.o
LOAD ./ra/microsoft/azure-rtos/threadx/common/src/tx_queue_cleanup.o
LOAD ./ra/microsoft/azure-rtos/threadx/common/src/tx_queue_create.o
LOAD ./ra/microsoft/azure-rtos/threadx/common/src/tx_queue_delete.o
LOAD ./ra/microsoft/azure-rtos/threadx/common/src/tx_queue_flush.o
LOAD ./ra/microsoft/azure-rtos/threadx/common/src/tx_queue_front_send.o
LOAD ./ra/microsoft/azure-rtos/threadx/common/src/tx_queue_info_get.o
LOAD ./ra/microsoft/azure-rtos/threadx/common/src/tx_queue_initialize.o
LOAD ./ra/microsoft/azure-rtos/threadx/common/src/tx_queue_performance_info_get.o
LOAD ./ra/microsoft/azure-rtos/threadx/common/src/tx_queue_performance_system_info_get.o
LOAD ./ra/microsoft/azure-rtos/threadx/common/src/tx_queue_prioritize.o
LOAD ./ra/microsoft/azure-rtos/threadx/common/src/tx_queue_receive.o
LOAD ./ra/microsoft/azure-rtos/threadx/common/src/tx_queue_send.o
LOAD ./ra/microsoft/azure-rtos/threadx/common/src/tx_queue_send_notify.o
LOAD ./ra/microsoft/azure-rtos/threadx/common/src/tx_semaphore_ceiling_put.o
LOAD ./ra/microsoft/azure-rtos/threadx/common/src/tx_semaphore_cleanup.o
LOAD ./ra/microsoft/azure-rtos/threadx/common/src/tx_semaphore_create.o
LOAD ./ra/microsoft/azure-rtos/threadx/common/src/tx_semaphore_delete.o
LOAD ./ra/microsoft/azure-rtos/threadx/common/src/tx_semaphore_get.o
LOAD ./ra/microsoft/azure-rtos/threadx/common/src/tx_semaphore_info_get.o
LOAD ./ra/microsoft/azure-rtos/threadx/common/src/tx_semaphore_initialize.o
LOAD ./ra/microsoft/azure-rtos/threadx/common/src/tx_semaphore_performance_info_get.o
LOAD ./ra/microsoft/azure-rtos/threadx/common/src/tx_semaphore_performance_system_info_get.o
LOAD ./ra/microsoft/azure-rtos/threadx/common/src/tx_semaphore_prioritize.o
LOAD ./ra/microsoft/azure-rtos/threadx/common/src/tx_semaphore_put.o
LOAD ./ra/microsoft/azure-rtos/threadx/common/src/tx_semaphore_put_notify.o
LOAD ./ra/microsoft/azure-rtos/threadx/common/src/tx_thread_create.o
LOAD ./ra/microsoft/azure-rtos/threadx/common/src/tx_thread_delete.o
LOAD ./ra/microsoft/azure-rtos/threadx/common/src/tx_thread_entry_exit_notify.o
LOAD ./ra/microsoft/azure-rtos/threadx/common/src/tx_thread_identify.o
LOAD ./ra/microsoft/azure-rtos/threadx/common/src/tx_thread_info_get.o
LOAD ./ra/microsoft/azure-rtos/threadx/common/src/tx_thread_initialize.o
LOAD ./ra/microsoft/azure-rtos/threadx/common/src/tx_thread_performance_info_get.o
LOAD ./ra/microsoft/azure-rtos/threadx/common/src/tx_thread_performance_system_info_get.o
LOAD ./ra/microsoft/azure-rtos/threadx/common/src/tx_thread_preemption_change.o
LOAD ./ra/microsoft/azure-rtos/threadx/common/src/tx_thread_priority_change.o
LOAD ./ra/microsoft/azure-rtos/threadx/common/src/tx_thread_relinquish.o
LOAD ./ra/microsoft/azure-rtos/threadx/common/src/tx_thread_reset.o
LOAD ./ra/microsoft/azure-rtos/threadx/common/src/tx_thread_resume.o
LOAD ./ra/microsoft/azure-rtos/threadx/common/src/tx_thread_shell_entry.o
LOAD ./ra/microsoft/azure-rtos/threadx/common/src/tx_thread_sleep.o
LOAD ./ra/microsoft/azure-rtos/threadx/common/src/tx_thread_stack_analyze.o
LOAD ./ra/microsoft/azure-rtos/threadx/common/src/tx_thread_stack_error_handler.o
LOAD ./ra/microsoft/azure-rtos/threadx/common/src/tx_thread_stack_error_notify.o
LOAD ./ra/microsoft/azure-rtos/threadx/common/src/tx_thread_suspend.o
LOAD ./ra/microsoft/azure-rtos/threadx/common/src/tx_thread_system_preempt_check.o
LOAD ./ra/microsoft/azure-rtos/threadx/common/src/tx_thread_system_resume.o
LOAD ./ra/microsoft/azure-rtos/threadx/common/src/tx_thread_system_suspend.o
LOAD ./ra/microsoft/azure-rtos/threadx/common/src/tx_thread_terminate.o
LOAD ./ra/microsoft/azure-rtos/threadx/common/src/tx_thread_time_slice.o
LOAD ./ra/microsoft/azure-rtos/threadx/common/src/tx_thread_time_slice_change.o
LOAD ./ra/microsoft/azure-rtos/threadx/common/src/tx_thread_timeout.o
LOAD ./ra/microsoft/azure-rtos/threadx/common/src/tx_thread_wait_abort.o
LOAD ./ra/microsoft/azure-rtos/threadx/common/src/tx_time_get.o
LOAD ./ra/microsoft/azure-rtos/threadx/common/src/tx_time_set.o
LOAD ./ra/microsoft/azure-rtos/threadx/common/src/tx_timer_activate.o
LOAD ./ra/microsoft/azure-rtos/threadx/common/src/tx_timer_change.o
LOAD ./ra/microsoft/azure-rtos/threadx/common/src/tx_timer_create.o
LOAD ./ra/microsoft/azure-rtos/threadx/common/src/tx_timer_deactivate.o
LOAD ./ra/microsoft/azure-rtos/threadx/common/src/tx_timer_delete.o
LOAD ./ra/microsoft/azure-rtos/threadx/common/src/tx_timer_expiration_process.o
LOAD ./ra/microsoft/azure-rtos/threadx/common/src/tx_timer_info_get.o
LOAD ./ra/microsoft/azure-rtos/threadx/common/src/tx_timer_initialize.o
LOAD ./ra/microsoft/azure-rtos/threadx/common/src/tx_timer_performance_info_get.o
LOAD ./ra/microsoft/azure-rtos/threadx/common/src/tx_timer_performance_system_info_get.o
LOAD ./ra/microsoft/azure-rtos/threadx/common/src/tx_timer_system_activate.o
LOAD ./ra/microsoft/azure-rtos/threadx/common/src/tx_timer_system_deactivate.o
LOAD ./ra/microsoft/azure-rtos/threadx/common/src/tx_timer_thread_entry.o
LOAD ./ra/microsoft/azure-rtos/threadx/common/src/tx_trace_buffer_full_notify.o
LOAD ./ra/microsoft/azure-rtos/threadx/common/src/tx_trace_disable.o
LOAD ./ra/microsoft/azure-rtos/threadx/common/src/tx_trace_enable.o
LOAD ./ra/microsoft/azure-rtos/threadx/common/src/tx_trace_event_filter.o
LOAD ./ra/microsoft/azure-rtos/threadx/common/src/tx_trace_event_unfilter.o
LOAD ./ra/microsoft/azure-rtos/threadx/common/src/tx_trace_initialize.o
LOAD ./ra/microsoft/azure-rtos/threadx/common/src/tx_trace_interrupt_control.o
LOAD ./ra/microsoft/azure-rtos/threadx/common/src/tx_trace_isr_enter_insert.o
LOAD ./ra/microsoft/azure-rtos/threadx/common/src/tx_trace_isr_exit_insert.o
LOAD ./ra/microsoft/azure-rtos/threadx/common/src/tx_trace_object_register.o
LOAD ./ra/microsoft/azure-rtos/threadx/common/src/tx_trace_object_unregister.o
LOAD ./ra/microsoft/azure-rtos/threadx/common/src/tx_trace_user_event_insert.o
LOAD ./ra/microsoft/azure-rtos/threadx/common/src/txe_block_allocate.o
LOAD ./ra/microsoft/azure-rtos/threadx/common/src/txe_block_pool_create.o
LOAD ./ra/microsoft/azure-rtos/threadx/common/src/txe_block_pool_delete.o
LOAD ./ra/microsoft/azure-rtos/threadx/common/src/txe_block_pool_info_get.o
LOAD ./ra/microsoft/azure-rtos/threadx/common/src/txe_block_pool_prioritize.o
LOAD ./ra/microsoft/azure-rtos/threadx/common/src/txe_block_release.o
LOAD ./ra/microsoft/azure-rtos/threadx/common/src/txe_byte_allocate.o
LOAD ./ra/microsoft/azure-rtos/threadx/common/src/txe_byte_pool_create.o
LOAD ./ra/microsoft/azure-rtos/threadx/common/src/txe_byte_pool_delete.o
LOAD ./ra/microsoft/azure-rtos/threadx/common/src/txe_byte_pool_info_get.o
LOAD ./ra/microsoft/azure-rtos/threadx/common/src/txe_byte_pool_prioritize.o
LOAD ./ra/microsoft/azure-rtos/threadx/common/src/txe_byte_release.o
LOAD ./ra/microsoft/azure-rtos/threadx/common/src/txe_event_flags_create.o
LOAD ./ra/microsoft/azure-rtos/threadx/common/src/txe_event_flags_delete.o
LOAD ./ra/microsoft/azure-rtos/threadx/common/src/txe_event_flags_get.o
LOAD ./ra/microsoft/azure-rtos/threadx/common/src/txe_event_flags_info_get.o
LOAD ./ra/microsoft/azure-rtos/threadx/common/src/txe_event_flags_set.o
LOAD ./ra/microsoft/azure-rtos/threadx/common/src/txe_event_flags_set_notify.o
LOAD ./ra/microsoft/azure-rtos/threadx/common/src/txe_mutex_create.o
LOAD ./ra/microsoft/azure-rtos/threadx/common/src/txe_mutex_delete.o
LOAD ./ra/microsoft/azure-rtos/threadx/common/src/txe_mutex_get.o
LOAD ./ra/microsoft/azure-rtos/threadx/common/src/txe_mutex_info_get.o
LOAD ./ra/microsoft/azure-rtos/threadx/common/src/txe_mutex_prioritize.o
LOAD ./ra/microsoft/azure-rtos/threadx/common/src/txe_mutex_put.o
LOAD ./ra/microsoft/azure-rtos/threadx/common/src/txe_queue_create.o
LOAD ./ra/microsoft/azure-rtos/threadx/common/src/txe_queue_delete.o
LOAD ./ra/microsoft/azure-rtos/threadx/common/src/txe_queue_flush.o
LOAD ./ra/microsoft/azure-rtos/threadx/common/src/txe_queue_front_send.o
LOAD ./ra/microsoft/azure-rtos/threadx/common/src/txe_queue_info_get.o
LOAD ./ra/microsoft/azure-rtos/threadx/common/src/txe_queue_prioritize.o
LOAD ./ra/microsoft/azure-rtos/threadx/common/src/txe_queue_receive.o
LOAD ./ra/microsoft/azure-rtos/threadx/common/src/txe_queue_send.o
LOAD ./ra/microsoft/azure-rtos/threadx/common/src/txe_queue_send_notify.o
LOAD ./ra/microsoft/azure-rtos/threadx/common/src/txe_semaphore_ceiling_put.o
LOAD ./ra/microsoft/azure-rtos/threadx/common/src/txe_semaphore_create.o
LOAD ./ra/microsoft/azure-rtos/threadx/common/src/txe_semaphore_delete.o
LOAD ./ra/microsoft/azure-rtos/threadx/common/src/txe_semaphore_get.o
LOAD ./ra/microsoft/azure-rtos/threadx/common/src/txe_semaphore_info_get.o
LOAD ./ra/microsoft/azure-rtos/threadx/common/src/txe_semaphore_prioritize.o
LOAD ./ra/microsoft/azure-rtos/threadx/common/src/txe_semaphore_put.o
LOAD ./ra/microsoft/azure-rtos/threadx/common/src/txe_semaphore_put_notify.o
LOAD ./ra/microsoft/azure-rtos/threadx/common/src/txe_thread_create.o
LOAD ./ra/microsoft/azure-rtos/threadx/common/src/txe_thread_delete.o
LOAD ./ra/microsoft/azure-rtos/threadx/common/src/txe_thread_entry_exit_notify.o
LOAD ./ra/microsoft/azure-rtos/threadx/common/src/txe_thread_info_get.o
LOAD ./ra/microsoft/azure-rtos/threadx/common/src/txe_thread_preemption_change.o
LOAD ./ra/microsoft/azure-rtos/threadx/common/src/txe_thread_priority_change.o
LOAD ./ra/microsoft/azure-rtos/threadx/common/src/txe_thread_relinquish.o
LOAD ./ra/microsoft/azure-rtos/threadx/common/src/txe_thread_reset.o
LOAD ./ra/microsoft/azure-rtos/threadx/common/src/txe_thread_resume.o
LOAD ./ra/microsoft/azure-rtos/threadx/common/src/txe_thread_suspend.o
LOAD ./ra/microsoft/azure-rtos/threadx/common/src/txe_thread_terminate.o
LOAD ./ra/microsoft/azure-rtos/threadx/common/src/txe_thread_time_slice_change.o
LOAD ./ra/microsoft/azure-rtos/threadx/common/src/txe_thread_wait_abort.o
LOAD ./ra/microsoft/azure-rtos/threadx/common/src/txe_timer_activate.o
LOAD ./ra/microsoft/azure-rtos/threadx/common/src/txe_timer_change.o
LOAD ./ra/microsoft/azure-rtos/threadx/common/src/txe_timer_create.o
LOAD ./ra/microsoft/azure-rtos/threadx/common/src/txe_timer_deactivate.o
LOAD ./ra/microsoft/azure-rtos/threadx/common/src/txe_timer_delete.o
LOAD ./ra/microsoft/azure-rtos/threadx/common/src/txe_timer_info_get.o
LOAD ./ra/fsp/src/rm_threadx_port/tx_iar.o
LOAD ./ra/fsp/src/rm_threadx_port/tx_initialize_low_level.o
LOAD ./ra/fsp/src/rm_threadx_port/tx_isr_end.o
LOAD ./ra/fsp/src/rm_threadx_port/tx_isr_start.o
LOAD ./ra/fsp/src/rm_threadx_port/tx_port_wait_thread_ready.o
LOAD ./ra/fsp/src/rm_threadx_port/tx_thread_interrupt_control.o
LOAD ./ra/fsp/src/rm_threadx_port/tx_thread_interrupt_disable.o
LOAD ./ra/fsp/src/rm_threadx_port/tx_thread_interrupt_restore.o
LOAD ./ra/fsp/src/rm_threadx_port/tx_thread_schedule.o
LOAD ./ra/fsp/src/rm_threadx_port/tx_thread_secure_stack_allocate.o
LOAD ./ra/fsp/src/rm_threadx_port/tx_thread_secure_stack_free.o
LOAD ./ra/fsp/src/rm_threadx_port/tx_thread_stack_build.o
LOAD ./ra/fsp/src/rm_threadx_port/tx_thread_system_return.o
LOAD ./ra/fsp/src/rm_threadx_port/tx_timer_interrupt.o
LOAD ./ra/fsp/src/rm_threadx_port/txe_thread_secure_stack_allocate.o
LOAD ./ra/fsp/src/rm_threadx_port/txe_thread_secure_stack_free.o
LOAD ./ra/fsp/src/r_ioport/r_ioport.o
LOAD ./ra/fsp/src/bsp/mcu/all/bsp_clocks.o
LOAD ./ra/fsp/src/bsp/mcu/all/bsp_common.o
LOAD ./ra/fsp/src/bsp/mcu/all/bsp_delay.o
LOAD ./ra/fsp/src/bsp/mcu/all/bsp_group_irq.o
LOAD ./ra/fsp/src/bsp/mcu/all/bsp_guard.o
LOAD ./ra/fsp/src/bsp/mcu/all/bsp_io.o
LOAD ./ra/fsp/src/bsp/mcu/all/bsp_irq.o
LOAD ./ra/fsp/src/bsp/mcu/all/bsp_register_protection.o
LOAD ./ra/fsp/src/bsp/mcu/all/bsp_rom_registers.o
LOAD ./ra/fsp/src/bsp/mcu/all/bsp_sbrk.o
LOAD ./ra/fsp/src/bsp/mcu/all/bsp_security.o
LOAD ./ra/fsp/src/bsp/cmsis/Device/RENESAS/Source/startup.o
LOAD ./ra/fsp/src/bsp/cmsis/Device/RENESAS/Source/system.o
LOAD ./ra/board/ra6m4_ek/board_init.o
LOAD ./ra/board/ra6m4_ek/board_leds.o
END GROUP
START GROUP
LOAD n:/renesas/ra/e2studio_v2023-04_fsp_v4.5.0/toolchains/gcc_arm/gcc-arm-none-eabi-10.3-2021.10/bin/../lib/gcc/arm-none-eabi/10.3.1/thumb/v8-m.main+fp/hard\libgcc.a
LOAD n:/renesas/ra/e2studio_v2023-04_fsp_v4.5.0/toolchains/gcc_arm/gcc-arm-none-eabi-10.3-2021.10/bin/../lib/gcc/arm-none-eabi/10.3.1/../../../../arm-none-eabi/lib/thumb/v8-m.main+fp/hard\libg_nano.a
LOAD n:/renesas/ra/e2studio_v2023-04_fsp_v4.5.0/toolchains/gcc_arm/gcc-arm-none-eabi-10.3-2021.10/bin/../lib/gcc/arm-none-eabi/10.3.1/../../../../arm-none-eabi/lib/thumb/v8-m.main+fp/hard\libc_nano.a
END GROUP
START GROUP
LOAD n:/renesas/ra/e2studio_v2023-04_fsp_v4.5.0/toolchains/gcc_arm/gcc-arm-none-eabi-10.3-2021.10/bin/../lib/gcc/arm-none-eabi/10.3.1/thumb/v8-m.main+fp/hard\libgcc.a
LOAD n:/renesas/ra/e2studio_v2023-04_fsp_v4.5.0/toolchains/gcc_arm/gcc-arm-none-eabi-10.3-2021.10/bin/../lib/gcc/arm-none-eabi/10.3.1/../../../../arm-none-eabi/lib/thumb/v8-m.main+fp/hard\libc_nano.a
LOAD n:/renesas/ra/e2studio_v2023-04_fsp_v4.5.0/toolchains/gcc_arm/gcc-arm-none-eabi-10.3-2021.10/bin/../lib/gcc/arm-none-eabi/10.3.1/../../../../arm-none-eabi/lib/thumb/v8-m.main+fp/hard\librdimon_nano.a
END GROUP
START GROUP
LOAD n:/renesas/ra/e2studio_v2023-04_fsp_v4.5.0/toolchains/gcc_arm/gcc-arm-none-eabi-10.3-2021.10/bin/../lib/gcc/arm-none-eabi/10.3.1/thumb/v8-m.main+fp/hard\libgcc.a
LOAD n:/renesas/ra/e2studio_v2023-04_fsp_v4.5.0/toolchains/gcc_arm/gcc-arm-none-eabi-10.3-2021.10/bin/../lib/gcc/arm-none-eabi/10.3.1/../../../../arm-none-eabi/lib/thumb/v8-m.main+fp/hard\libc_nano.a
LOAD n:/renesas/ra/e2studio_v2023-04_fsp_v4.5.0/toolchains/gcc_arm/gcc-arm-none-eabi-10.3-2021.10/bin/../lib/gcc/arm-none-eabi/10.3.1/../../../../arm-none-eabi/lib/thumb/v8-m.main+fp/hard\librdimon_nano.a
END GROUP
LOAD n:/renesas/ra/e2studio_v2023-04_fsp_v4.5.0/toolchains/gcc_arm/gcc-arm-none-eabi-10.3-2021.10/bin/../lib/gcc/arm-none-eabi/10.3.1/thumb/v8-m.main+fp/hard/crtend.o
LOAD n:/renesas/ra/e2studio_v2023-04_fsp_v4.5.0/toolchains/gcc_arm/gcc-arm-none-eabi-10.3-2021.10/bin/../lib/gcc/arm-none-eabi/10.3.1/thumb/v8-m.main+fp/hard/crtn.o
                0x20000000                RAM_START = 0x20000000
                0x00040000                RAM_LENGTH = 0x40000
                0x00000000                FLASH_START = 0x0
                0x00100000                FLASH_LENGTH = 0x100000
                0x08000000                DATA_FLASH_START = 0x8000000
                0x00002000                DATA_FLASH_LENGTH = 0x2000
                0x0100a100                OPTION_SETTING_START = 0x100a100
                0x00000100                OPTION_SETTING_LENGTH = 0x100
                0x0100a200                OPTION_SETTING_S_START = 0x100a200
                0x00000100                OPTION_SETTING_S_LENGTH = 0x100
                0x00000000                ID_CODE_START = 0x0
                0x00000000                ID_CODE_LENGTH = 0x0
                0x80010000                SDRAM_START = 0x80010000
                0x00000000                SDRAM_LENGTH = 0x0
                0x60000000                QSPI_FLASH_START = 0x60000000
                0x04000000                QSPI_FLASH_LENGTH = 0x4000000
                0x68000000                OSPI_DEVICE_0_START = 0x68000000
                0x08000000                OSPI_DEVICE_0_LENGTH = 0x8000000
                0x70000000                OSPI_DEVICE_1_START = 0x70000000
                0x10000000                OSPI_DEVICE_1_LENGTH = 0x10000000
                0x04000000                QSPI_FLASH_PRV_LENGTH = DEFINED (QSPI_FLASH_SIZE)?ABSOLUTE (QSPI_FLASH_SIZE):ABSOLUTE (QSPI_FLASH_LENGTH)
                0x08000000                OSPI_DEVICE_0_PRV_LENGTH = DEFINED (OSPI_DEVICE_0_SIZE)?ABSOLUTE (OSPI_DEVICE_0_SIZE):ABSOLUTE (OSPI_DEVICE_0_LENGTH)
                0x10000000                OSPI_DEVICE_1_PRV_LENGTH = DEFINED (OSPI_DEVICE_1_SIZE)?ABSOLUTE (OSPI_DEVICE_1_SIZE):ABSOLUTE (OSPI_DEVICE_1_LENGTH)
                0x00000000                __RESERVE_NS_RAM = ((! (DEFINED (PROJECT_NONSECURE)) && DEFINED (RAM_NS_BUFFER_LENGTH)) && (OPTION_SETTING_S_LENGTH != 0x0))
                0x00000000                ITCM_START = DEFINED (ITCM_START)?ITCM_START:0x0
                0x00000000                ITCM_LENGTH = DEFINED (ITCM_LENGTH)?ITCM_LENGTH:0x0
                0x00000000                DTCM_START = DEFINED (DTCM_START)?DTCM_START:0x0
                0x00000000                DTCM_LENGTH = DEFINED (DTCM_LENGTH)?DTCM_LENGTH:0x0
                0x00000000                NS_OFFSET_START = DEFINED (NS_OFFSET_START)?NS_OFFSET_START:0x0
                0x00000000                NS_IMAGE_OFFSET = DEFINED (PROJECT_NONSECURE)?NS_OFFSET_START:0x0
                0x00000000                RAM_NS_BUFFER_BLOCK_LENGTH = DEFINED (RAM_NS_BUFFER_LENGTH)?ALIGN (RAM_NS_BUFFER_LENGTH, 0x2000):0x0
                0x00000000                RAM_NS_BUFFER_LENGTH = DEFINED (RAM_NS_BUFFER_LENGTH)?RAM_NS_BUFFER_LENGTH:0x0
                0x20040000                RAM_NS_BUFFER_START = ((RAM_START + RAM_LENGTH) - RAM_NS_BUFFER_LENGTH)
                0x20040000                RAM_NS_BUFFER_BLOCK_START = ((RAM_START + RAM_LENGTH) - RAM_NS_BUFFER_BLOCK_LENGTH)
                0x0100a180                OPTION_SETTING_START_NS = DEFINED (PROJECT_NONSECURE)?OPTION_SETTING_START:(OPTION_SETTING_START + 0x80)
                0x00000001                __bl_FSP_BOOTABLE_IMAGE = 0x1
                0x00000001                __bln_FSP_BOOTABLE_IMAGE = 0x1
                0x00000001                PROJECT_SECURE_OR_FLAT = (((! (DEFINED (PROJECT_NONSECURE)) || DEFINED (PROJECT_SECURE)) && OPTION_SETTING_LENGTH) && ! (DEFINED (FSP_BOOTABLE_IMAGE)))
                0x00000000                USE_OPTION_SETTING_NS = (DEFINED (PROJECT_NONSECURE) && ! (DEFINED (FSP_BOOTABLE_IMAGE)))
                0x00000000                __bl_FLASH_IMAGE_START = ! (DEFINED (FLASH_BOOTLOADER_LENGTH))?0x0:(FLASH_APPLICATION_IMAGE_NUMBER == 0x1)?(FLASH_BOOTLOADER_LENGTH + FLASH_BOOTLOADER_HEADER_LENGTH):(((FLASH_BOOTLOADER_LENGTH + FLASH_BOOTLOADER_SCRATCH_LENGTH) + FLASH_APPLICATION_S_LENGTH) + FLASH_BOOTLOADER_HEADER_LENGTH)
                0x00000000                __bl_FLASH_IMAGE_LENGTH = ! (DEFINED (FLASH_BOOTLOADER_LENGTH))?0x0:(FLASH_APPLICATION_S_LENGTH - FLASH_BOOTLOADER_HEADER_LENGTH)
                0x00000000                __bl_FLASH_IMAGE_END = (__bl_FLASH_IMAGE_START + __bl_FLASH_IMAGE_LENGTH)
                0x00000000                __bl_XIP_SECONDARY_FLASH_IMAGE_START = ! (DEFINED (FLASH_BOOTLOADER_LENGTH))?0x0:((FLASH_BOOTLOADER_LENGTH + FLASH_APPLICATION_S_LENGTH) + FLASH_BOOTLOADER_HEADER_LENGTH)
                0x00000000                __bl_XIP_SECONDARY_FLASH_IMAGE_END = (__bl_XIP_SECONDARY_FLASH_IMAGE_START + __bl_FLASH_IMAGE_LENGTH)
                0x00000000                __bl_FLASH_NS_START = ! (DEFINED (FLASH_BOOTLOADER_LENGTH))?0x0:(FLASH_APPLICATION_NS_LENGTH == 0x0)?__bl_FLASH_IMAGE_END:((__bl_FLASH_IMAGE_START - FLASH_BOOTLOADER_HEADER_LENGTH) + FLASH_APPLICATION_S_LENGTH)
                0x00000000                __bl_FLASH_NSC_START = ! (DEFINED (FLASH_BOOTLOADER_LENGTH))?0x0:(FLASH_APPLICATION_NS_LENGTH == 0x0)?__bl_FLASH_IMAGE_END:(__bl_FLASH_NS_START - FLASH_APPLICATION_NSC_LENGTH)
                0x00000000                __bl_RAM_NS_START = ! (DEFINED (FLASH_BOOTLOADER_LENGTH))?0x0:(FLASH_APPLICATION_NS_LENGTH == 0x0)?(RAM_START + RAM_LENGTH):((RAM_START + RAM_LENGTH) - RAM_APPLICATION_NS_LENGTH)
                0x00000000                __bl_RAM_NSC_START = ! (DEFINED (FLASH_BOOTLOADER_LENGTH))?0x0:(FLASH_APPLICATION_NS_LENGTH == 0x0)?(RAM_START + RAM_LENGTH):(__bl_RAM_NS_START - RAM_APPLICATION_NSC_LENGTH)
                0x00000000                __bl_FLASH_NS_IMAGE_START = ! (DEFINED (FLASH_BOOTLOADER_LENGTH))?0x0:(FLASH_APPLICATION_NS_LENGTH == 0x0)?__bl_FLASH_IMAGE_END:(__bl_FLASH_NS_START + FLASH_BOOTLOADER_HEADER_LENGTH_2)
                0x00000000                __bln_FLASH_IMAGE_START = __bl_FLASH_NS_IMAGE_START
                0x00000000                __bln_FLASH_IMAGE_LENGTH = ! (DEFINED (FLASH_BOOTLOADER_LENGTH))?0x0:(FLASH_APPLICATION_NS_LENGTH == 0x0)?__bl_FLASH_IMAGE_END:(FLASH_APPLICATION_NS_LENGTH - FLASH_BOOTLOADER_HEADER_LENGTH_2)
                0x00000000                XIP_SECONDARY_SLOT_IMAGE = DEFINED (XIP_SECONDARY_SLOT_IMAGE)?XIP_SECONDARY_SLOT_IMAGE:0x0
                0x00000000                FLASH_ORIGIN = ! (DEFINED (FLASH_IMAGE_START))?FLASH_START:(XIP_SECONDARY_SLOT_IMAGE == 0x1)?XIP_SECONDARY_FLASH_IMAGE_START:FLASH_IMAGE_START
                0x00100000                LIMITED_FLASH_LENGTH = DEFINED (FLASH_IMAGE_LENGTH)?FLASH_IMAGE_LENGTH:DEFINED (FLASH_BOOTLOADER_LENGTH)?FLASH_BOOTLOADER_LENGTH:FLASH_LENGTH
START GROUP
LOAD n:/renesas/ra/e2studio_v2023-04_fsp_v4.5.0/toolchains/gcc_arm/gcc-arm-none-eabi-10.3-2021.10/bin/../lib/gcc/arm-none-eabi/10.3.1/thumb/v8-m.main+fp/hard\libgcc.a
LOAD n:/renesas/ra/e2studio_v2023-04_fsp_v4.5.0/toolchains/gcc_arm/gcc-arm-none-eabi-10.3-2021.10/bin/../lib/gcc/arm-none-eabi/10.3.1/../../../../arm-none-eabi/lib/thumb/v8-m.main+fp/hard\libc.a
LOAD n:/renesas/ra/e2studio_v2023-04_fsp_v4.5.0/toolchains/gcc_arm/gcc-arm-none-eabi-10.3-2021.10/bin/../lib/gcc/arm-none-eabi/10.3.1/../../../../arm-none-eabi/lib/thumb/v8-m.main+fp/hard\libm.a
LOAD n:/renesas/ra/e2studio_v2023-04_fsp_v4.5.0/toolchains/gcc_arm/gcc-arm-none-eabi-10.3-2021.10/bin/../lib/gcc/arm-none-eabi/10.3.1/../../../../arm-none-eabi/lib/thumb/v8-m.main+fp/hard\libnosys.a
END GROUP

.itcm_data      0x00000000        0x0
                0x00000000                __tz_ITCM_S = ABSOLUTE (ITCM_START)
                0x00000000                __itcm_data_start__ = .
 *(.itcm_data*)
                0x00000000                __itcm_data_end__ = .
                0x00000000                __tz_ITCM_N = DEFINED (ITCM_NS_START)?ABSOLUTE (ITCM_NS_START):ALIGN (__itcm_data_end__, 0x2000)

.text           0x00000000     0x914c
                0x00000000                __tz_FLASH_S = ABSOLUTE (FLASH_START)
                0x00000000                __ROM_Start = .
 *(.fixed_vectors*)
 .fixed_vectors
                0x00000000       0x40 ./ra/fsp/src/bsp/cmsis/Device/RENESAS/Source/startup.o
                0x00000000                __Vectors
 *(.application_vectors*)
                0x00000040                __Vectors_End = .
                0x00000040                . = (OPTION_SETTING_LENGTH > 0x0)?.:(__ROM_Start + 0x400)
 *(.rom_registers*)
                0x00000040                . = (OPTION_SETTING_LENGTH > 0x0)?.:(__ROM_Start + 0x500)
                0x00000080                . = ALIGN (0x80)
 *fill*         0x00000040       0x40 ff
 *(.mcuboot_sce9_key*)
 *(.text*)
 .text          0x00000080       0x40 n:/renesas/ra/e2studio_v2023-04_fsp_v4.5.0/toolchains/gcc_arm/gcc-arm-none-eabi-10.3-2021.10/bin/../lib/gcc/arm-none-eabi/10.3.1/thumb/v8-m.main+fp/hard/crtbegin.o
 .text.SF_CONSOLE_Open
                0x000000c0       0x78 ./src/sf_console/sf_console.o
                0x000000c0                SF_CONSOLE_Open
 .text.SF_CONSOLE_Close
                0x00000138       0x34 ./src/sf_console/sf_console.o
                0x00000138                SF_CONSOLE_Close
 .text.SF_CONSOLE_Parse
                0x0000016c      0x114 ./src/sf_console/sf_console.o
                0x0000016c                SF_CONSOLE_Parse
 .text.SF_CONSOLE_Prompt
                0x00000280      0x108 ./src/sf_console/sf_console.o
                0x00000280                SF_CONSOLE_Prompt
 .text.SF_CONSOLE_Read
                0x00000388       0x5e ./src/sf_console/sf_console.o
                0x00000388                SF_CONSOLE_Read
 .text.SF_CONSOLE_Write
                0x000003e6       0x58 ./src/sf_console/sf_console.o
                0x000003e6                SF_CONSOLE_Write
 *fill*         0x0000043e        0x2 ff
 .text.SF_CONSOLE_ArgumentFind
                0x00000440       0xf0 ./src/sf_console/sf_console.o
                0x00000440                SF_CONSOLE_ArgumentFind
 .text.SF_CONSOLE_CallbackNextMenu
                0x00000530       0x3e ./src/sf_console/sf_console.o
                0x00000530                SF_CONSOLE_CallbackNextMenu
 *fill*         0x0000056e        0x2 ff
 .text.check_for_match
                0x00000570       0xb0 ./src/sf_console/sf_console.o
 .text.delete_char
                0x00000620       0xd8 ./src/sf_console/sf_console.o
 .text.insert_char
                0x000006f8       0xb6 ./src/sf_console/sf_console.o
 .text.move_cursor
                0x000007ae       0x5e ./src/sf_console/sf_console.o
 .text.print_help_menu
                0x0000080c      0x19c ./src/sf_console/sf_console.o
 .text.sf_console_continue_parsing
                0x000009a8       0x74 ./src/sf_console/sf_console.o
 .text.sf_console_call_callback
                0x00000a1c       0x7a ./src/sf_console/sf_console.o
 .text.sf_console_read_process_up_arrow
                0x00000a96       0x86 ./src/sf_console/sf_console.o
 .text.sf_console_read_process_escape
                0x00000b1c       0xce ./src/sf_console/sf_console.o
 *fill*         0x00000bea        0x2 ff
 .text.sf_console_read_process_backspace
                0x00000bec       0x5c ./src/sf_console/sf_console.o
 .text.sf_console_read_process_new_line
                0x00000c48       0x60 ./src/sf_console/sf_console.o
 .text.sf_console_read_process_byte
                0x00000ca8      0x134 ./src/sf_console/sf_console.o
 .text.sf_console_read_main
                0x00000ddc       0xc8 ./src/sf_console/sf_console.o
 .text.check_for_overflow
                0x00000ea4       0x46 ./src/sf_console/sf_console.o
 .text.SF_RTT_COMMS_Open
                0x00000eea       0x1c ./src/sf_console/sf_rtt_comms.o
                0x00000eea                SF_RTT_COMMS_Open
 .text.SF_RTT_COMMS_Close
                0x00000f06       0x1a ./src/sf_console/sf_rtt_comms.o
                0x00000f06                SF_RTT_COMMS_Close
 .text.SF_RTT_COMMS_Read
                0x00000f20       0x70 ./src/sf_console/sf_rtt_comms.o
                0x00000f20                SF_RTT_COMMS_Read
 .text.SF_RTT_COMMS_Write
                0x00000f90       0x68 ./src/sf_console/sf_rtt_comms.o
                0x00000f90                SF_RTT_COMMS_Write
 .text.SF_RTT_COMMS_Lock
                0x00000ff8       0x20 ./src/sf_console/sf_rtt_comms.o
                0x00000ff8                SF_RTT_COMMS_Lock
 .text.SF_RTT_COMMS_Unlock
                0x00001018       0x1e ./src/sf_console/sf_rtt_comms.o
                0x00001018                SF_RTT_COMMS_Unlock
 *fill*         0x00001036        0x2 ff
 .text._DoInit  0x00001038       0xb0 ./src/SEGGER/SEGGER_RTT.o
 .text._WriteBlocking
                0x000010e8       0xba ./src/SEGGER/SEGGER_RTT.o
 .text._WriteNoCheck
                0x000011a2       0x90 ./src/SEGGER/SEGGER_RTT.o
 .text._GetAvailWriteSpace
                0x00001232       0x46 ./src/SEGGER/SEGGER_RTT.o
 .text.SEGGER_RTT_ReadNoLock
                0x00001278      0x10c ./src/SEGGER/SEGGER_RTT.o
                0x00001278                SEGGER_RTT_ReadNoLock
 .text.SEGGER_RTT_Read
                0x00001384       0x36 ./src/SEGGER/SEGGER_RTT.o
                0x00001384                SEGGER_RTT_Read
 *fill*         0x000013ba        0x2 ff
 .text.SEGGER_RTT_WriteNoLock
                0x000013bc       0xa0 ./src/SEGGER/SEGGER_RTT.o
                0x000013bc                SEGGER_RTT_WriteNoLock
 .text.SEGGER_RTT_Write
                0x0000145c       0x4c ./src/SEGGER/SEGGER_RTT.o
                0x0000145c                SEGGER_RTT_Write
 .text.SEGGER_RTT_PutChar
                0x000014a8       0xac ./src/SEGGER/SEGGER_RTT.o
                0x000014a8                SEGGER_RTT_PutChar
 .text.SEGGER_RTT_GetKey
                0x00001554       0x36 ./src/SEGGER/SEGGER_RTT.o
                0x00001554                SEGGER_RTT_GetKey
 .text._StoreChar
                0x0000158a       0x7c ./src/SEGGER/SEGGER_RTT_printf.o
 *fill*         0x00001606        0x2 ff
 .text._PrintUnsigned
                0x00001608      0x15c ./src/SEGGER/SEGGER_RTT_printf.o
 .text._PrintInt
                0x00001764      0x14e ./src/SEGGER/SEGGER_RTT_printf.o
 *fill*         0x000018b2        0x2 ff
 .text.SEGGER_RTT_vprintf
                0x000018b4      0x3a8 ./src/SEGGER/SEGGER_RTT_printf.o
                0x000018b4                SEGGER_RTT_vprintf
 .text.SEGGER_RTT_printf
                0x00001c5c       0x30 ./src/SEGGER/SEGGER_RTT_printf.o
                0x00001c5c                SEGGER_RTT_printf
 .text.application_define
                0x00001c8c       0xac ./src/application.o
                0x00001c8c                application_define
 .text.application_get_status
                0x00001d38       0x24 ./src/application.o
                0x00001d38                application_get_status
 .text.application_thread_entry
                0x00001d5c       0x90 ./src/application.o
                0x00001d5c                application_thread_entry
 .text.blinky_thread_entry
                0x00001dec        0xe ./src/blinky_thread_entry.o
                0x00001dec                blinky_thread_entry
 *fill*         0x00001dfa        0x2 ff
 .text.console_define
                0x00001dfc      0x270 ./src/console.o
                0x00001dfc                console_define
 .text.console_get_status
                0x0000206c       0x24 ./src/console.o
                0x0000206c                console_get_status
 .text.console_thread_entry
                0x00002090       0xb0 ./src/console.o
                0x00002090                console_thread_entry
 .text.feature_start_callback
                0x00002140       0x30 ./src/console_callbacks.o
                0x00002140                feature_start_callback
 .text.feature_status_callback
                0x00002170       0xa4 ./src/console_callbacks.o
                0x00002170                feature_status_callback
 *fill*         0x00002214        0x4 ff
 .text.custom_code_callback
                0x00002218      0x194 ./src/console_callbacks.o
                0x00002218                custom_code_callback
 .text.R_BSP_WarmStart
                0x000023ac       0x2c ./src/hal_entry.o
                0x000023ac                R_BSP_WarmStart
 .text.tx_application_define_user
                0x000023d8       0x7c ./src/hal_entry.o
                0x000023d8                tx_application_define_user
 .text.blinky_thread_create
                0x00002454       0x68 ./ra_gen/blinky_thread.o
                0x00002454                blinky_thread_create
 .text.blinky_thread_func
                0x000024bc       0x18 ./ra_gen/blinky_thread.o
 .text.g_common_init
                0x000024d4        0xe ./ra_gen/common_data.o
                0x000024d4                g_common_init
 .text.g_hal_init
                0x000024e2        0xc ./ra_gen/hal_data.o
                0x000024e2                g_hal_init
 *fill*         0x000024ee        0x2 ff
 .text.tx_application_define
                0x000024f0       0x54 ./ra_gen/main.o
                0x000024f0                tx_application_define
 .text.tx_startup_err_callback_internal
                0x00002544       0x18 ./ra_gen/main.o
                0x00002544                tx_startup_err_callback_internal
                0x00002544                tx_startup_err_callback
 .text.tx_startup_common_init
                0x0000255c       0x80 ./ra_gen/main.o
                0x0000255c                tx_startup_common_init
 .text.main     0x000025dc        0xe ./ra_gen/main.o
                0x000025dc                main
 *fill*         0x000025ea        0x2 ff
 .text._tx_byte_allocate
                0x000025ec      0x188 ./ra/microsoft/azure-rtos/threadx/common/src/tx_byte_allocate.o
                0x000025ec                _tx_byte_allocate
 .text._tx_byte_pool_cleanup
                0x00002774       0xf4 ./ra/microsoft/azure-rtos/threadx/common/src/tx_byte_pool_cleanup.o
                0x00002774                _tx_byte_pool_cleanup
 .text._tx_byte_pool_create
                0x00002868      0x12c ./ra/microsoft/azure-rtos/threadx/common/src/tx_byte_pool_create.o
                0x00002868                _tx_byte_pool_create
 .text._tx_byte_pool_search
                0x00002994      0x218 ./ra/microsoft/azure-rtos/threadx/common/src/tx_byte_pool_search.o
                0x00002994                _tx_byte_pool_search
 .text._tx_initialize_high_level
                0x00002bac       0x10 ./ra/microsoft/azure-rtos/threadx/common/src/tx_initialize_high_level.o
                0x00002bac                _tx_initialize_high_level
 .text._tx_initialize_kernel_enter
                0x00002bbc       0x54 ./ra/microsoft/azure-rtos/threadx/common/src/tx_initialize_kernel_enter.o
                0x00002bbc                _tx_initialize_kernel_enter
 .text._tx_semaphore_cleanup
                0x00002c10       0xf4 ./ra/microsoft/azure-rtos/threadx/common/src/tx_semaphore_cleanup.o
                0x00002c10                _tx_semaphore_cleanup
 .text._tx_semaphore_create
                0x00002d04       0xa4 ./ra/microsoft/azure-rtos/threadx/common/src/tx_semaphore_create.o
                0x00002d04                _tx_semaphore_create
 .text._tx_semaphore_get
                0x00002da8      0x124 ./ra/microsoft/azure-rtos/threadx/common/src/tx_semaphore_get.o
                0x00002da8                _tx_semaphore_get
 .text._tx_semaphore_put
                0x00002ecc       0xb0 ./ra/microsoft/azure-rtos/threadx/common/src/tx_semaphore_put.o
                0x00002ecc                _tx_semaphore_put
 .text._tx_thread_create
                0x00002f7c      0x1e8 ./ra/microsoft/azure-rtos/threadx/common/src/tx_thread_create.o
                0x00002f7c                _tx_thread_create
 .text._tx_thread_initialize
                0x00003164       0x28 ./ra/microsoft/azure-rtos/threadx/common/src/tx_thread_initialize.o
                0x00003164                _tx_thread_initialize
 .text._tx_thread_shell_entry
                0x0000318c       0x9c ./ra/microsoft/azure-rtos/threadx/common/src/tx_thread_shell_entry.o
                0x0000318c                _tx_thread_shell_entry
 .text._tx_thread_sleep
                0x00003228       0xe0 ./ra/microsoft/azure-rtos/threadx/common/src/tx_thread_sleep.o
                0x00003228                _tx_thread_sleep
 .text._tx_thread_system_return_inline
                0x00003308       0x44 ./ra/microsoft/azure-rtos/threadx/common/src/tx_thread_system_preempt_check.o
 .text._tx_thread_system_preempt_check
                0x0000334c       0x40 ./ra/microsoft/azure-rtos/threadx/common/src/tx_thread_system_preempt_check.o
                0x0000334c                _tx_thread_system_preempt_check
 .text._tx_thread_system_return_inline
                0x0000338c       0x44 ./ra/microsoft/azure-rtos/threadx/common/src/tx_thread_system_resume.o
 .text._tx_thread_system_resume
                0x000033d0      0x19c ./ra/microsoft/azure-rtos/threadx/common/src/tx_thread_system_resume.o
                0x000033d0                _tx_thread_system_resume
 .text._tx_thread_system_return_inline
                0x0000356c       0x44 ./ra/microsoft/azure-rtos/threadx/common/src/tx_thread_system_suspend.o
 .text._tx_thread_system_suspend
                0x000035b0      0x1b8 ./ra/microsoft/azure-rtos/threadx/common/src/tx_thread_system_suspend.o
                0x000035b0                _tx_thread_system_suspend
 .text._tx_thread_time_slice
                0x00003768       0xa0 ./ra/microsoft/azure-rtos/threadx/common/src/tx_thread_time_slice.o
                0x00003768                _tx_thread_time_slice
 .text._tx_thread_timeout
                0x00003808       0x74 ./ra/microsoft/azure-rtos/threadx/common/src/tx_thread_timeout.o
                0x00003808                _tx_thread_timeout
 .text._tx_time_get
                0x0000387c       0x38 ./ra/microsoft/azure-rtos/threadx/common/src/tx_time_get.o
                0x0000387c                _tx_time_get
 .text._tx_timer_expiration_process
                0x000038b4      0x1ac ./ra/microsoft/azure-rtos/threadx/common/src/tx_timer_expiration_process.o
                0x000038b4                _tx_timer_expiration_process
 .text._tx_timer_initialize
                0x00003a60       0x48 ./ra/microsoft/azure-rtos/threadx/common/src/tx_timer_initialize.o
                0x00003a60                _tx_timer_initialize
 .text._tx_timer_system_activate
                0x00003aa8       0xc4 ./ra/microsoft/azure-rtos/threadx/common/src/tx_timer_system_activate.o
                0x00003aa8                _tx_timer_system_activate
 .text._tx_timer_system_deactivate
                0x00003b6c       0x6e ./ra/microsoft/azure-rtos/threadx/common/src/tx_timer_system_deactivate.o
                0x00003b6c                _tx_timer_system_deactivate
 *fill*         0x00003bda        0x2 ff
 .text._txe_byte_allocate
                0x00003bdc       0xc8 ./ra/microsoft/azure-rtos/threadx/common/src/txe_byte_allocate.o
                0x00003bdc                _txe_byte_allocate
 .text._txe_byte_pool_create
                0x00003ca4      0x124 ./ra/microsoft/azure-rtos/threadx/common/src/txe_byte_pool_create.o
                0x00003ca4                _txe_byte_pool_create
 .text._txe_semaphore_create
                0x00003dc8      0x10c ./ra/microsoft/azure-rtos/threadx/common/src/txe_semaphore_create.o
                0x00003dc8                _txe_semaphore_create
 .text._txe_semaphore_get
                0x00003ed4       0x68 ./ra/microsoft/azure-rtos/threadx/common/src/txe_semaphore_get.o
                0x00003ed4                _txe_semaphore_get
 .text._txe_semaphore_put
                0x00003f3c       0x3c ./ra/microsoft/azure-rtos/threadx/common/src/txe_semaphore_put.o
                0x00003f3c                _txe_semaphore_put
 .text._txe_thread_create
                0x00003f78      0x1c8 ./ra/microsoft/azure-rtos/threadx/common/src/txe_thread_create.o
                0x00003f78                _txe_thread_create
 .text.__NVIC_SetPriority
                0x00004140       0x54 ./ra/fsp/src/rm_threadx_port/tx_initialize_low_level.o
 .text.SysTick_Config
                0x00004194       0x44 ./ra/fsp/src/rm_threadx_port/tx_initialize_low_level.o
 .text._tx_initialize_low_level
                0x000041d8       0x74 ./ra/fsp/src/rm_threadx_port/tx_initialize_low_level.o
                0x000041d8                _tx_initialize_low_level
 .text._tx_port_wait_thread_ready
                0x0000424c       0xd4 ./ra/fsp/src/rm_threadx_port/tx_port_wait_thread_ready.o
                0x0000424c                _tx_port_wait_thread_ready
 .text._tx_thread_schedule
                0x00004320       0x2c ./ra/fsp/src/rm_threadx_port/tx_thread_schedule.o
                0x00004320                _tx_thread_schedule
 .text.PendSV_Handler
                0x0000434c       0x80 ./ra/fsp/src/rm_threadx_port/tx_thread_schedule.o
                0x0000434c                PendSV_Handler
 .text.SysTick_Handler
                0x000043cc        0xc ./ra/fsp/src/rm_threadx_port/tx_thread_schedule.o
                0x000043cc                SysTick_Handler
 .text._tx_thread_stack_build
                0x000043d8       0x62 ./ra/fsp/src/rm_threadx_port/tx_thread_stack_build.o
                0x000043d8                _tx_thread_stack_build
 *fill*         0x0000443a        0x2 ff
 .text._tx_timer_interrupt
                0x0000443c       0xdc ./ra/fsp/src/rm_threadx_port/tx_timer_interrupt.o
                0x0000443c                _tx_timer_interrupt
 .text.R_BSP_PinRead
                0x00004518       0x38 ./ra/fsp/src/r_ioport/r_ioport.o
 .text.R_BSP_PinAccessEnable
                0x00004550       0x60 ./ra/fsp/src/r_ioport/r_ioport.o
 .text.R_BSP_PinAccessDisable
                0x000045b0       0x68 ./ra/fsp/src/r_ioport/r_ioport.o
 .text.R_IOPORT_Open
                0x00004618       0x28 ./ra/fsp/src/r_ioport/r_ioport.o
                0x00004618                R_IOPORT_Open
 .text.R_IOPORT_Close
                0x00004640       0x20 ./ra/fsp/src/r_ioport/r_ioport.o
                0x00004640                R_IOPORT_Close
 .text.R_IOPORT_PinsCfg
                0x00004660       0x1a ./ra/fsp/src/r_ioport/r_ioport.o
                0x00004660                R_IOPORT_PinsCfg
 .text.R_IOPORT_PinCfg
                0x0000467a       0x46 ./ra/fsp/src/r_ioport/r_ioport.o
                0x0000467a                R_IOPORT_PinCfg
 .text.R_IOPORT_PinRead
                0x000046c0       0x28 ./ra/fsp/src/r_ioport/r_ioport.o
                0x000046c0                R_IOPORT_PinRead
 .text.R_IOPORT_PortRead
                0x000046e8       0x3a ./ra/fsp/src/r_ioport/r_ioport.o
                0x000046e8                R_IOPORT_PortRead
 .text.R_IOPORT_PortWrite
                0x00004722       0x62 ./ra/fsp/src/r_ioport/r_ioport.o
                0x00004722                R_IOPORT_PortWrite
 .text.R_IOPORT_PinWrite
                0x00004784       0x6e ./ra/fsp/src/r_ioport/r_ioport.o
                0x00004784                R_IOPORT_PinWrite
 .text.R_IOPORT_PortDirectionSet
                0x000047f2       0x72 ./ra/fsp/src/r_ioport/r_ioport.o
                0x000047f2                R_IOPORT_PortDirectionSet
 .text.R_IOPORT_PortEventInputRead
                0x00004864       0x3e ./ra/fsp/src/r_ioport/r_ioport.o
                0x00004864                R_IOPORT_PortEventInputRead
 .text.R_IOPORT_PinEventInputRead
                0x000048a2       0x62 ./ra/fsp/src/r_ioport/r_ioport.o
                0x000048a2                R_IOPORT_PinEventInputRead
 .text.R_IOPORT_PortEventOutputWrite
                0x00004904       0x62 ./ra/fsp/src/r_ioport/r_ioport.o
                0x00004904                R_IOPORT_PortEventOutputWrite
 .text.R_IOPORT_PinEventOutputWrite
                0x00004966       0x5e ./ra/fsp/src/r_ioport/r_ioport.o
                0x00004966                R_IOPORT_PinEventOutputWrite
 .text.r_ioport_pins_config
                0x000049c4       0x56 ./ra/fsp/src/r_ioport/r_ioport.o
 .text.r_ioport_hw_pin_event_output_data_write
                0x00004a1a       0x88 ./ra/fsp/src/r_ioport/r_ioport.o
 *fill*         0x00004aa2        0x2 ff
 .text.r_ioport_pfs_write
                0x00004aa4       0x78 ./ra/fsp/src/r_ioport/r_ioport.o
 .text.bsp_vbatt_init
                0x00004b1c      0x108 ./ra/fsp/src/r_ioport/r_ioport.o
 .text.R_BSP_FlashCacheEnable
                0x00004c24       0x40 ./ra/fsp/src/bsp/mcu/all/bsp_clocks.o
 .text.SystemCoreClockUpdate
                0x00004c64       0x40 ./ra/fsp/src/bsp/mcu/all/bsp_clocks.o
                0x00004c64                SystemCoreClockUpdate
 .text.bsp_prv_clock_set_hard_reset
                0x00004ca4       0x30 ./ra/fsp/src/bsp/mcu/all/bsp_clocks.o
 .text.bsp_clock_freq_var_init
                0x00004cd4       0x48 ./ra/fsp/src/bsp/mcu/all/bsp_clocks.o
 .text.bsp_clock_init
                0x00004d1c      0x100 ./ra/fsp/src/bsp/mcu/all/bsp_clocks.o
                0x00004d1c                bsp_clock_init
 .text.R_BSP_Init_RTC
                0x00004e1c       0x74 ./ra/fsp/src/bsp/mcu/all/bsp_clocks.o
                0x00004e1c                R_BSP_Init_RTC
 .text.__assert_func
                0x00004e90       0x12 ./ra/fsp/src/bsp/mcu/all/bsp_common.o
                0x00004e90                __assert_func
 *fill*         0x00004ea2        0x2 ff
 .text.R_BSP_SoftwareDelay
                0x00004ea4      0x164 ./ra/fsp/src/bsp/mcu/all/bsp_delay.o
                0x00004ea4                R_BSP_SoftwareDelay
 .text.bsp_prv_software_delay_loop
                0x00005008        0xc ./ra/fsp/src/bsp/mcu/all/bsp_delay.o
                0x00005008                bsp_prv_software_delay_loop
 .text.bsp_group_irq_call
                0x00005014       0x30 ./ra/fsp/src/bsp/mcu/all/bsp_group_irq.o
 .text.NMI_Handler
                0x00005044       0x4c ./ra/fsp/src/bsp/mcu/all/bsp_group_irq.o
                0x00005044                NMI_Handler
 .text.bsp_irq_cfg
                0x00005090       0xfc ./ra/fsp/src/bsp/mcu/all/bsp_irq.o
                0x00005090                bsp_irq_cfg
 .text.R_BSP_RegisterProtectEnable
                0x0000518c       0xa0 ./ra/fsp/src/bsp/mcu/all/bsp_register_protection.o
                0x0000518c                R_BSP_RegisterProtectEnable
 .text.R_BSP_RegisterProtectDisable
                0x0000522c       0x90 ./ra/fsp/src/bsp/mcu/all/bsp_register_protection.o
                0x0000522c                R_BSP_RegisterProtectDisable
 .text._sbrk    0x000052bc       0x6c ./ra/fsp/src/bsp/mcu/all/bsp_sbrk.o
                0x000052bc                _sbrk
 .text.Reset_Handler
                0x00005328        0xe ./ra/fsp/src/bsp/cmsis/Device/RENESAS/Source/startup.o
                0x00005328                Reset_Handler
 .text.Default_Handler
                0x00005336       0x10 ./ra/fsp/src/bsp/cmsis/Device/RENESAS/Source/startup.o
                0x00005336                HardFault_Handler
                0x00005336                UsageFault_Handler
                0x00005336                SecureFault_Handler
                0x00005336                Default_Handler
                0x00005336                MemManage_Handler
                0x00005336                SVC_Handler
                0x00005336                BusFault_Handler
                0x00005336                DebugMon_Handler
 *fill*         0x00005346        0x2 ff
 .text.SystemInit
                0x00005348       0xf4 ./ra/fsp/src/bsp/cmsis/Device/RENESAS/Source/system.o
                0x00005348                SystemInit
 .text.bsp_init
                0x0000543c       0x14 ./ra/board/ra6m4_ek/board_init.o
                0x0000543c                bsp_init
 .text          0x00005450      0x378 n:/renesas/ra/e2studio_v2023-04_fsp_v4.5.0/toolchains/gcc_arm/gcc-arm-none-eabi-10.3-2021.10/bin/../lib/gcc/arm-none-eabi/10.3.1/thumb/v8-m.main+fp/hard\libgcc.a(_arm_addsubdf3.o)
                0x00005450                __aeabi_drsub
                0x00005458                __aeabi_dsub
                0x00005458                __subdf3
                0x0000545c                __aeabi_dadd
                0x0000545c                __adddf3
                0x000056d4                __floatunsidf
                0x000056d4                __aeabi_ui2d
                0x000056f4                __floatsidf
                0x000056f4                __aeabi_i2d
                0x00005718                __aeabi_f2d
                0x00005718                __extendsfdf2
                0x0000575c                __floatundidf
                0x0000575c                __aeabi_ul2d
                0x0000576c                __floatdidf
                0x0000576c                __aeabi_l2d
 .text          0x000057c8      0x424 n:/renesas/ra/e2studio_v2023-04_fsp_v4.5.0/toolchains/gcc_arm/gcc-arm-none-eabi-10.3-2021.10/bin/../lib/gcc/arm-none-eabi/10.3.1/thumb/v8-m.main+fp/hard\libgcc.a(_arm_muldivdf3.o)
                0x000057c8                __aeabi_dmul
                0x000057c8                __muldf3
                0x00005a1c                __divdf3
                0x00005a1c                __aeabi_ddiv
 .text          0x00005bec      0x110 n:/renesas/ra/e2studio_v2023-04_fsp_v4.5.0/toolchains/gcc_arm/gcc-arm-none-eabi-10.3-2021.10/bin/../lib/gcc/arm-none-eabi/10.3.1/thumb/v8-m.main+fp/hard\libgcc.a(_arm_cmpdf2.o)
                0x00005bec                __gtdf2
                0x00005bec                __gedf2
                0x00005bf4                __ltdf2
                0x00005bf4                __ledf2
                0x00005bfc                __nedf2
                0x00005bfc                __eqdf2
                0x00005bfc                __cmpdf2
                0x00005c78                __aeabi_cdrcmple
                0x00005c88                __aeabi_cdcmpeq
                0x00005c88                __aeabi_cdcmple
                0x00005c98                __aeabi_dcmpeq
                0x00005cac                __aeabi_dcmplt
                0x00005cc0                __aeabi_dcmple
                0x00005cd4                __aeabi_dcmpge
                0x00005ce8                __aeabi_dcmpgt
 .text.atoi     0x00005cfc        0x8 n:/renesas/ra/e2studio_v2023-04_fsp_v4.5.0/toolchains/gcc_arm/gcc-arm-none-eabi-10.3-2021.10/bin/../lib/gcc/arm-none-eabi/10.3.1/../../../../arm-none-eabi/lib/thumb/v8-m.main+fp/hard\libg_nano.a(lib_a-atoi.o)
                0x00005cfc                atoi
 .text.__errno  0x00005d04        0xc n:/renesas/ra/e2studio_v2023-04_fsp_v4.5.0/toolchains/gcc_arm/gcc-arm-none-eabi-10.3-2021.10/bin/../lib/gcc/arm-none-eabi/10.3.1/../../../../arm-none-eabi/lib/thumb/v8-m.main+fp/hard\libg_nano.a(lib_a-errno.o)
                0x00005d04                __errno
 .text.memcpy   0x00005d10       0x1a n:/renesas/ra/e2studio_v2023-04_fsp_v4.5.0/toolchains/gcc_arm/gcc-arm-none-eabi-10.3-2021.10/bin/../lib/gcc/arm-none-eabi/10.3.1/../../../../arm-none-eabi/lib/thumb/v8-m.main+fp/hard\libg_nano.a(lib_a-memcpy-stub.o)
                0x00005d10                memcpy
 .text.memset   0x00005d2a       0x10 n:/renesas/ra/e2studio_v2023-04_fsp_v4.5.0/toolchains/gcc_arm/gcc-arm-none-eabi-10.3-2021.10/bin/../lib/gcc/arm-none-eabi/10.3.1/../../../../arm-none-eabi/lib/thumb/v8-m.main+fp/hard\libg_nano.a(lib_a-memset.o)
                0x00005d2a                memset
 .text.__cvt    0x00005d3a       0xc4 n:/renesas/ra/e2studio_v2023-04_fsp_v4.5.0/toolchains/gcc_arm/gcc-arm-none-eabi-10.3-2021.10/bin/../lib/gcc/arm-none-eabi/10.3.1/../../../../arm-none-eabi/lib/thumb/v8-m.main+fp/hard\libg_nano.a(lib_a-nano-vfprintf_float.o)
                0x00005d3a                __cvt
 .text.__exponent
                0x00005dfe       0x7c n:/renesas/ra/e2studio_v2023-04_fsp_v4.5.0/toolchains/gcc_arm/gcc-arm-none-eabi-10.3-2021.10/bin/../lib/gcc/arm-none-eabi/10.3.1/../../../../arm-none-eabi/lib/thumb/v8-m.main+fp/hard\libg_nano.a(lib_a-nano-vfprintf_float.o)
                0x00005dfe                __exponent
 *fill*         0x00005e7a        0x2 ff
 .text._printf_float
                0x00005e7c      0x46c n:/renesas/ra/e2studio_v2023-04_fsp_v4.5.0/toolchains/gcc_arm/gcc-arm-none-eabi-10.3-2021.10/bin/../lib/gcc/arm-none-eabi/10.3.1/../../../../arm-none-eabi/lib/thumb/v8-m.main+fp/hard\libg_nano.a(lib_a-nano-vfprintf_float.o)
                0x00005e7c                _printf_float
 .text._printf_common
                0x000062e8       0xe0 n:/renesas/ra/e2studio_v2023-04_fsp_v4.5.0/toolchains/gcc_arm/gcc-arm-none-eabi-10.3-2021.10/bin/../lib/gcc/arm-none-eabi/10.3.1/../../../../arm-none-eabi/lib/thumb/v8-m.main+fp/hard\libg_nano.a(lib_a-nano-vfprintf_i.o)
                0x000062e8                _printf_common
 .text._printf_i
                0x000063c8      0x24c n:/renesas/ra/e2studio_v2023-04_fsp_v4.5.0/toolchains/gcc_arm/gcc-arm-none-eabi-10.3-2021.10/bin/../lib/gcc/arm-none-eabi/10.3.1/../../../../arm-none-eabi/lib/thumb/v8-m.main+fp/hard\libg_nano.a(lib_a-nano-vfprintf_i.o)
                0x000063c8                _printf_i
 .text.snprintf
                0x00006614       0x68 n:/renesas/ra/e2studio_v2023-04_fsp_v4.5.0/toolchains/gcc_arm/gcc-arm-none-eabi-10.3-2021.10/bin/../lib/gcc/arm-none-eabi/10.3.1/../../../../arm-none-eabi/lib/thumb/v8-m.main+fp/hard\libg_nano.a(lib_a-snprintf.o)
                0x00006614                sniprintf
                0x00006614                snprintf
 .text          0x0000667c       0x10 n:/renesas/ra/e2studio_v2023-04_fsp_v4.5.0/toolchains/gcc_arm/gcc-arm-none-eabi-10.3-2021.10/bin/../lib/gcc/arm-none-eabi/10.3.1/../../../../arm-none-eabi/lib/thumb/v8-m.main+fp/hard\libg_nano.a(lib_a-strlen.o)
                0x0000667c                strlen
 .text._strtol_l.constprop.0
                0x0000668c      0x104 n:/renesas/ra/e2studio_v2023-04_fsp_v4.5.0/toolchains/gcc_arm/gcc-arm-none-eabi-10.3-2021.10/bin/../lib/gcc/arm-none-eabi/10.3.1/../../../../arm-none-eabi/lib/thumb/v8-m.main+fp/hard\libg_nano.a(lib_a-strtol.o)
 .text.strtol   0x00006790       0x14 n:/renesas/ra/e2studio_v2023-04_fsp_v4.5.0/toolchains/gcc_arm/gcc-arm-none-eabi-10.3-2021.10/bin/../lib/gcc/arm-none-eabi/10.3.1/../../../../arm-none-eabi/lib/thumb/v8-m.main+fp/hard\libg_nano.a(lib_a-strtol.o)
                0x00006790                strtol
 .text.time     0x000067a4       0x34 n:/renesas/ra/e2studio_v2023-04_fsp_v4.5.0/toolchains/gcc_arm/gcc-arm-none-eabi-10.3-2021.10/bin/../lib/gcc/arm-none-eabi/10.3.1/../../../../arm-none-eabi/lib/thumb/v8-m.main+fp/hard\libg_nano.a(lib_a-time.o)
                0x000067a4                time
 .text.quorem   0x000067d8      0x122 n:/renesas/ra/e2studio_v2023-04_fsp_v4.5.0/toolchains/gcc_arm/gcc-arm-none-eabi-10.3-2021.10/bin/../lib/gcc/arm-none-eabi/10.3.1/../../../../arm-none-eabi/lib/thumb/v8-m.main+fp/hard\libg_nano.a(lib_a-dtoa.o)
 *fill*         0x000068fa        0x6 ff
 .text._dtoa_r  0x00006900      0xbd8 n:/renesas/ra/e2studio_v2023-04_fsp_v4.5.0/toolchains/gcc_arm/gcc-arm-none-eabi-10.3-2021.10/bin/../lib/gcc/arm-none-eabi/10.3.1/../../../../arm-none-eabi/lib/thumb/v8-m.main+fp/hard\libg_nano.a(lib_a-dtoa.o)
                0x00006900                _dtoa_r
 .text._gettimeofday_r
                0x000074d8       0x24 n:/renesas/ra/e2studio_v2023-04_fsp_v4.5.0/toolchains/gcc_arm/gcc-arm-none-eabi-10.3-2021.10/bin/../lib/gcc/arm-none-eabi/10.3.1/../../../../arm-none-eabi/lib/thumb/v8-m.main+fp/hard\libg_nano.a(lib_a-gettimeofdayr.o)
                0x000074d8                _gettimeofday_r
 .text._localeconv_r
                0x000074fc        0x8 n:/renesas/ra/e2studio_v2023-04_fsp_v4.5.0/toolchains/gcc_arm/gcc-arm-none-eabi-10.3-2021.10/bin/../lib/gcc/arm-none-eabi/10.3.1/../../../../arm-none-eabi/lib/thumb/v8-m.main+fp/hard\libg_nano.a(lib_a-localeconv.o)
                0x000074fc                _localeconv_r
 .text.malloc   0x00007504       0x10 n:/renesas/ra/e2studio_v2023-04_fsp_v4.5.0/toolchains/gcc_arm/gcc-arm-none-eabi-10.3-2021.10/bin/../lib/gcc/arm-none-eabi/10.3.1/../../../../arm-none-eabi/lib/thumb/v8-m.main+fp/hard\libg_nano.a(lib_a-malloc.o)
                0x00007504                malloc
 .text.memchr   0x00007514       0x1c n:/renesas/ra/e2studio_v2023-04_fsp_v4.5.0/toolchains/gcc_arm/gcc-arm-none-eabi-10.3-2021.10/bin/../lib/gcc/arm-none-eabi/10.3.1/../../../../arm-none-eabi/lib/thumb/v8-m.main+fp/hard\libg_nano.a(lib_a-memchr-stub.o)
                0x00007514                memchr
 .text._Balloc  0x00007530       0x80 n:/renesas/ra/e2studio_v2023-04_fsp_v4.5.0/toolchains/gcc_arm/gcc-arm-none-eabi-10.3-2021.10/bin/../lib/gcc/arm-none-eabi/10.3.1/../../../../arm-none-eabi/lib/thumb/v8-m.main+fp/hard\libg_nano.a(lib_a-mprec.o)
                0x00007530                _Balloc
 .text._Bfree   0x000075b0       0x44 n:/renesas/ra/e2studio_v2023-04_fsp_v4.5.0/toolchains/gcc_arm/gcc-arm-none-eabi-10.3-2021.10/bin/../lib/gcc/arm-none-eabi/10.3.1/../../../../arm-none-eabi/lib/thumb/v8-m.main+fp/hard\libg_nano.a(lib_a-mprec.o)
                0x000075b0                _Bfree
 .text.__multadd
                0x000075f4       0x90 n:/renesas/ra/e2studio_v2023-04_fsp_v4.5.0/toolchains/gcc_arm/gcc-arm-none-eabi-10.3-2021.10/bin/../lib/gcc/arm-none-eabi/10.3.1/../../../../arm-none-eabi/lib/thumb/v8-m.main+fp/hard\libg_nano.a(lib_a-mprec.o)
                0x000075f4                __multadd
 .text.__hi0bits
                0x00007684       0x40 n:/renesas/ra/e2studio_v2023-04_fsp_v4.5.0/toolchains/gcc_arm/gcc-arm-none-eabi-10.3-2021.10/bin/../lib/gcc/arm-none-eabi/10.3.1/../../../../arm-none-eabi/lib/thumb/v8-m.main+fp/hard\libg_nano.a(lib_a-mprec.o)
                0x00007684                __hi0bits
 .text.__lo0bits
                0x000076c4       0x5e n:/renesas/ra/e2studio_v2023-04_fsp_v4.5.0/toolchains/gcc_arm/gcc-arm-none-eabi-10.3-2021.10/bin/../lib/gcc/arm-none-eabi/10.3.1/../../../../arm-none-eabi/lib/thumb/v8-m.main+fp/hard\libg_nano.a(lib_a-mprec.o)
                0x000076c4                __lo0bits
 *fill*         0x00007722        0x2 ff
 .text.__i2b    0x00007724       0x2c n:/renesas/ra/e2studio_v2023-04_fsp_v4.5.0/toolchains/gcc_arm/gcc-arm-none-eabi-10.3-2021.10/bin/../lib/gcc/arm-none-eabi/10.3.1/../../../../arm-none-eabi/lib/thumb/v8-m.main+fp/hard\libg_nano.a(lib_a-mprec.o)
                0x00007724                __i2b
 .text.__multiply
                0x00007750      0x150 n:/renesas/ra/e2studio_v2023-04_fsp_v4.5.0/toolchains/gcc_arm/gcc-arm-none-eabi-10.3-2021.10/bin/../lib/gcc/arm-none-eabi/10.3.1/../../../../arm-none-eabi/lib/thumb/v8-m.main+fp/hard\libg_nano.a(lib_a-mprec.o)
                0x00007750                __multiply
 .text.__pow5mult
                0x000078a0       0xb4 n:/renesas/ra/e2studio_v2023-04_fsp_v4.5.0/toolchains/gcc_arm/gcc-arm-none-eabi-10.3-2021.10/bin/../lib/gcc/arm-none-eabi/10.3.1/../../../../arm-none-eabi/lib/thumb/v8-m.main+fp/hard\libg_nano.a(lib_a-mprec.o)
                0x000078a0                __pow5mult
 .text.__lshift
                0x00007954       0xe0 n:/renesas/ra/e2studio_v2023-04_fsp_v4.5.0/toolchains/gcc_arm/gcc-arm-none-eabi-10.3-2021.10/bin/../lib/gcc/arm-none-eabi/10.3.1/../../../../arm-none-eabi/lib/thumb/v8-m.main+fp/hard\libg_nano.a(lib_a-mprec.o)
                0x00007954                __lshift
 .text.__mcmp   0x00007a34       0x38 n:/renesas/ra/e2studio_v2023-04_fsp_v4.5.0/toolchains/gcc_arm/gcc-arm-none-eabi-10.3-2021.10/bin/../lib/gcc/arm-none-eabi/10.3.1/../../../../arm-none-eabi/lib/thumb/v8-m.main+fp/hard\libg_nano.a(lib_a-mprec.o)
                0x00007a34                __mcmp
 .text.__mdiff  0x00007a6c      0x120 n:/renesas/ra/e2studio_v2023-04_fsp_v4.5.0/toolchains/gcc_arm/gcc-arm-none-eabi-10.3-2021.10/bin/../lib/gcc/arm-none-eabi/10.3.1/../../../../arm-none-eabi/lib/thumb/v8-m.main+fp/hard\libg_nano.a(lib_a-mprec.o)
                0x00007a6c                __mdiff
 .text.__d2b    0x00007b8c       0xb8 n:/renesas/ra/e2studio_v2023-04_fsp_v4.5.0/toolchains/gcc_arm/gcc-arm-none-eabi-10.3-2021.10/bin/../lib/gcc/arm-none-eabi/10.3.1/../../../../arm-none-eabi/lib/thumb/v8-m.main+fp/hard\libg_nano.a(lib_a-mprec.o)
                0x00007b8c                __d2b
 .text._calloc_r
                0x00007c44       0x2c n:/renesas/ra/e2studio_v2023-04_fsp_v4.5.0/toolchains/gcc_arm/gcc-arm-none-eabi-10.3-2021.10/bin/../lib/gcc/arm-none-eabi/10.3.1/../../../../arm-none-eabi/lib/thumb/v8-m.main+fp/hard\libg_nano.a(lib_a-nano-callocr.o)
                0x00007c44                _calloc_r
 .text._free_r  0x00007c70       0x98 n:/renesas/ra/e2studio_v2023-04_fsp_v4.5.0/toolchains/gcc_arm/gcc-arm-none-eabi-10.3-2021.10/bin/../lib/gcc/arm-none-eabi/10.3.1/../../../../arm-none-eabi/lib/thumb/v8-m.main+fp/hard\libg_nano.a(lib_a-nano-freer.o)
                0x00007c70                _free_r
 .text.sbrk_aligned
                0x00007d08       0x40 n:/renesas/ra/e2studio_v2023-04_fsp_v4.5.0/toolchains/gcc_arm/gcc-arm-none-eabi-10.3-2021.10/bin/../lib/gcc/arm-none-eabi/10.3.1/../../../../arm-none-eabi/lib/thumb/v8-m.main+fp/hard\libg_nano.a(lib_a-nano-mallocr.o)
 .text._malloc_r
                0x00007d48       0xe8 n:/renesas/ra/e2studio_v2023-04_fsp_v4.5.0/toolchains/gcc_arm/gcc-arm-none-eabi-10.3-2021.10/bin/../lib/gcc/arm-none-eabi/10.3.1/../../../../arm-none-eabi/lib/thumb/v8-m.main+fp/hard\libg_nano.a(lib_a-nano-mallocr.o)
                0x00007d48                _malloc_r
 .text.__ssputs_r
                0x00007e30       0xb6 n:/renesas/ra/e2studio_v2023-04_fsp_v4.5.0/toolchains/gcc_arm/gcc-arm-none-eabi-10.3-2021.10/bin/../lib/gcc/arm-none-eabi/10.3.1/../../../../arm-none-eabi/lib/thumb/v8-m.main+fp/hard\libg_nano.a(lib_a-nano-svfprintf.o)
                0x00007e30                __ssputs_r
 *fill*         0x00007ee6        0x2 ff
 .text._svfprintf_r
                0x00007ee8      0x200 n:/renesas/ra/e2studio_v2023-04_fsp_v4.5.0/toolchains/gcc_arm/gcc-arm-none-eabi-10.3-2021.10/bin/../lib/gcc/arm-none-eabi/10.3.1/../../../../arm-none-eabi/lib/thumb/v8-m.main+fp/hard\libg_nano.a(lib_a-nano-svfprintf.o)
                0x00007ee8                _svfiprintf_r
                0x00007ee8                _svfprintf_r
 .text._sbrk_r  0x000080e8       0x20 n:/renesas/ra/e2studio_v2023-04_fsp_v4.5.0/toolchains/gcc_arm/gcc-arm-none-eabi-10.3-2021.10/bin/../lib/gcc/arm-none-eabi/10.3.1/../../../../arm-none-eabi/lib/thumb/v8-m.main+fp/hard\libg_nano.a(lib_a-sbrkr.o)
                0x000080e8                _sbrk_r
 .text.__ascii_mbtowc
                0x00008108       0x24 n:/renesas/ra/e2studio_v2023-04_fsp_v4.5.0/toolchains/gcc_arm/gcc-arm-none-eabi-10.3-2021.10/bin/../lib/gcc/arm-none-eabi/10.3.1/../../../../arm-none-eabi/lib/thumb/v8-m.main+fp/hard\libg_nano.a(lib_a-mbtowc_r.o)
                0x00008108                __ascii_mbtowc
 .text.memmove  0x0000812c       0x34 n:/renesas/ra/e2studio_v2023-04_fsp_v4.5.0/toolchains/gcc_arm/gcc-arm-none-eabi-10.3-2021.10/bin/../lib/gcc/arm-none-eabi/10.3.1/../../../../arm-none-eabi/lib/thumb/v8-m.main+fp/hard\libg_nano.a(lib_a-memmove.o)
                0x0000812c                memmove
 .text.__malloc_lock
                0x00008160        0xc n:/renesas/ra/e2studio_v2023-04_fsp_v4.5.0/toolchains/gcc_arm/gcc-arm-none-eabi-10.3-2021.10/bin/../lib/gcc/arm-none-eabi/10.3.1/../../../../arm-none-eabi/lib/thumb/v8-m.main+fp/hard\libg_nano.a(lib_a-mlock.o)
                0x00008160                __malloc_lock
 .text.__malloc_unlock
                0x0000816c        0xc n:/renesas/ra/e2studio_v2023-04_fsp_v4.5.0/toolchains/gcc_arm/gcc-arm-none-eabi-10.3-2021.10/bin/../lib/gcc/arm-none-eabi/10.3.1/../../../../arm-none-eabi/lib/thumb/v8-m.main+fp/hard\libg_nano.a(lib_a-mlock.o)
                0x0000816c                __malloc_unlock
 .text._realloc_r
                0x00008178       0x5e n:/renesas/ra/e2studio_v2023-04_fsp_v4.5.0/toolchains/gcc_arm/gcc-arm-none-eabi-10.3-2021.10/bin/../lib/gcc/arm-none-eabi/10.3.1/../../../../arm-none-eabi/lib/thumb/v8-m.main+fp/hard\libg_nano.a(lib_a-nano-reallocr.o)
                0x00008178                _realloc_r
 .text.__ascii_wctomb
                0x000081d6       0x1a n:/renesas/ra/e2studio_v2023-04_fsp_v4.5.0/toolchains/gcc_arm/gcc-arm-none-eabi-10.3-2021.10/bin/../lib/gcc/arm-none-eabi/10.3.1/../../../../arm-none-eabi/lib/thumb/v8-m.main+fp/hard\libg_nano.a(lib_a-wctomb_r.o)
                0x000081d6                __ascii_wctomb
 .text.__retarget_lock_acquire_recursive
                0x000081f0        0x2 n:/renesas/ra/e2studio_v2023-04_fsp_v4.5.0/toolchains/gcc_arm/gcc-arm-none-eabi-10.3-2021.10/bin/../lib/gcc/arm-none-eabi/10.3.1/../../../../arm-none-eabi/lib/thumb/v8-m.main+fp/hard\libg_nano.a(lib_a-lock.o)
                0x000081f0                __retarget_lock_acquire_recursive
 .text.__retarget_lock_release_recursive
                0x000081f2        0x2 n:/renesas/ra/e2studio_v2023-04_fsp_v4.5.0/toolchains/gcc_arm/gcc-arm-none-eabi-10.3-2021.10/bin/../lib/gcc/arm-none-eabi/10.3.1/../../../../arm-none-eabi/lib/thumb/v8-m.main+fp/hard\libg_nano.a(lib_a-lock.o)
                0x000081f2                __retarget_lock_release_recursive
 .text._malloc_usable_size_r
                0x000081f4       0x10 n:/renesas/ra/e2studio_v2023-04_fsp_v4.5.0/toolchains/gcc_arm/gcc-arm-none-eabi-10.3-2021.10/bin/../lib/gcc/arm-none-eabi/10.3.1/../../../../arm-none-eabi/lib/thumb/v8-m.main+fp/hard\libg_nano.a(lib_a-nano-msizer.o)
                0x000081f4                _malloc_usable_size_r
 .text          0x00008204       0x2c n:/renesas/ra/e2studio_v2023-04_fsp_v4.5.0/toolchains/gcc_arm/gcc-arm-none-eabi-10.3-2021.10/bin/../lib/gcc/arm-none-eabi/10.3.1/thumb/v8-m.main+fp/hard\libgcc.a(_arm_unorddf2.o)
                0x00008204                __unorddf2
                0x00008204                __aeabi_dcmpun
 .text          0x00008230       0x50 n:/renesas/ra/e2studio_v2023-04_fsp_v4.5.0/toolchains/gcc_arm/gcc-arm-none-eabi-10.3-2021.10/bin/../lib/gcc/arm-none-eabi/10.3.1/thumb/v8-m.main+fp/hard\libgcc.a(_arm_fixdfsi.o)
                0x00008230                __aeabi_d2iz
                0x00008230                __fixdfsi
 .text._gettimeofday
                0x00008280       0x28 n:/renesas/ra/e2studio_v2023-04_fsp_v4.5.0/toolchains/gcc_arm/gcc-arm-none-eabi-10.3-2021.10/bin/../lib/gcc/arm-none-eabi/10.3.1/../../../../arm-none-eabi/lib/thumb/v8-m.main+fp/hard\librdimon_nano.a(rdimon-syscalls.o)
                0x00008280                _gettimeofday
 *(.version)
 .version       0x000082a8       0x50 ./ra/fsp/src/bsp/mcu/all/bsp_common.o
 *(.init)
 .init          0x000082f8        0x4 n:/renesas/ra/e2studio_v2023-04_fsp_v4.5.0/toolchains/gcc_arm/gcc-arm-none-eabi-10.3-2021.10/bin/../lib/gcc/arm-none-eabi/10.3.1/thumb/v8-m.main+fp/hard/crti.o
                0x000082f8                _init
 .init          0x000082fc        0x8 n:/renesas/ra/e2studio_v2023-04_fsp_v4.5.0/toolchains/gcc_arm/gcc-arm-none-eabi-10.3-2021.10/bin/../lib/gcc/arm-none-eabi/10.3.1/thumb/v8-m.main+fp/hard/crtn.o
 *(.fini)
 .fini          0x00008304        0x4 n:/renesas/ra/e2studio_v2023-04_fsp_v4.5.0/toolchains/gcc_arm/gcc-arm-none-eabi-10.3-2021.10/bin/../lib/gcc/arm-none-eabi/10.3.1/thumb/v8-m.main+fp/hard/crti.o
                0x00008304                _fini
 .fini          0x00008308        0x8 n:/renesas/ra/e2studio_v2023-04_fsp_v4.5.0/toolchains/gcc_arm/gcc-arm-none-eabi-10.3-2021.10/bin/../lib/gcc/arm-none-eabi/10.3.1/thumb/v8-m.main+fp/hard/crtn.o
 *crtbegin.o(.ctors)
 *crtbegin?.o(.ctors)
 *(EXCLUDE_FILE(*crtend.o *crtend?.o) .ctors)
 *(SORT_BY_NAME(.ctors.*))
 *(.ctors)
 *crtbegin.o(.dtors)
 *crtbegin?.o(.dtors)
 *(EXCLUDE_FILE(*crtend.o *crtend?.o) .dtors)
 *(SORT_BY_NAME(.dtors.*))
 *(.dtors)
 *(.rodata*)
 .rodata.g_white_space
                0x00008310        0x4 ./src/sf_console/sf_console.o
 .rodata.g_sf_console_on_sf_console
                0x00008314       0x1c ./src/sf_console/sf_console.o
                0x00008314                g_sf_console_on_sf_console
 .rodata        0x00008330       0x76 ./src/sf_console/sf_console.o
 *fill*         0x000083a6        0x2 ff
 .rodata        0x000083a8       0x17 ./src/SEGGER/SEGGER_RTT.o
 *fill*         0x000083bf        0x1 ff
 .rodata._aV2C.0
                0x000083c0       0x10 ./src/SEGGER/SEGGER_RTT_printf.o
 .rodata.g_features
                0x000083d0       0x50 ./src/application.o
 .rodata        0x00008420       0xae ./src/application.o
 *fill*         0x000084ce        0x2 ff
 .rodata        0x000084d0      0x2e9 ./src/console.o
 *fill*         0x000087b9        0x3 ff
 .rodata.g_console_commands
                0x000087bc       0x40 ./src/console.o
 .rodata        0x000087fc      0x150 ./src/console_callbacks.o
 .rodata        0x0000894c       0x46 ./src/hal_entry.o
 *fill*         0x00008992        0x2 ff
 .rodata        0x00008994        0xe ./ra_gen/blinky_thread.o
 *fill*         0x000089a2        0x2 ff
 .rodata.g_ioport
                0x000089a4        0xc ./ra_gen/common_data.o
                0x000089a4                g_ioport
 .rodata        0x000089b0       0x14 ./ra_gen/main.o
 .rodata.g_bsp_pin_cfg_data
                0x000089c4      0x298 ./ra_gen/pin_data.o
                0x000089c4                g_bsp_pin_cfg_data
 .rodata.g_bsp_pin_cfg
                0x00008c5c        0x8 ./ra_gen/pin_data.o
                0x00008c5c                g_bsp_pin_cfg
 .rodata.g_ioport_on_ioport
                0x00008c64       0x34 ./ra/fsp/src/r_ioport/r_ioport.o
                0x00008c64                g_ioport_on_ioport
 .rodata.g_vbatt_pins_input
                0x00008c98        0x6 ./ra/fsp/src/r_ioport/r_ioport.o
 *fill*         0x00008c9e        0x2 ff
 .rodata.g_interrupt_event_link_select
                0x00008ca0       0xc0 ./ra/fsp/src/bsp/mcu/all/bsp_irq.o
                0x00008ca0                g_interrupt_event_link_select
 .rodata.g_prcr_masks
                0x00008d60        0x8 ./ra/fsp/src/bsp/mcu/all/bsp_register_protection.o
 .rodata._ctype_
                0x00008d68      0x101 n:/renesas/ra/e2studio_v2023-04_fsp_v4.5.0/toolchains/gcc_arm/gcc-arm-none-eabi-10.3-2021.10/bin/../lib/gcc/arm-none-eabi/10.3.1/../../../../arm-none-eabi/lib/thumb/v8-m.main+fp/hard\libg_nano.a(lib_a-ctype_.o)
                0x00008d68                _ctype_
 .rodata._printf_float.str1.1
                0x00008e69       0x12 n:/renesas/ra/e2studio_v2023-04_fsp_v4.5.0/toolchains/gcc_arm/gcc-arm-none-eabi-10.3-2021.10/bin/../lib/gcc/arm-none-eabi/10.3.1/../../../../arm-none-eabi/lib/thumb/v8-m.main+fp/hard\libg_nano.a(lib_a-nano-vfprintf_float.o)
 .rodata._printf_i.str1.1
                0x00008e7b       0x22 n:/renesas/ra/e2studio_v2023-04_fsp_v4.5.0/toolchains/gcc_arm/gcc-arm-none-eabi-10.3-2021.10/bin/../lib/gcc/arm-none-eabi/10.3.1/../../../../arm-none-eabi/lib/thumb/v8-m.main+fp/hard\libg_nano.a(lib_a-nano-vfprintf_i.o)
 .rodata._dtoa_r.str1.1
                0x00008e9d       0xb3 n:/renesas/ra/e2studio_v2023-04_fsp_v4.5.0/toolchains/gcc_arm/gcc-arm-none-eabi-10.3-2021.10/bin/../lib/gcc/arm-none-eabi/10.3.1/../../../../arm-none-eabi/lib/thumb/v8-m.main+fp/hard\libg_nano.a(lib_a-dtoa.o)
                                 0xb5 (size before relaxing)
 .rodata._Balloc.str1.1
                0x00008f50       0x7f n:/renesas/ra/e2studio_v2023-04_fsp_v4.5.0/toolchains/gcc_arm/gcc-arm-none-eabi-10.3-2021.10/bin/../lib/gcc/arm-none-eabi/10.3.1/../../../../arm-none-eabi/lib/thumb/v8-m.main+fp/hard\libg_nano.a(lib_a-mprec.o)
                                 0x96 (size before relaxing)
 .rodata.__multadd.str1.1
                0x00008fcf       0x11 n:/renesas/ra/e2studio_v2023-04_fsp_v4.5.0/toolchains/gcc_arm/gcc-arm-none-eabi-10.3-2021.10/bin/../lib/gcc/arm-none-eabi/10.3.1/../../../../arm-none-eabi/lib/thumb/v8-m.main+fp/hard\libg_nano.a(lib_a-mprec.o)
 *fill*         0x00008fcf        0x1 ff
 .rodata.__mprec_bigtens
                0x00008fd0       0x28 n:/renesas/ra/e2studio_v2023-04_fsp_v4.5.0/toolchains/gcc_arm/gcc-arm-none-eabi-10.3-2021.10/bin/../lib/gcc/arm-none-eabi/10.3.1/../../../../arm-none-eabi/lib/thumb/v8-m.main+fp/hard\libg_nano.a(lib_a-mprec.o)
                0x00008fd0                __mprec_bigtens
 .rodata.__mprec_tens
                0x00008ff8       0xc8 n:/renesas/ra/e2studio_v2023-04_fsp_v4.5.0/toolchains/gcc_arm/gcc-arm-none-eabi-10.3-2021.10/bin/../lib/gcc/arm-none-eabi/10.3.1/../../../../arm-none-eabi/lib/thumb/v8-m.main+fp/hard\libg_nano.a(lib_a-mprec.o)
                0x00008ff8                __mprec_tens
 .rodata.p05.0  0x000090c0        0xc n:/renesas/ra/e2studio_v2023-04_fsp_v4.5.0/toolchains/gcc_arm/gcc-arm-none-eabi-10.3-2021.10/bin/../lib/gcc/arm-none-eabi/10.3.1/../../../../arm-none-eabi/lib/thumb/v8-m.main+fp/hard\libg_nano.a(lib_a-mprec.o)
 .rodata._svfprintf_r.str1.1
                0x000090cc       0x11 n:/renesas/ra/e2studio_v2023-04_fsp_v4.5.0/toolchains/gcc_arm/gcc-arm-none-eabi-10.3-2021.10/bin/../lib/gcc/arm-none-eabi/10.3.1/../../../../arm-none-eabi/lib/thumb/v8-m.main+fp/hard\libg_nano.a(lib_a-nano-svfprintf.o)
 .rodata._setlocale_r.str1.1
                0x000090dd        0x8 n:/renesas/ra/e2studio_v2023-04_fsp_v4.5.0/toolchains/gcc_arm/gcc-arm-none-eabi-10.3-2021.10/bin/../lib/gcc/arm-none-eabi/10.3.1/../../../../arm-none-eabi/lib/thumb/v8-m.main+fp/hard\libg_nano.a(lib_a-locale.o)
                                  0x9 (size before relaxing)
 .rodata.str1.1
                0x000090e5        0x2 n:/renesas/ra/e2studio_v2023-04_fsp_v4.5.0/toolchains/gcc_arm/gcc-arm-none-eabi-10.3-2021.10/bin/../lib/gcc/arm-none-eabi/10.3.1/../../../../arm-none-eabi/lib/thumb/v8-m.main+fp/hard\libg_nano.a(lib_a-locale.o)
 *fill*         0x000090e7        0x1 ff
 .rodata.__sf_fake_stderr
                0x000090e8       0x20 n:/renesas/ra/e2studio_v2023-04_fsp_v4.5.0/toolchains/gcc_arm/gcc-arm-none-eabi-10.3-2021.10/bin/../lib/gcc/arm-none-eabi/10.3.1/../../../../arm-none-eabi/lib/thumb/v8-m.main+fp/hard\libc_nano.a(lib_a-findfp.o)
                0x000090e8                __sf_fake_stderr
 .rodata.__sf_fake_stdin
                0x00009108       0x20 n:/renesas/ra/e2studio_v2023-04_fsp_v4.5.0/toolchains/gcc_arm/gcc-arm-none-eabi-10.3-2021.10/bin/../lib/gcc/arm-none-eabi/10.3.1/../../../../arm-none-eabi/lib/thumb/v8-m.main+fp/hard\libc_nano.a(lib_a-findfp.o)
                0x00009108                __sf_fake_stdin
 .rodata.__sf_fake_stdout
                0x00009128       0x20 n:/renesas/ra/e2studio_v2023-04_fsp_v4.5.0/toolchains/gcc_arm/gcc-arm-none-eabi-10.3-2021.10/bin/../lib/gcc/arm-none-eabi/10.3.1/../../../../arm-none-eabi/lib/thumb/v8-m.main+fp/hard\libc_nano.a(lib_a-findfp.o)
                0x00009128                __sf_fake_stdout
                0x00009148                __usb_dev_descriptor_start_fs = .
 *(.usb_device_desc_fs*)
                0x00009148                __usb_cfg_descriptor_start_fs = .
 *(.usb_config_desc_fs*)
                0x00009148                __usb_interface_descriptor_start_fs = .
 *(.usb_interface_desc_fs*)
                0x00009148                __usb_descriptor_end_fs = .
                0x00009148                __usb_dev_descriptor_start_hs = .
 *(.usb_device_desc_hs*)
                0x00009148                __usb_cfg_descriptor_start_hs = .
 *(.usb_config_desc_hs*)
                0x00009148                __usb_interface_descriptor_start_hs = .
 *(.usb_interface_desc_hs*)
                0x00009148                __usb_descriptor_end_hs = .
 *(.eh_frame*)
 .eh_frame      0x00009148        0x0 n:/renesas/ra/e2studio_v2023-04_fsp_v4.5.0/toolchains/gcc_arm/gcc-arm-none-eabi-10.3-2021.10/bin/../lib/gcc/arm-none-eabi/10.3.1/thumb/v8-m.main+fp/hard/crtbegin.o
 .eh_frame      0x00009148        0x4 n:/renesas/ra/e2studio_v2023-04_fsp_v4.5.0/toolchains/gcc_arm/gcc-arm-none-eabi-10.3-2021.10/bin/../lib/gcc/arm-none-eabi/10.3.1/thumb/v8-m.main+fp/hard/crtend.o
                0x0000914c                __ROM_End = .
                0x00000040                __Vectors_Size = (__Vectors_End - __Vectors)

.glue_7         0x0000914c        0x0
 .glue_7        0x0000914c        0x0 linker stubs

.glue_7t        0x0000914c        0x0
 .glue_7t       0x0000914c        0x0 linker stubs

.vfp11_veneer   0x0000914c        0x0
 .vfp11_veneer  0x0000914c        0x0 linker stubs

.v4_bx          0x0000914c        0x0
 .v4_bx         0x0000914c        0x0 linker stubs

.iplt           0x0000914c        0x0
 .iplt          0x0000914c        0x0 n:/renesas/ra/e2studio_v2023-04_fsp_v4.5.0/toolchains/gcc_arm/gcc-arm-none-eabi-10.3-2021.10/bin/../lib/gcc/arm-none-eabi/10.3.1/thumb/v8-m.main+fp/hard/crtbegin.o

.ARM.extab
 *(.ARM.extab* .gnu.linkonce.armextab.*)
                0x0000914c                __exidx_start = .

.ARM.exidx
 *(.ARM.exidx* .gnu.linkonce.armexidx.*)
                0x0000914c                __exidx_end = .
                0x0000914c                __etext = .
                0x20000000                __tz_RAM_S = ORIGIN (RAM)

.fsp_dtc_vector_table
                0x20000000        0x0
                0x20000000                . = ORIGIN (RAM)
 *(.fsp_dtc_vector_table)

.data           0x20000000      0x328 load address 0x0000914c
                0x20000000                __data_start__ = .
                0x20000000                . = ALIGN (0x4)
                0x20000000                __Code_In_RAM_Start = .
 *(.code_in_ram*)
                0x20000000                __Code_In_RAM_End = .
 *(vtable)
 *(.data.*)
 .data.g_application
                0x20000000      0x14c ./src/application.o
                0x20000000                g_application
 .data._tx_thread_system_state
                0x2000014c        0x4 ./ra/microsoft/azure-rtos/threadx/common/src/tx_thread_initialize.o
                0x2000014c                _tx_thread_system_state
 .data._impure_ptr
                0x20000150        0x4 n:/renesas/ra/e2studio_v2023-04_fsp_v4.5.0/toolchains/gcc_arm/gcc-arm-none-eabi-10.3-2021.10/bin/../lib/gcc/arm-none-eabi/10.3.1/../../../../arm-none-eabi/lib/thumb/v8-m.main+fp/hard\libg_nano.a(lib_a-impure.o)
                0x20000150                _impure_ptr
 .data.impure_data
                0x20000154       0x60 n:/renesas/ra/e2studio_v2023-04_fsp_v4.5.0/toolchains/gcc_arm/gcc-arm-none-eabi-10.3-2021.10/bin/../lib/gcc/arm-none-eabi/10.3.1/../../../../arm-none-eabi/lib/thumb/v8-m.main+fp/hard\libg_nano.a(lib_a-impure.o)
 .data.__global_locale
                0x200001b4      0x16c n:/renesas/ra/e2studio_v2023-04_fsp_v4.5.0/toolchains/gcc_arm/gcc-arm-none-eabi-10.3-2021.10/bin/../lib/gcc/arm-none-eabi/10.3.1/../../../../arm-none-eabi/lib/thumb/v8-m.main+fp/hard\libg_nano.a(lib_a-locale.o)
                0x200001b4                __global_locale
 *(.data)
                0x20000320                . = ALIGN (0x4)
                0x20000320                PROVIDE (__preinit_array_start = .)
 *(.preinit_array)
                0x20000320                PROVIDE (__preinit_array_end = .)
                0x20000320                . = ALIGN (0x4)
                0x20000320                PROVIDE (__init_array_start = .)
 *(SORT_BY_NAME(.init_array.*))
 *(.init_array)
 .init_array    0x20000320        0x4 n:/renesas/ra/e2studio_v2023-04_fsp_v4.5.0/toolchains/gcc_arm/gcc-arm-none-eabi-10.3-2021.10/bin/../lib/gcc/arm-none-eabi/10.3.1/thumb/v8-m.main+fp/hard/crtbegin.o
                0x20000324                PROVIDE (__init_array_end = .)
                0x20000324                . = ALIGN (0x4)
                [!provide]                PROVIDE (__fini_array_start = .)
 *(SORT_BY_NAME(.fini_array.*))
 *(.fini_array)
 .fini_array    0x20000324        0x4 n:/renesas/ra/e2studio_v2023-04_fsp_v4.5.0/toolchains/gcc_arm/gcc-arm-none-eabi-10.3-2021.10/bin/../lib/gcc/arm-none-eabi/10.3.1/thumb/v8-m.main+fp/hard/crtbegin.o
                [!provide]                PROVIDE (__fini_array_end = .)
 *(.jcr*)
                0x20000328                . = ALIGN (0x4)
                0x20000328                __data_end__ = .
                0x00009474                __dtcm_data_init_start = ((__etext + __data_end__) - __data_start__)

.igot.plt       0x20000328        0x0 load address 0x00009474
 .igot.plt      0x20000328        0x0 n:/renesas/ra/e2studio_v2023-04_fsp_v4.5.0/toolchains/gcc_arm/gcc-arm-none-eabi-10.3-2021.10/bin/../lib/gcc/arm-none-eabi/10.3.1/thumb/v8-m.main+fp/hard/crtbegin.o

.dtcm_data      0x00000000        0x0 load address 0x00009474
                0x00000000                __tz_DTCM_S = ABSOLUTE (DTCM_START)
                0x00000000                __dtcm_data_start__ = .
 *(.dtcm_data*)
                0x00000000                __dtcm_data_end__ = .

.dtcm_noinit    0x00000000        0x0 load address 0x00009474
                0x00000000                __dtcm_noinit_start = .
 *(.dtcm_noinit*)
                0x00000000                __dtcm_noinit_end = .
                0x00000000                __tz_DTCM_N = DEFINED (DTCM_NS_START)?ABSOLUTE (DTCM_NS_START):ALIGN (__dtcm_noinit_end, 0x2000)
                0x00009474                DATA_END = (LOADADDR (.data) + SIZEOF (.data))
                0x00009800                SGSTUBS_LOC = (DEFINED (PROJECT_SECURE) && DEFINED (FLASH_NSC_START))?ABSOLUTE (FLASH_NSC_START):ALIGN (DATA_END, 0x400)

.gnu.sgstubs    0x00009800        0x0
                0x00009800                __tz_FLASH_C = DEFINED (FLASH_NSC_START)?ABSOLUTE (FLASH_NSC_START):__RESERVE_NS_RAM?ABSOLUTE ((FLASH_START + FLASH_LENGTH)):ALIGN (0x400)
                0x00009800                _start_sg = .
 *(.gnu.sgstubs*)
                0x00009800                . = ALIGN (0x20)
                0x00009800                _end_sg = .
                0x00010000                __tz_FLASH_N = DEFINED (FLASH_NS_START)?ABSOLUTE (FLASH_NS_START):__RESERVE_NS_RAM?ABSOLUTE ((FLASH_START + FLASH_LENGTH)):(FLASH_LENGTH < 0x8000)?FLASH_LENGTH:ALIGN (0x8000)
                0x00010000                FLASH_NS_IMAGE_START = DEFINED (FLASH_NS_IMAGE_START)?FLASH_NS_IMAGE_START:__tz_FLASH_N
                0x60000000                __tz_QSPI_FLASH_S = ORIGIN (QSPI_FLASH)

.qspi_flash     0x60000000        0x0
                0x60000000                __qspi_flash_start__ = .
 *(.qspi_flash*)
 *(.code_in_qspi*)
                0x60000000                __qspi_flash_end__ = .
                0x00000000                __qspi_flash_code_size__ = (__qspi_flash_end__ - __qspi_flash_start__)
                0x00009474                __qspi_flash_code_addr__ = (__etext + (__data_end__ - __data_start__))

.qspi_non_retentive
                0x60000000        0x0 load address 0x00009474
                0x60000000                __qspi_non_retentive_start__ = .
 *(.qspi_non_retentive*)
                0x60000000                __qspi_non_retentive_end__ = .
                0x00000000                __qspi_non_retentive_size__ = (__qspi_non_retentive_end__ - __qspi_non_retentive_start__)
                0x04000000                __qspi_region_max_size__ = 0x4000000
                0x60000000                __qspi_region_start_address__ = __qspi_flash_start__
                0x64000000                __qspi_region_end_address__ = (__qspi_flash_start__ + __qspi_region_max_size__)
                0x60000000                __tz_QSPI_FLASH_N = __qspi_non_retentive_end__

.OSPI_DEVICE_0_NO_LOAD
                0x68000000        0x0
                0x68000000                . = ALIGN (0x4)
                0x68000000                __ospi_device_0_start__ = .
 *(.ospi_device_0_no_load*)
                0x68000000                . = ALIGN (0x4)
                0x68000000                __ospi_device_0_end__ = .

.OSPI_DEVICE_1_NO_LOAD
                0x70000000        0x0
                0x70000000                . = ALIGN (0x4)
                0x70000000                __ospi_device_1_start__ = .
 *(.ospi_device_1_no_load*)
                0x70000000                . = ALIGN (0x4)
                0x70000000                __ospi_device_1_end__ = .
                0x68000000                __tz_OSPI_DEVICE_0_S = ORIGIN (OSPI_DEVICE_0)

.OSPI_DEVICE_0  0x68000000        0x0
                0x68000000                __ospi_device_0_start__ = .
 *(.ospi_device_0*)
 *(.code_in_ospi_device_0*)
                0x68000000                __ospi_device_0_end__ = .
                0x00000000                __ospi_device_0_code_size__ = (__ospi_device_0_end__ - __ospi_device_0_start__)
                0x00009474                __ospi_device_0_code_addr__ = (__etext + (__data_end__ - __data_start__))

.ospi_device_0_non_retentive
                0x68000000        0x0 load address 0x00009474
                0x68000000                __ospi_device_0_non_retentive_start__ = .
 *(.ospi_device_0_non_retentive*)
                0x68000000                __ospi_device_0_non_retentive_end__ = .
                0x00000000                __ospi_device_0_non_retentive_size__ = (__ospi_device_0_non_retentive_end__ - __ospi_device_0_non_retentive_start__)
                0x08000000                __ospi_device_0_region_max_size__ = 0x8000000
                0x68000000                __ospi_device_0_region_start_address__ = __ospi_device_0_start__
                0x70000000                __ospi_device_0_region_end_address__ = (__ospi_device_0_start__ + __ospi_device_0_region_max_size__)
                0x68000000                __tz_OSPI_DEVICE_0_N = __ospi_device_0_non_retentive_end__
                0x70000000                __tz_OSPI_DEVICE_1_S = ORIGIN (OSPI_DEVICE_1)

.OSPI_DEVICE_1  0x70000000        0x0
                0x70000000                __ospi_device_1_start__ = .
 *(.ospi_device_1*)
 *(.code_in_ospi_device_1*)
                0x70000000                __ospi_device_1_end__ = .
                0x00000000                __ospi_device_1_code_size__ = (__ospi_device_1_end__ - __ospi_device_1_start__)
                0x00009474                __ospi_device_1_code_addr__ = (__etext + (__data_end__ - __data_start__))

.ospi_device_1_non_retentive
                0x70000000        0x0 load address 0x00009474
                0x70000000                __ospi_device_1_non_retentive_start__ = .
 *(.ospi_device_1_non_retentive*)
                0x70000000                __ospi_device_1_non_retentive_end__ = .
                0x00000000                __ospi_device_1_non_retentive_size__ = (__ospi_device_1_non_retentive_end__ - __ospi_device_1_non_retentive_start__)
                0x10000000                __ospi_device_1_region_max_size__ = 0x10000000
                0x70000000                __ospi_device_1_region_start_address__ = __ospi_device_1_start__
                0x80000000                __ospi_device_1_region_end_address__ = (__ospi_device_1_start__ + __ospi_device_1_region_max_size__)
                0x70000000                __tz_OSPI_DEVICE_1_N = __ospi_device_1_non_retentive_end__

.noinit         0x20000328       0x20
                0x20000328                . = ALIGN (0x4)
                0x20000328                __noinit_start = .
 *(.noinit*)
 .noinit        0x20000328       0x1c ./ra/fsp/src/bsp/mcu/all/bsp_clocks.o
                0x20000348                . = ALIGN (0x8)
 *fill*         0x20000344        0x4 
 *(.heap.*)
                0x20000348                __noinit_end = .

.bss            0x20000348      0x790
                0x20000348                . = ALIGN (0x4)
                0x20000348                __bss_start__ = .
 *(.bss*)
 .bss           0x20000348       0x1c n:/renesas/ra/e2studio_v2023-04_fsp_v4.5.0/toolchains/gcc_arm/gcc-arm-none-eabi-10.3-2021.10/bin/../lib/gcc/arm-none-eabi/10.3.1/thumb/v8-m.main+fp/hard/crtbegin.o
 .bss._SEGGER_RTT
                0x20000364       0xa8 ./src/SEGGER/SEGGER_RTT.o
                0x20000364                _SEGGER_RTT
 .bss._acUpBuffer
                0x2000040c      0x400 ./src/SEGGER/SEGGER_RTT.o
 .bss._acDownBuffer
                0x2000080c       0x10 ./src/SEGGER/SEGGER_RTT.o
 *fill*         0x2000081c        0x4 
 .bss.prev_time.1
                0x20000820        0x8 ./src/application.o
 .bss.prev_ticks.0
                0x20000828        0x4 ./src/application.o
 .bss.gp_console
                0x2000082c        0x4 ./src/console.o
                0x2000082c                gp_console
 .bss.blinky_thread
                0x20000830       0xb0 ./ra_gen/blinky_thread.o
                0x20000830                blinky_thread
 .bss.g_ioport_ctrl
                0x200008e0        0x8 ./ra_gen/common_data.o
                0x200008e0                g_ioport_ctrl
 .bss.g_fsp_common_thread_count
                0x200008e8        0x4 ./ra_gen/main.o
                0x200008e8                g_fsp_common_thread_count
 .bss.g_fsp_common_initialized
                0x200008ec        0x1 ./ra_gen/main.o
                0x200008ec                g_fsp_common_initialized
 *fill*         0x200008ed        0x3 
 .bss.g_fsp_common_initialized_semaphore
                0x200008f0       0x1c ./ra_gen/main.o
                0x200008f0                g_fsp_common_initialized_semaphore
 .bss._tx_semaphore_created_ptr
                0x2000090c        0x4 ./ra/microsoft/azure-rtos/threadx/common/src/tx_initialize_high_level.o
                0x2000090c                _tx_semaphore_created_ptr
 .bss._tx_semaphore_created_count
                0x20000910        0x4 ./ra/microsoft/azure-rtos/threadx/common/src/tx_initialize_high_level.o
                0x20000910                _tx_semaphore_created_count
 .bss._tx_byte_pool_created_ptr
                0x20000914        0x4 ./ra/microsoft/azure-rtos/threadx/common/src/tx_initialize_high_level.o
                0x20000914                _tx_byte_pool_created_ptr
 .bss._tx_byte_pool_created_count
                0x20000918        0x4 ./ra/microsoft/azure-rtos/threadx/common/src/tx_initialize_high_level.o
                0x20000918                _tx_byte_pool_created_count
 .bss._tx_initialize_unused_memory
                0x2000091c        0x4 ./ra/microsoft/azure-rtos/threadx/common/src/tx_initialize_high_level.o
                0x2000091c                _tx_initialize_unused_memory
 .bss._tx_thread_system_stack_ptr
                0x20000920        0x4 ./ra/microsoft/azure-rtos/threadx/common/src/tx_thread_initialize.o
                0x20000920                _tx_thread_system_stack_ptr
 .bss._tx_thread_current_ptr
                0x20000924        0x4 ./ra/microsoft/azure-rtos/threadx/common/src/tx_thread_initialize.o
                0x20000924                _tx_thread_current_ptr
 .bss._tx_thread_execute_ptr
                0x20000928        0x4 ./ra/microsoft/azure-rtos/threadx/common/src/tx_thread_initialize.o
                0x20000928                _tx_thread_execute_ptr
 .bss._tx_thread_created_ptr
                0x2000092c        0x4 ./ra/microsoft/azure-rtos/threadx/common/src/tx_thread_initialize.o
                0x2000092c                _tx_thread_created_ptr
 .bss._tx_thread_created_count
                0x20000930        0x4 ./ra/microsoft/azure-rtos/threadx/common/src/tx_thread_initialize.o
                0x20000930                _tx_thread_created_count
 .bss._tx_thread_priority_maps
                0x20000934        0x4 ./ra/microsoft/azure-rtos/threadx/common/src/tx_thread_initialize.o
                0x20000934                _tx_thread_priority_maps
 .bss._tx_thread_highest_priority