Archive member included to satisfy reference by file (symbol)

n:/renesas/ra/e2studio_v2023-04_fsp_v4.5.0/toolchains/gcc_arm/gcc-arm-none-eabi-10.3-2021.10/bin/../lib/gcc/arm-none-eabi/10.3.1/thumb/v8-m.main+fp/hard\libgcc.a(_arm_muldf3.o)
                              ./src/console_callbacks.o (__aeabi_dmul)
n:/renesas/ra/e2studio_v2023-04_fsp_v4.5.0/toolchains/gcc_arm/gcc-arm-none-eabi-10.3-2021.10/bin/../lib/gcc/arm-none-eabi/10.3.1/thumb/v8-m.main+fp/hard\libgcc.a(_arm_addsubdf3.o)
                              ./src/console_callbacks.o (__aeabi_dadd)
n:/renesas/ra/e2studio_v2023-04_fsp_v4.5.0/toolchains/gcc_arm/gcc-arm-none-eabi-10.3-2021.10/bin/../lib/gcc/arm-none-eabi/10.3.1/thumb/v8-m.main+fp/hard\libgcc.a(_arm_muldivdf3.o)
                              ./src/console_callbacks.o (__aeabi_ddiv)
n:/renesas/ra/e2studio_v2023-04_fsp_v4.5.0/toolchains/gcc_arm/gcc-arm-none-eabi-10.3-2021.10/bin/../lib/gcc/arm-none-eabi/10.3.1/thumb/v8-m.main+fp/hard\libgcc.a(_arm_cmpdf2.o)
                              ./src/console_callbacks.o (__aeabi_dcmplt)
n:/renesas/ra/e2studio_v2023-04_fsp_v4.5.0/toolchains/gcc_arm/gcc-arm-none-eabi-10.3-2021.10/bin/../lib/gcc/arm-none-eabi/10.3.1/../../../../arm-none-eabi/lib/thumb/v8-m.main+fp/hard\libg_nano.a(lib_a-atoi.o)
                              ./src/sf_console/sf_console.o (atoi)
n:/renesas/ra/e2studio_v2023-04_fsp_v4.5.0/toolchains/gcc_arm/gcc-arm-none-eabi-10.3-2021.10/bin/../lib/gcc/arm-none-eabi/10.3.1/../../../../arm-none-eabi/lib/thumb/v8-m.main+fp/hard\libg_nano.a(lib_a-ctype_.o)
                              ./src/sf_console/sf_console.o (_ctype_)
n:/renesas/ra/e2studio_v2023-04_fsp_v4.5.0/toolchains/gcc_arm/gcc-arm-none-eabi-10.3-2021.10/bin/../lib/gcc/arm-none-eabi/10.3.1/../../../../arm-none-eabi/lib/thumb/v8-m.main+fp/hard\libg_nano.a(lib_a-errno.o)
                              ./ra/fsp/src/bsp/mcu/all/bsp_sbrk.o (__errno)
n:/renesas/ra/e2studio_v2023-04_fsp_v4.5.0/toolchains/gcc_arm/gcc-arm-none-eabi-10.3-2021.10/bin/../lib/gcc/arm-none-eabi/10.3.1/../../../../arm-none-eabi/lib/thumb/v8-m.main+fp/hard\libg_nano.a(lib_a-exit.o)
                              n:/renesas/ra/e2studio_v2023-04_fsp_v4.5.0/toolchains/gcc_arm/gcc-arm-none-eabi-10.3-2021.10/bin/../lib/gcc/arm-none-eabi/10.3.1/../../../../arm-none-eabi/lib/thumb/v8-m.main+fp/hard/rdimon-crt0.o (exit)
n:/renesas/ra/e2studio_v2023-04_fsp_v4.5.0/toolchains/gcc_arm/gcc-arm-none-eabi-10.3-2021.10/bin/../lib/gcc/arm-none-eabi/10.3.1/../../../../arm-none-eabi/lib/thumb/v8-m.main+fp/hard\libg_nano.a(lib_a-impure.o)
                              n:/renesas/ra/e2studio_v2023-04_fsp_v4.5.0/toolchains/gcc_arm/gcc-arm-none-eabi-10.3-2021.10/bin/../lib/gcc/arm-none-eabi/10.3.1/../../../../arm-none-eabi/lib/thumb/v8-m.main+fp/hard\libg_nano.a(lib_a-exit.o) (_global_impure_ptr)
n:/renesas/ra/e2studio_v2023-04_fsp_v4.5.0/toolchains/gcc_arm/gcc-arm-none-eabi-10.3-2021.10/bin/../lib/gcc/arm-none-eabi/10.3.1/../../../../arm-none-eabi/lib/thumb/v8-m.main+fp/hard\libg_nano.a(lib_a-init.o)
                              n:/renesas/ra/e2studio_v2023-04_fsp_v4.5.0/toolchains/gcc_arm/gcc-arm-none-eabi-10.3-2021.10/bin/../lib/gcc/arm-none-eabi/10.3.1/../../../../arm-none-eabi/lib/thumb/v8-m.main+fp/hard/rdimon-crt0.o (__libc_init_array)
n:/renesas/ra/e2studio_v2023-04_fsp_v4.5.0/toolchains/gcc_arm/gcc-arm-none-eabi-10.3-2021.10/bin/../lib/gcc/arm-none-eabi/10.3.1/../../../../arm-none-eabi/lib/thumb/v8-m.main+fp/hard\libg_nano.a(lib_a-memcpy-stub.o)
                              ./src/SEGGER_RTT/SEGGER_RTT.o (memcpy)
n:/renesas/ra/e2studio_v2023-04_fsp_v4.5.0/toolchains/gcc_arm/gcc-arm-none-eabi-10.3-2021.10/bin/../lib/gcc/arm-none-eabi/10.3.1/../../../../arm-none-eabi/lib/thumb/v8-m.main+fp/hard\libg_nano.a(lib_a-memset.o)
                              n:/renesas/ra/e2studio_v2023-04_fsp_v4.5.0/toolchains/gcc_arm/gcc-arm-none-eabi-10.3-2021.10/bin/../lib/gcc/arm-none-eabi/10.3.1/../../../../arm-none-eabi/lib/thumb/v8-m.main+fp/hard/rdimon-crt0.o (memset)
n:/renesas/ra/e2studio_v2023-04_fsp_v4.5.0/toolchains/gcc_arm/gcc-arm-none-eabi-10.3-2021.10/bin/../lib/gcc/arm-none-eabi/10.3.1/../../../../arm-none-eabi/lib/thumb/v8-m.main+fp/hard\libg_nano.a(lib_a-nano-vfprintf_float.o)
                              (_printf_float)
n:/renesas/ra/e2studio_v2023-04_fsp_v4.5.0/toolchains/gcc_arm/gcc-arm-none-eabi-10.3-2021.10/bin/../lib/gcc/arm-none-eabi/10.3.1/../../../../arm-none-eabi/lib/thumb/v8-m.main+fp/hard\libg_nano.a(lib_a-nano-vfprintf_i.o)
                              n:/renesas/ra/e2studio_v2023-04_fsp_v4.5.0/toolchains/gcc_arm/gcc-arm-none-eabi-10.3-2021.10/bin/../lib/gcc/arm-none-eabi/10.3.1/../../../../arm-none-eabi/lib/thumb/v8-m.main+fp/hard\libg_nano.a(lib_a-nano-vfprintf_float.o) (_printf_common)
n:/renesas/ra/e2studio_v2023-04_fsp_v4.5.0/toolchains/gcc_arm/gcc-arm-none-eabi-10.3-2021.10/bin/../lib/gcc/arm-none-eabi/10.3.1/../../../../arm-none-eabi/lib/thumb/v8-m.main+fp/hard\libg_nano.a(lib_a-strlen.o)
[...]
Memory Configuration

Name             Origin             Length             Attributes
ITCM             0x00000000         0x00000000         xr
DTCM             0x00000000         0x00000000         xrw
FLASH            0x00000000         0x00100000         xr
RAM              0x20000000         0x00040000         xrw
DATA_FLASH       0x08000000         0x00002000         xr
QSPI_FLASH       0x60000000         0x04000000         xr
OSPI_DEVICE_0    0x68000000         0x08000000         xr
OSPI_DEVICE_1    0x70000000         0x10000000         xr
OSPI_DEVICE_0_RAM 0x68000000         0x08000000         xrw
OSPI_DEVICE_1_RAM 0x70000000         0x10000000         xrw
SDRAM            0x80010000         0x00000000         xrw
OPTION_SETTING   0x0100a100         0x00000100         r
OPTION_SETTING_S 0x0100a200         0x00000100         r
ID_CODE          0x00000000         0x00000000         xr
*default*        0x00000000         0xffffffff

Linker script and memory map

LOAD n:/renesas/ra/e2studio_v2023-04_fsp_v4.5.0/toolchains/gcc_arm/gcc-arm-none-eabi-10.3-2021.10/bin/../lib/gcc/arm-none-eabi/10.3.1/thumb/v8-m.main+fp/hard/crti.o
LOAD n:/renesas/ra/e2studio_v2023-04_fsp_v4.5.0/toolchains/gcc_arm/gcc-arm-none-eabi-10.3-2021.10/bin/../lib/gcc/arm-none-eabi/10.3.1/thumb/v8-m.main+fp/hard/crtbegin.o
LOAD n:/renesas/ra/e2studio_v2023-04_fsp_v4.5.0/toolchains/gcc_arm/gcc-arm-none-eabi-10.3-2021.10/bin/../lib/gcc/arm-none-eabi/10.3.1/../../../../arm-none-eabi/lib/thumb/v8-m.main+fp/hard/rdimon-crt0.o
START GROUP
LOAD ./src/sf_console/sf_console.o
LOAD ./src/sf_console/sf_rtt_comms.o
LOAD ./src/SEGGER_RTT/SEGGER_RTT.o
LOAD ./src/SEGGER_RTT/SEGGER_RTT_printf.o
LOAD ./src/application.o
LOAD ./src/blinky_thread_entry.o
LOAD ./src/console.o
LOAD ./src/console_callbacks.o
LOAD ./src/hal_entry.o
LOAD ./ra_gen/blinky_thread.o
LOAD ./ra_gen/common_data.o
LOAD ./ra_gen/hal_data.o
LOAD ./ra_gen/main.o
LOAD ./ra_gen/pin_data.o
LOAD ./ra_gen/vector_data.o
LOAD ./ra/microsoft/azure-rtos/threadx/common/src/tx_block_allocate.o
LOAD ./ra/microsoft/azure-rtos/threadx/common/src/tx_block_pool_cleanup.o
LOAD ./ra/microsoft/azure-rtos/threadx/common/src/tx_block_pool_create.o
LOAD ./ra/microsoft/azure-rtos/threadx/common/src/tx_block_pool_delete.o
LOAD ./ra/microsoft/azure-rtos/threadx/common/src/tx_block_pool_info_get.o
LOAD ./ra/microsoft/azure-rtos/threadx/common/src/tx_block_pool_initialize.o
LOAD ./ra/microsoft/azure-rtos/threadx/common/src/tx_block_pool_performance_info_get.o
LOAD ./ra/microsoft/azure-rtos/threadx/common/src/tx_block_pool_performance_system_info_get.o
LOAD ./ra/microsoft/azure-rtos/threadx/common/src/tx_block_pool_prioritize.o
LOAD ./ra/microsoft/azure-rtos/threadx/common/src/tx_block_release.o
LOAD ./ra/microsoft/azure-rtos/threadx/common/src/tx_byte_allocate.o
LOAD ./ra/microsoft/azure-rtos/threadx/common/src/tx_byte_pool_cleanup.o
LOAD ./ra/microsoft/azure-rtos/threadx/common/src/tx_byte_pool_create.o
LOAD ./ra/microsoft/azure-rtos/threadx/common/src/tx_byte_pool_delete.o
LOAD ./ra/microsoft/azure-rtos/threadx/common/src/tx_byte_pool_info_get.o
LOAD ./ra/microsoft/azure-rtos/threadx/common/src/tx_byte_pool_initialize.o
LOAD ./ra/microsoft/azure-rtos/threadx/common/src/tx_byte_pool_performance_info_get.o
LOAD ./ra/microsoft/azure-rtos/threadx/common/src/tx_byte_pool_performance_system_info_get.o
LOAD ./ra/microsoft/azure-rtos/threadx/common/src/tx_byte_pool_prioritize.o
LOAD ./ra/microsoft/azure-rtos/threadx/common/src/tx_byte_pool_search.o
LOAD ./ra/microsoft/azure-rtos/threadx/common/src/tx_byte_release.o
LOAD ./ra/microsoft/azure-rtos/threadx/common/src/tx_event_flags_cleanup.o
LOAD ./ra/microsoft/azure-rtos/threadx/common/src/tx_event_flags_create.o
LOAD ./ra/microsoft/azure-rtos/threadx/common/src/tx_event_flags_delete.o
LOAD ./ra/microsoft/azure-rtos/threadx/common/src/tx_event_flags_get.o
LOAD ./ra/microsoft/azure-rtos/threadx/common/src/tx_event_flags_info_get.o
LOAD ./ra/microsoft/azure-rtos/threadx/common/src/tx_event_flags_initialize.o
LOAD ./ra/microsoft/azure-rtos/threadx/common/src/tx_event_flags_performance_info_get.o
LOAD ./ra/microsoft/azure-rtos/threadx/common/src/tx_event_flags_performance_system_info_get.o
LOAD ./ra/microsoft/azure-rtos/threadx/common/src/tx_event_flags_set.o
LOAD ./ra/microsoft/azure-rtos/threadx/common/src/tx_event_flags_set_notify.o
LOAD ./ra/microsoft/azure-rtos/threadx/common/src/tx_initialize_high_level.o
LOAD ./ra/microsoft/azure-rtos/threadx/common/src/tx_initialize_kernel_enter.o
LOAD ./ra/microsoft/azure-rtos/threadx/common/src/tx_initialize_kernel_setup.o
LOAD ./ra/microsoft/azure-rtos/threadx/common/src/tx_mutex_cleanup.o
LOAD ./ra/microsoft/azure-rtos/threadx/common/src/tx_mutex_create.o
LOAD ./ra/microsoft/azure-rtos/threadx/common/src/tx_mutex_delete.o
LOAD ./ra/microsoft/azure-rtos/threadx/common/src/tx_mutex_get.o
LOAD ./ra/microsoft/azure-rtos/threadx/common/src/tx_mutex_info_get.o
LOAD ./ra/microsoft/azure-rtos/threadx/common/src/tx_mutex_initialize.o
LOAD ./ra/microsoft/azure-rtos/threadx/common/src/tx_mutex_performance_info_get.o
LOAD ./ra/microsoft/azure-rtos/threadx/common/src/tx_mutex_performance_system_info_get.o
LOAD ./ra/microsoft/azure-rtos/threadx/common/src/tx_mutex_prioritize.o
LOAD ./ra/microsoft/azure-rtos/threadx/common/src/tx_mutex_priority_change.o
LOAD ./ra/microsoft/azure-rtos/threadx/common/src/tx_mutex_put.o
LOAD ./ra/microsoft/azure-rtos/threadx/common/src/tx_queue_cleanup.o
LOAD ./ra/microsoft/azure-rtos/threadx/common/src/tx_queue_create.o
LOAD ./ra/microsoft/azure-rtos/threadx/common/src/tx_queue_delete.o
LOAD ./ra/microsoft/azure-rtos/threadx/common/src/tx_queue_flush.o
LOAD ./ra/microsoft/azure-rtos/threadx/common/src/tx_queue_front_send.o
LOAD ./ra/microsoft/azure-rtos/threadx/common/src/tx_queue_info_get.o
LOAD ./ra/microsoft/azure-rtos/threadx/common/src/tx_queue_initialize.o
LOAD ./ra/microsoft/azure-rtos/threadx/common/src/tx_queue_performance_info_get.o
LOAD ./ra/microsoft/azure-rtos/threadx/common/src/tx_queue_performance_system_info_get.o
LOAD ./ra/microsoft/azure-rtos/threadx/common/src/tx_queue_prioritize.o
LOAD ./ra/microsoft/azure-rtos/threadx/common/src/tx_queue_receive.o
LOAD ./ra/microsoft/azure-rtos/threadx/common/src/tx_queue_send.o
LOAD ./ra/microsoft/azure-rtos/threadx/common/src/tx_queue_send_notify.o
LOAD ./ra/microsoft/azure-rtos/threadx/common/src/tx_semaphore_ceiling_put.o
LOAD ./ra/microsoft/azure-rtos/threadx/common/src/tx_semaphore_cleanup.o
LOAD ./ra/microsoft/azure-rtos/threadx/common/src/tx_semaphore_create.o
LOAD ./ra/microsoft/azure-rtos/threadx/common/src/tx_semaphore_delete.o
LOAD ./ra/microsoft/azure-rtos/threadx/common/src/tx_semaphore_get.o
LOAD ./ra/microsoft/azure-rtos/threadx/common/src/tx_semaphore_info_get.o
LOAD ./ra/microsoft/azure-rtos/threadx/common/src/tx_semaphore_initialize.o
LOAD ./ra/microsoft/azure-rtos/threadx/common/src/tx_semaphore_performance_info_get.o
LOAD ./ra/microsoft/azure-rtos/threadx/common/src/tx_semaphore_performance_system_info_get.o
LOAD ./ra/microsoft/azure-rtos/threadx/common/src/tx_semaphore_prioritize.o
LOAD ./ra/microsoft/azure-rtos/threadx/common/src/tx_semaphore_put.o
LOAD ./ra/microsoft/azure-rtos/threadx/common/src/tx_semaphore_put_notify.o
LOAD ./ra/microsoft/azure-rtos/threadx/common/src/tx_thread_create.o
LOAD ./ra/microsoft/azure-rtos/threadx/common/src/tx_thread_delete.o
LOAD ./ra/microsoft/azure-rtos/threadx/common/src/tx_thread_entry_exit_notify.o
LOAD ./ra/microsoft/azure-rtos/threadx/common/src/tx_thread_identify.o
LOAD ./ra/microsoft/azure-rtos/threadx/common/src/tx_thread_info_get.o
LOAD ./ra/microsoft/azure-rtos/threadx/common/src/tx_thread_initialize.o
LOAD ./ra/microsoft/azure-rtos/threadx/common/src/tx_thread_performance_info_get.o
LOAD ./ra/microsoft/azure-rtos/threadx/common/src/tx_thread_performance_system_info_get.o
LOAD ./ra/microsoft/azure-rtos/threadx/common/src/tx_thread_preemption_change.o
LOAD ./ra/microsoft/azure-rtos/threadx/common/src/tx_thread_priority_change.o
LOAD ./ra/microsoft/azure-rtos/threadx/common/src/tx_thread_relinquish.o
LOAD ./ra/microsoft/azure-rtos/threadx/common/src/tx_thread_reset.o
LOAD ./ra/microsoft/azure-rtos/threadx/common/src/tx_thread_resume.o
LOAD ./ra/microsoft/azure-rtos/threadx/common/src/tx_thread_shell_entry.o
LOAD ./ra/microsoft/azure-rtos/threadx/common/src/tx_thread_sleep.o
LOAD ./ra/microsoft/azure-rtos/threadx/common/src/tx_thread_stack_analyze.o
LOAD ./ra/microsoft/azure-rtos/threadx/common/src/tx_thread_stack_error_handler.o
LOAD ./ra/microsoft/azure-rtos/threadx/common/src/tx_thread_stack_error_notify.o
LOAD ./ra/microsoft/azure-rtos/threadx/common/src/tx_thread_suspend.o
LOAD ./ra/microsoft/azure-rtos/threadx/common/src/tx_thread_system_preempt_check.o
LOAD ./ra/microsoft/azure-rtos/threadx/common/src/tx_thread_system_resume.o
LOAD ./ra/microsoft/azure-rtos/threadx/common/src/tx_thread_system_suspend.o
LOAD ./ra/microsoft/azure-rtos/threadx/common/src/tx_thread_terminate.o
LOAD ./ra/microsoft/azure-rtos/threadx/common/src/tx_thread_time_slice.o
LOAD ./ra/microsoft/azure-rtos/threadx/common/src/tx_thread_time_slice_change.o
LOAD ./ra/microsoft/azure-rtos/threadx/common/src/tx_thread_timeout.o
LOAD ./ra/microsoft/azure-rtos/threadx/common/src/tx_thread_wait_abort.o
LOAD ./ra/microsoft/azure-rtos/threadx/common/src/tx_time_get.o
LOAD ./ra/microsoft/azure-rtos/threadx/common/src/tx_time_set.o
LOAD ./ra/microsoft/azure-rtos/threadx/common/src/tx_timer_activate.o
LOAD ./ra/microsoft/azure-rtos/threadx/common/src/tx_timer_change.o
LOAD ./ra/microsoft/azure-rtos/threadx/common/src/tx_timer_create.o
LOAD ./ra/microsoft/azure-rtos/threadx/common/src/tx_timer_deactivate.o
LOAD ./ra/microsoft/azure-rtos/threadx/common/src/tx_timer_delete.o
LOAD ./ra/microsoft/azure-rtos/threadx/common/src/tx_timer_expiration_process.o
LOAD ./ra/microsoft/azure-rtos/threadx/common/src/tx_timer_info_get.o
LOAD ./ra/microsoft/azure-rtos/threadx/common/src/tx_timer_initialize.o
LOAD ./ra/microsoft/azure-rtos/threadx/common/src/tx_timer_performance_info_get.o
LOAD ./ra/microsoft/azure-rtos/threadx/common/src/tx_timer_performance_system_info_get.o
LOAD ./ra/microsoft/azure-rtos/threadx/common/src/tx_timer_system_activate.o
LOAD ./ra/microsoft/azure-rtos/threadx/common/src/tx_timer_system_deactivate.o
LOAD ./ra/microsoft/azure-rtos/threadx/common/src/tx_timer_thread_entry.o
LOAD ./ra/microsoft/azure-rtos/threadx/common/src/tx_trace_buffer_full_notify.o
LOAD ./ra/microsoft/azure-rtos/threadx/common/src/tx_trace_disable.o
LOAD ./ra/microsoft/azure-rtos/threadx/common/src/tx_trace_enable.o
LOAD ./ra/microsoft/azure-rtos/threadx/common/src/tx_trace_event_filter.o
LOAD ./ra/microsoft/azure-rtos/threadx/common/src/tx_trace_event_unfilter.o
LOAD ./ra/microsoft/azure-rtos/threadx/common/src/tx_trace_initialize.o
LOAD ./ra/microsoft/azure-rtos/threadx/common/src/tx_trace_interrupt_control.o
LOAD ./ra/microsoft/azure-rtos/threadx/common/src/tx_trace_isr_enter_insert.o
LOAD ./ra/microsoft/azure-rtos/threadx/common/src/tx_trace_isr_exit_insert.o
LOAD ./ra/microsoft/azure-rtos/threadx/common/src/tx_trace_object_register.o
LOAD ./ra/microsoft/azure-rtos/threadx/common/src/tx_trace_object_unregister.o
LOAD ./ra/microsoft/azure-rtos/threadx/common/src/tx_trace_user_event_insert.o
LOAD ./ra/microsoft/azure-rtos/threadx/common/src/txe_block_allocate.o
LOAD ./ra/microsoft/azure-rtos/threadx/common/src/txe_block_pool_create.o
LOAD ./ra/microsoft/azure-rtos/threadx/common/src/txe_block_pool_delete.o
LOAD ./ra/microsoft/azure-rtos/threadx/common/src/txe_block_pool_info_get.o
LOAD ./ra/microsoft/azure-rtos/threadx/common/src/txe_block_pool_prioritize.o
LOAD ./ra/microsoft/azure-rtos/threadx/common/src/txe_block_release.o
LOAD ./ra/microsoft/azure-rtos/threadx/common/src/txe_byte_allocate.o
LOAD ./ra/microsoft/azure-rtos/threadx/common/src/txe_byte_pool_create.o
LOAD ./ra/microsoft/azure-rtos/threadx/common/src/txe_byte_pool_delete.o
LOAD ./ra/microsoft/azure-rtos/threadx/common/src/txe_byte_pool_info_get.o
LOAD ./ra/microsoft/azure-rtos/threadx/common/src/txe_byte_pool_prioritize.o
LOAD ./ra/microsoft/azure-rtos/threadx/common/src/txe_byte_release.o
LOAD ./ra/microsoft/azure-rtos/threadx/common/src/txe_event_flags_create.o
LOAD ./ra/microsoft/azure-rtos/threadx/common/src/txe_event_flags_delete.o
LOAD ./ra/microsoft/azure-rtos/threadx/common/src/txe_event_flags_get.o
LOAD ./ra/microsoft/azure-rtos/threadx/common/src/txe_event_flags_info_get.o
LOAD ./ra/microsoft/azure-rtos/threadx/common/src/txe_event_flags_set.o
LOAD ./ra/microsoft/azure-rtos/threadx/common/src/txe_event_flags_set_notify.o
LOAD ./ra/microsoft/azure-rtos/threadx/common/src/txe_mutex_create.o
LOAD ./ra/microsoft/azure-rtos/threadx/common/src/txe_mutex_delete.o
LOAD ./ra/microsoft/azure-rtos/threadx/common/src/txe_mutex_get.o
LOAD ./ra/microsoft/azure-rtos/threadx/common/src/txe_mutex_info_get.o
LOAD ./ra/microsoft/azure-rtos/threadx/common/src/txe_mutex_prioritize.o
LOAD ./ra/microsoft/azure-rtos/threadx/common/src/txe_mutex_put.o
LOAD ./ra/microsoft/azure-rtos/threadx/common/src/txe_queue_create.o
LOAD ./ra/microsoft/azure-rtos/threadx/common/src/txe_queue_delete.o
LOAD ./ra/microsoft/azure-rtos/threadx/common/src/txe_queue_flush.o
LOAD ./ra/microsoft/azure-rtos/threadx/common/src/txe_queue_front_send.o
LOAD ./ra/microsoft/azure-rtos/threadx/common/src/txe_queue_info_get.o
LOAD ./ra/microsoft/azure-rtos/threadx/common/src/txe_queue_prioritize.o
LOAD ./ra/microsoft/azure-rtos/threadx/common/src/txe_queue_receive.o
LOAD ./ra/microsoft/azure-rtos/threadx/common/src/txe_queue_send.o
LOAD ./ra/microsoft/azure-rtos/threadx/common/src/txe_queue_send_notify.o
LOAD ./ra/microsoft/azure-rtos/threadx/common/src/txe_semaphore_ceiling_put.o
LOAD ./ra/microsoft/azure-rtos/threadx/common/src/txe_semaphore_create.o
LOAD ./ra/microsoft/azure-rtos/threadx/common/src/txe_semaphore_delete.o
LOAD ./ra/microsoft/azure-rtos/threadx/common/src/txe_semaphore_get.o
LOAD ./ra/microsoft/azure-rtos/threadx/common/src/txe_semaphore_info_get.o
LOAD ./ra/microsoft/azure-rtos/threadx/common/src/txe_semaphore_prioritize.o
LOAD ./ra/microsoft/azure-rtos/threadx/common/src/txe_semaphore_put.o
LOAD ./ra/microsoft/azure-rtos/threadx/common/src/txe_semaphore_put_notify.o
LOAD ./ra/microsoft/azure-rtos/threadx/common/src/txe_thread_create.o
LOAD ./ra/microsoft/azure-rtos/threadx/common/src/txe_thread_delete.o
LOAD ./ra/microsoft/azure-rtos/threadx/common/src/txe_thread_entry_exit_notify.o
LOAD ./ra/microsoft/azure-rtos/threadx/common/src/txe_thread_info_get.o
LOAD ./ra/microsoft/azure-rtos/threadx/common/src/txe_thread_preemption_change.o
LOAD ./ra/microsoft/azure-rtos/threadx/common/src/txe_thread_priority_change.o
LOAD ./ra/microsoft/azure-rtos/threadx/common/src/txe_thread_relinquish.o
LOAD ./ra/microsoft/azure-rtos/threadx/common/src/txe_thread_reset.o
LOAD ./ra/microsoft/azure-rtos/threadx/common/src/txe_thread_resume.o
LOAD ./ra/microsoft/azure-rtos/threadx/common/src/txe_thread_suspend.o
LOAD ./ra/microsoft/azure-rtos/threadx/common/src/txe_thread_terminate.o
LOAD ./ra/microsoft/azure-rtos/threadx/common/src/txe_thread_time_slice_change.o
LOAD ./ra/microsoft/azure-rtos/threadx/common/src/txe_thread_wait_abort.o
LOAD ./ra/microsoft/azure-rtos/threadx/common/src/txe_timer_activate.o
LOAD ./ra/microsoft/azure-rtos/threadx/common/src/txe_timer_change.o
LOAD ./ra/microsoft/azure-rtos/threadx/common/src/txe_timer_create.o
LOAD ./ra/microsoft/azure-rtos/threadx/common/src/txe_timer_deactivate.o
LOAD ./ra/microsoft/azure-rtos/threadx/common/src/txe_timer_delete.o
LOAD ./ra/microsoft/azure-rtos/threadx/common/src/txe_timer_info_get.o
LOAD ./ra/fsp/src/rm_threadx_port/tx_iar.o
LOAD ./ra/fsp/src/rm_threadx_port/tx_initialize_low_level.o
LOAD ./ra/fsp/src/rm_threadx_port/tx_isr_end.o
LOAD ./ra/fsp/src/rm_threadx_port/tx_isr_start.o
LOAD ./ra/fsp/src/rm_threadx_port/tx_port_wait_thread_ready.o
LOAD ./ra/fsp/src/rm_threadx_port/tx_thread_interrupt_control.o
LOAD ./ra/fsp/src/rm_threadx_port/tx_thread_interrupt_disable.o
LOAD ./ra/fsp/src/rm_threadx_port/tx_thread_interrupt_restore.o
LOAD ./ra/fsp/src/rm_threadx_port/tx_thread_schedule.o
LOAD ./ra/fsp/src/rm_threadx_port/tx_thread_secure_stack_allocate.o
LOAD ./ra/fsp/src/rm_threadx_port/tx_thread_secure_stack_free.o
LOAD ./ra/fsp/src/rm_threadx_port/tx_thread_stack_build.o
LOAD ./ra/fsp/src/rm_threadx_port/tx_thread_system_return.o
LOAD ./ra/fsp/src/rm_threadx_port/tx_timer_interrupt.o
LOAD ./ra/fsp/src/rm_threadx_port/txe_thread_secure_stack_allocate.o
LOAD ./ra/fsp/src/rm_threadx_port/txe_thread_secure_stack_free.o
LOAD ./ra/fsp/src/r_ioport/r_ioport.o
LOAD ./ra/fsp/src/bsp/mcu/all/bsp_clocks.o
LOAD ./ra/fsp/src/bsp/mcu/all/bsp_common.o
LOAD ./ra/fsp/src/bsp/mcu/all/bsp_delay.o
LOAD ./ra/fsp/src/bsp/mcu/all/bsp_group_irq.o
LOAD ./ra/fsp/src/bsp/mcu/all/bsp_guard.o
LOAD ./ra/fsp/src/bsp/mcu/all/bsp_io.o
LOAD ./ra/fsp/src/bsp/mcu/all/bsp_irq.o
LOAD ./ra/fsp/src/bsp/mcu/all/bsp_register_protection.o
LOAD ./ra/fsp/src/bsp/mcu/all/bsp_rom_registers.o
LOAD ./ra/fsp/src/bsp/mcu/all/bsp_sbrk.o
LOAD ./ra/fsp/src/bsp/mcu/all/bsp_security.o
LOAD ./ra/fsp/src/bsp/cmsis/Device/RENESAS/Source/startup.o
LOAD ./ra/fsp/src/bsp/cmsis/Device/RENESAS/Source/system.o
LOAD ./ra/board/ra6m4_ek/board_init.o
LOAD ./ra/board/ra6m4_ek/board_leds.o
END GROUP
START GROUP
LOAD n:/renesas/ra/e2studio_v2023-04_fsp_v4.5.0/toolchains/gcc_arm/gcc-arm-none-eabi-10.3-2021.10/bin/../lib/gcc/arm-none-eabi/10.3.1/thumb/v8-m.main+fp/hard\libgcc.a
LOAD n:/renesas/ra/e2studio_v2023-04_fsp_v4.5.0/toolchains/gcc_arm/gcc-arm-none-eabi-10.3-2021.10/bin/../lib/gcc/arm-none-eabi/10.3.1/../../../../arm-none-eabi/lib/thumb/v8-m.main+fp/hard\libg_nano.a
LOAD n:/renesas/ra/e2studio_v2023-04_fsp_v4.5.0/toolchains/gcc_arm/gcc-arm-none-eabi-10.3-2021.10/bin/../lib/gcc/arm-none-eabi/10.3.1/../../../../arm-none-eabi/lib/thumb/v8-m.main+fp/hard\libc_nano.a
END GROUP
START GROUP
LOAD n:/renesas/ra/e2studio_v2023-04_fsp_v4.5.0/toolchains/gcc_arm/gcc-arm-none-eabi-10.3-2021.10/bin/../lib/gcc/arm-none-eabi/10.3.1/thumb/v8-m.main+fp/hard\libgcc.a
LOAD n:/renesas/ra/e2studio_v2023-04_fsp_v4.5.0/toolchains/gcc_arm/gcc-arm-none-eabi-10.3-2021.10/bin/../lib/gcc/arm-none-eabi/10.3.1/../../../../arm-none-eabi/lib/thumb/v8-m.main+fp/hard\libc_nano.a
LOAD n:/renesas/ra/e2studio_v2023-04_fsp_v4.5.0/toolchains/gcc_arm/gcc-arm-none-eabi-10.3-2021.10/bin/../lib/gcc/arm-none-eabi/10.3.1/../../../../arm-none-eabi/lib/thumb/v8-m.main+fp/hard\librdimon_nano.a
END GROUP
START GROUP
LOAD n:/renesas/ra/e2studio_v2023-04_fsp_v4.5.0/toolchains/gcc_arm/gcc-arm-none-eabi-10.3-2021.10/bin/../lib/gcc/arm-none-eabi/10.3.1/thumb/v8-m.main+fp/hard\libgcc.a
LOAD n:/renesas/ra/e2studio_v2023-04_fsp_v4.5.0/toolchains/gcc_arm/gcc-arm-none-eabi-10.3-2021.10/bin/../lib/gcc/arm-none-eabi/10.3.1/../../../../arm-none-eabi/lib/thumb/v8-m.main+fp/hard\libc_nano.a
LOAD n:/renesas/ra/e2studio_v2023-04_fsp_v4.5.0/toolchains/gcc_arm/gcc-arm-none-eabi-10.3-2021.10/bin/../lib/gcc/arm-none-eabi/10.3.1/../../../../arm-none-eabi/lib/thumb/v8-m.main+fp/hard\librdimon_nano.a
END GROUP
LOAD n:/renesas/ra/e2studio_v2023-04_fsp_v4.5.0/toolchains/gcc_arm/gcc-arm-none-eabi-10.3-2021.10/bin/../lib/gcc/arm-none-eabi/10.3.1/thumb/v8-m.main+fp/hard/crtend.o
LOAD n:/renesas/ra/e2studio_v2023-04_fsp_v4.5.0/toolchains/gcc_arm/gcc-arm-none-eabi-10.3-2021.10/bin/../lib/gcc/arm-none-eabi/10.3.1/thumb/v8-m.main+fp/hard/crtn.o
                0x20000000                RAM_START = 0x20000000
                0x00040000                RAM_LENGTH = 0x40000
                0x00000000                FLASH_START = 0x0
                0x00100000                FLASH_LENGTH = 0x100000
                0x08000000                DATA_FLASH_START = 0x8000000
                0x00002000                DATA_FLASH_LENGTH = 0x2000
                0x0100a100                OPTION_SETTING_START = 0x100a100
                0x00000100                OPTION_SETTING_LENGTH = 0x100
                0x0100a200                OPTION_SETTING_S_START = 0x100a200
                0x00000100                OPTION_SETTING_S_LENGTH = 0x100
                0x00000000                ID_CODE_START = 0x0
                0x00000000                ID_CODE_LENGTH = 0x0
                0x80010000                SDRAM_START = 0x80010000
                0x00000000                SDRAM_LENGTH = 0x0
                0x60000000                QSPI_FLASH_START = 0x60000000
                0x04000000                QSPI_FLASH_LENGTH = 0x4000000
                0x68000000                OSPI_DEVICE_0_START = 0x68000000
                0x08000000                OSPI_DEVICE_0_LENGTH = 0x8000000
                0x70000000                OSPI_DEVICE_1_START = 0x70000000
                0x10000000                OSPI_DEVICE_1_LENGTH = 0x10000000
                0x04000000                QSPI_FLASH_PRV_LENGTH = DEFINED (QSPI_FLASH_SIZE)?ABSOLUTE (QSPI_FLASH_SIZE):ABSOLUTE (QSPI_FLASH_LENGTH)
                0x08000000                OSPI_DEVICE_0_PRV_LENGTH = DEFINED (OSPI_DEVICE_0_SIZE)?ABSOLUTE (OSPI_DEVICE_0_SIZE):ABSOLUTE (OSPI_DEVICE_0_LENGTH)
                0x10000000                OSPI_DEVICE_1_PRV_LENGTH = DEFINED (OSPI_DEVICE_1_SIZE)?ABSOLUTE (OSPI_DEVICE_1_SIZE):ABSOLUTE (OSPI_DEVICE_1_LENGTH)
                0x00000000                __RESERVE_NS_RAM = ((! (DEFINED (PROJECT_NONSECURE)) && DEFINED (RAM_NS_BUFFER_LENGTH)) && (OPTION_SETTING_S_LENGTH != 0x0))
                0x00000000                ITCM_START = DEFINED (ITCM_START)?ITCM_START:0x0
                0x00000000                ITCM_LENGTH = DEFINED (ITCM_LENGTH)?ITCM_LENGTH:0x0
                0x00000000                DTCM_START = DEFINED (DTCM_START)?DTCM_START:0x0
                0x00000000                DTCM_LENGTH = DEFINED (DTCM_LENGTH)?DTCM_LENGTH:0x0
                0x00000000                NS_OFFSET_START = DEFINED (NS_OFFSET_START)?NS_OFFSET_START:0x0
                0x00000000                NS_IMAGE_OFFSET = DEFINED (PROJECT_NONSECURE)?NS_OFFSET_START:0x0
                0x00000000                RAM_NS_BUFFER_BLOCK_LENGTH = DEFINED (RAM_NS_BUFFER_LENGTH)?ALIGN (RAM_NS_BUFFER_LENGTH, 0x2000):0x0
                0x00000000                RAM_NS_BUFFER_LENGTH = DEFINED (RAM_NS_BUFFER_LENGTH)?RAM_NS_BUFFER_LENGTH:0x0
                0x20040000                RAM_NS_BUFFER_START = ((RAM_START + RAM_LENGTH) - RAM_NS_BUFFER_LENGTH)
                0x20040000                RAM_NS_BUFFER_BLOCK_START = ((RAM_START + RAM_LENGTH) - RAM_NS_BUFFER_BLOCK_LENGTH)
                0x0100a180                OPTION_SETTING_START_NS = DEFINED (PROJECT_NONSECURE)?OPTION_SETTING_START:(OPTION_SETTING_START + 0x80)
                0x00000001                __bl_FSP_BOOTABLE_IMAGE = 0x1
                0x00000001                __bln_FSP_BOOTABLE_IMAGE = 0x1
                0x00000001                PROJECT_SECURE_OR_FLAT = (((! (DEFINED (PROJECT_NONSECURE)) || DEFINED (PROJECT_SECURE)) && OPTION_SETTING_LENGTH) && ! (DEFINED (FSP_BOOTABLE_IMAGE)))
                0x00000000                USE_OPTION_SETTING_NS = (DEFINED (PROJECT_NONSECURE) && ! (DEFINED (FSP_BOOTABLE_IMAGE)))
                0x00000000                __bl_FLASH_IMAGE_START = ! (DEFINED (FLASH_BOOTLOADER_LENGTH))?0x0:(FLASH_APPLICATION_IMAGE_NUMBER == 0x1)?(FLASH_BOOTLOADER_LENGTH + FLASH_BOOTLOADER_HEADER_LENGTH):(((FLASH_BOOTLOADER_LENGTH + FLASH_BOOTLOADER_SCRATCH_LENGTH) + FLASH_APPLICATION_S_LENGTH) + FLASH_BOOTLOADER_HEADER_LENGTH)
                0x00000000                __bl_FLASH_IMAGE_LENGTH = ! (DEFINED (FLASH_BOOTLOADER_LENGTH))?0x0:(FLASH_APPLICATION_S_LENGTH - FLASH_BOOTLOADER_HEADER_LENGTH)
                0x00000000                __bl_FLASH_IMAGE_END = (__bl_FLASH_IMAGE_START + __bl_FLASH_IMAGE_LENGTH)
                0x00000000                __bl_XIP_SECONDARY_FLASH_IMAGE_START = ! (DEFINED (FLASH_BOOTLOADER_LENGTH))?0x0:((FLASH_BOOTLOADER_LENGTH + FLASH_APPLICATION_S_LENGTH) + FLASH_BOOTLOADER_HEADER_LENGTH)
                0x00000000                __bl_XIP_SECONDARY_FLASH_IMAGE_END = (__bl_XIP_SECONDARY_FLASH_IMAGE_START + __bl_FLASH_IMAGE_LENGTH)
                0x00000000                __bl_FLASH_NS_START = ! (DEFINED (FLASH_BOOTLOADER_LENGTH))?0x0:(FLASH_APPLICATION_NS_LENGTH == 0x0)?__bl_FLASH_IMAGE_END:((__bl_FLASH_IMAGE_START - FLASH_BOOTLOADER_HEADER_LENGTH) + FLASH_APPLICATION_S_LENGTH)
                0x00000000                __bl_FLASH_NSC_START = ! (DEFINED (FLASH_BOOTLOADER_LENGTH))?0x0:(FLASH_APPLICATION_NS_LENGTH == 0x0)?__bl_FLASH_IMAGE_END:(__bl_FLASH_NS_START - FLASH_APPLICATION_NSC_LENGTH)
                0x00000000                __bl_RAM_NS_START = ! (DEFINED (FLASH_BOOTLOADER_LENGTH))?0x0:(FLASH_APPLICATION_NS_LENGTH == 0x0)?(RAM_START + RAM_LENGTH):((RAM_START + RAM_LENGTH) - RAM_APPLICATION_NS_LENGTH)
                0x00000000                __bl_RAM_NSC_START = ! (DEFINED (FLASH_BOOTLOADER_LENGTH))?0x0:(FLASH_APPLICATION_NS_LENGTH == 0x0)?(RAM_START + RAM_LENGTH):(__bl_RAM_NS_START - RAM_APPLICATION_NSC_LENGTH)
                0x00000000                __bl_FLASH_NS_IMAGE_START = ! (DEFINED (FLASH_BOOTLOADER_LENGTH))?0x0:(FLASH_APPLICATION_NS_LENGTH == 0x0)?__bl_FLASH_IMAGE_END:(__bl_FLASH_NS_START + FLASH_BOOTLOADER_HEADER_LENGTH_2)
                0x00000000                __bln_FLASH_IMAGE_START = __bl_FLASH_NS_IMAGE_START
                0x00000000                __bln_FLASH_IMAGE_LENGTH = ! (DEFINED (FLASH_BOOTLOADER_LENGTH))?0x0:(FLASH_APPLICATION_NS_LENGTH == 0x0)?__bl_FLASH_IMAGE_END:(FLASH_APPLICATION_NS_LENGTH - FLASH_BOOTLOADER_HEADER_LENGTH_2)
                0x00000000                XIP_SECONDARY_SLOT_IMAGE = DEFINED (XIP_SECONDARY_SLOT_IMAGE)?XIP_SECONDARY_SLOT_IMAGE:0x0
                0x00000000                FLASH_ORIGIN = ! (DEFINED (FLASH_IMAGE_START))?FLASH_START:(XIP_SECONDARY_SLOT_IMAGE == 0x1)?XIP_SECONDARY_FLASH_IMAGE_START:FLASH_IMAGE_START
                0x00100000                LIMITED_FLASH_LENGTH = DEFINED (FLASH_IMAGE_LENGTH)?FLASH_IMAGE_LENGTH:DEFINED (FLASH_BOOTLOADER_LENGTH)?FLASH_BOOTLOADER_LENGTH:FLASH_LENGTH
START GROUP
LOAD n:/renesas/ra/e2studio_v2023-04_fsp_v4.5.0/toolchains/gcc_arm/gcc-arm-none-eabi-10.3-2021.10/bin/../lib/gcc/arm-none-eabi/10.3.1/thumb/v8-m.main+fp/hard\libgcc.a
LOAD n:/renesas/ra/e2studio_v2023-04_fsp_v4.5.0/toolchains/gcc_arm/gcc-arm-none-eabi-10.3-2021.10/bin/../lib/gcc/arm-none-eabi/10.3.1/../../../../arm-none-eabi/lib/thumb/v8-m.main+fp/hard\libc.a
LOAD n:/renesas/ra/e2studio_v2023-04_fsp_v4.5.0/toolchains/gcc_arm/gcc-arm-none-eabi-10.3-2021.10/bin/../lib/gcc/arm-none-eabi/10.3.1/../../../../arm-none-eabi/lib/thumb/v8-m.main+fp/hard\libm.a
LOAD n:/renesas/ra/e2studio_v2023-04_fsp_v4.5.0/toolchains/gcc_arm/gcc-arm-none-eabi-10.3-2021.10/bin/../lib/gcc/arm-none-eabi/10.3.1/../../../../arm-none-eabi/lib/thumb/v8-m.main+fp/hard\libnosys.a
END GROUP

.itcm_data      0x00000000        0x0
                0x00000000                __tz_ITCM_S = ABSOLUTE (ITCM_START)
                0x00000000                __itcm_data_start__ = .
 *(.itcm_data*)
                0x00000000                __itcm_data_end__ = .
                0x00000000                __tz_ITCM_N = DEFINED (ITCM_NS_START)?ABSOLUTE (ITCM_NS_START):ALIGN (__itcm_data_end__, 0x2000)

.text           0x00000000     0x9a84
                0x00000000                __tz_FLASH_S = ABSOLUTE (FLASH_START)
                0x00000000                __ROM_Start = .
 *(.fixed_vectors*)
 .fixed_vectors
                0x00000000       0x40 ./ra/fsp/src/bsp/cmsis/Device/RENESAS/Source/startup.o
                0x00000000                __Vectors
 *(.application_vectors*)
                0x00000040                __Vectors_End = .
                0x00000040                . = (OPTION_SETTING_LENGTH > 0x0)?.:(__ROM_Start + 0x400)
 *(.rom_registers*)
                0x00000040                . = (OPTION_SETTING_LENGTH > 0x0)?.:(__ROM_Start + 0x500)
                0x00000080                . = ALIGN (0x80)
 *fill*         0x00000040       0x40 ff
 *(.mcuboot_sce9_key*)
 *(.text*)
 .text          0x00000080       0x40 n:/renesas/ra/e2studio_v2023-04_fsp_v4.5.0/toolchains/gcc_arm/gcc-arm-none-eabi-10.3-2021.10/bin/../lib/gcc/arm-none-eabi/10.3.1/thumb/v8-m.main+fp/hard/crtbegin.o
 .text.SF_CONSOLE_Open
                0x000000c0       0x78 ./src/sf_console/sf_console.o
                0x000000c0                SF_CONSOLE_Open
 .text.SF_CONSOLE_Close
                0x00000138       0x34 ./src/sf_console/sf_console.o
                0x00000138                SF_CONSOLE_Close
 .text.SF_CONSOLE_Parse
                0x0000016c      0x114 ./src/sf_console/sf_console.o
                0x0000016c                SF_CONSOLE_Parse
 .text.SF_CONSOLE_Prompt
                0x00000280      0x108 ./src/sf_console/sf_console.o
                0x00000280                SF_CONSOLE_Prompt
 .text.SF_CONSOLE_Read
                0x00000388       0x5e ./src/sf_console/sf_console.o
                0x00000388                SF_CONSOLE_Read
 .text.SF_CONSOLE_Write
                0x000003e6       0x58 ./src/sf_console/sf_console.o
                0x000003e6                SF_CONSOLE_Write
 *fill*         0x0000043e        0x2 ff
 .text.SF_CONSOLE_ArgumentFind
                0x00000440       0xf0 ./src/sf_console/sf_console.o
                0x00000440                SF_CONSOLE_ArgumentFind
 .text.SF_CONSOLE_CallbackNextMenu
                0x00000530       0x3e ./src/sf_console/sf_console.o
                0x00000530                SF_CONSOLE_CallbackNextMenu
 *fill*         0x0000056e        0x2 ff
 .text.check_for_match
                0x00000570       0xb0 ./src/sf_console/sf_console.o
 .text.delete_char
                0x00000620       0xd8 ./src/sf_console/sf_console.o
 .text.insert_char
                0x000006f8       0xb6 ./src/sf_console/sf_console.o
 .text.move_cursor
                0x000007ae       0x5e ./src/sf_console/sf_console.o
 .text.print_help_menu
                0x0000080c      0x19c ./src/sf_console/sf_console.o
 .text.sf_console_continue_parsing
                0x000009a8       0x74 ./src/sf_console/sf_console.o
 .text.sf_console_call_callback
                0x00000a1c       0x7a ./src/sf_console/sf_console.o
 .text.sf_console_read_process_up_arrow
                0x00000a96       0x86 ./src/sf_console/sf_console.o
 .text.sf_console_read_process_escape
                0x00000b1c       0xce ./src/sf_console/sf_console.o
 *fill*         0x00000bea        0x2 ff
 .text.sf_console_read_process_backspace
                0x00000bec       0x5c ./src/sf_console/sf_console.o
 .text.sf_console_read_process_new_line
                0x00000c48       0x60 ./src/sf_console/sf_console.o
 .text.sf_console_read_process_byte
                0x00000ca8      0x134 ./src/sf_console/sf_console.o
 .text.sf_console_read_main
                0x00000ddc       0xc8 ./src/sf_console/sf_console.o
 .text.check_for_overflow
                0x00000ea4       0x46 ./src/sf_console/sf_console.o
 .text.SF_RTT_COMMS_Open
                0x00000eea       0x1c ./src/sf_console/sf_rtt_comms.o
                0x00000eea                SF_RTT_COMMS_Open
 .text.SF_RTT_COMMS_Close
                0x00000f06       0x1a ./src/sf_console/sf_rtt_comms.o
                0x00000f06                SF_RTT_COMMS_Close
 .text.SF_RTT_COMMS_Read
                0x00000f20       0x70 ./src/sf_console/sf_rtt_comms.o
                0x00000f20                SF_RTT_COMMS_Read
 .text.SF_RTT_COMMS_Write
                0x00000f90       0x68 ./src/sf_console/sf_rtt_comms.o
                0x00000f90                SF_RTT_COMMS_Write
 .text.SF_RTT_COMMS_Lock
                0x00000ff8       0x20 ./src/sf_console/sf_rtt_comms.o
                0x00000ff8                SF_RTT_COMMS_Lock
 .text.SF_RTT_COMMS_Unlock
                0x00001018       0x1e ./src/sf_console/sf_rtt_comms.o
                0x00001018                SF_RTT_COMMS_Unlock
 *fill*         0x00001036        0x2 ff
 .text._DoInit  0x00001038       0xb0 ./src/SEGGER_RTT/SEGGER_RTT.o
 .text._WriteBlocking
                0x000010e8       0xba ./src/SEGGER_RTT/SEGGER_RTT.o
 .text._WriteNoCheck
                0x000011a2       0x90 ./src/SEGGER_RTT/SEGGER_RTT.o
 .text._GetAvailWriteSpace
                0x00001232       0x46 ./src/SEGGER_RTT/SEGGER_RTT.o
 .text.SEGGER_RTT_ReadNoLock
                0x00001278      0x10c ./src/SEGGER_RTT/SEGGER_RTT.o
                0x00001278                SEGGER_RTT_ReadNoLock
 .text.SEGGER_RTT_Read
                0x00001384       0x36 ./src/SEGGER_RTT/SEGGER_RTT.o
                0x00001384                SEGGER_RTT_Read
 *fill*         0x000013ba        0x2 ff
 .text.SEGGER_RTT_WriteNoLock
                0x000013bc       0xa0 ./src/SEGGER_RTT/SEGGER_RTT.o
                0x000013bc                SEGGER_RTT_WriteNoLock
 .text.SEGGER_RTT_Write
                0x0000145c       0x4c ./src/SEGGER_RTT/SEGGER_RTT.o
                0x0000145c                SEGGER_RTT_Write
 .text.SEGGER_RTT_PutChar
                0x000014a8       0xac ./src/SEGGER_RTT/SEGGER_RTT.o
                0x000014a8                SEGGER_RTT_PutChar
 .text.SEGGER_RTT_GetKey
                0x00001554       0x36 ./src/SEGGER_RTT/SEGGER_RTT.o
                0x00001554                SEGGER_RTT_GetKey
 .text._StoreChar
                0x0000158a       0x7c ./src/SEGGER_RTT/SEGGER_RTT_printf.o
 *fill*         0x00001606        0x2 ff
 .text._PrintUnsigned
                0x00001608      0x15c ./src/SEGGER_RTT/SEGGER_RTT_printf.o
 .text._PrintInt
                0x00001764      0x14e ./src/SEGGER_RTT/SEGGER_RTT_printf.o
 *fill*         0x000018b2        0x2 ff
 .text.SEGGER_RTT_vprintf
                0x000018b4      0x3a8 ./src/SEGGER_RTT/SEGGER_RTT_printf.o
                0x000018b4                SEGGER_RTT_vprintf
 .text.SEGGER_RTT_printf
                0x00001c5c       0x30 ./src/SEGGER_RTT/SEGGER_RTT_printf.o
                0x00001c5c                SEGGER_RTT_printf
 .text.application_define
                0x00001c8c      0x16c ./src/application.o
                0x00001c8c                application_define
 .text.application_get_status
                0x00001df8       0x24 ./src/application.o
                0x00001df8                application_get_status
 .text.application_thread_entry
                0x00001e1c      0x174 ./src/application.o
                0x00001e1c                application_thread_entry
 .text.application_feature_monitor_timer_callback
                0x00001f90       0x50 ./src/application.o
                0x00001f90                application_feature_monitor_timer_callback
 .text.blinky_thread_entry
                0x00001fe0        0xe ./src/blinky_thread_entry.o
                0x00001fe0                blinky_thread_entry
 *fill*         0x00001fee        0x2 ff
 .text.console_define
                0x00001ff0      0x138 ./src/console.o
                0x00001ff0                console_define
 .text.console_get_status
                0x00002128       0x24 ./src/console.o
                0x00002128                console_get_status
 .text.console_thread_entry
                0x0000214c       0xf0 ./src/console.o
                0x0000214c                console_thread_entry
 .text.feature_start_callback
                0x0000223c       0x30 ./src/console_callbacks.o
                0x0000223c                feature_start_callback
 .text.feature_status_callback
                0x0000226c       0xa8 ./src/console_callbacks.o
                0x0000226c                feature_status_callback
 *fill*         0x00002314        0x4 ff
 .text.custom_code_callback
                0x00002318      0x194 ./src/console_callbacks.o
                0x00002318                custom_code_callback
 .text.R_BSP_WarmStart
                0x000024ac       0x2c ./src/hal_entry.o
                0x000024ac                R_BSP_WarmStart
 .text.tx_application_define_user
                0x000024d8       0x88 ./src/hal_entry.o
                0x000024d8                tx_application_define_user
 .text.blinky_thread_create
                0x00002560       0x68 ./ra_gen/blinky_thread.o
                0x00002560                blinky_thread_create
 .text.blinky_thread_func
                0x000025c8       0x18 ./ra_gen/blinky_thread.o
 .text.g_common_init
                0x000025e0        0xe ./ra_gen/common_data.o
                0x000025e0                g_common_init
 .text.g_hal_init
                0x000025ee        0xc ./ra_gen/hal_data.o
                0x000025ee                g_hal_init
 *fill*         0x000025fa        0x2 ff
 .text.tx_application_define
                0x000025fc       0x54 ./ra_gen/main.o
                0x000025fc                tx_application_define
 .text.tx_startup_err_callback_internal
                0x00002650       0x18 ./ra_gen/main.o
                0x00002650                tx_startup_err_callback_internal
                0x00002650                tx_startup_err_callback
 .text.tx_startup_common_init
                0x00002668       0x80 ./ra_gen/main.o
                0x00002668                tx_startup_common_init
 .text.main     0x000026e8        0xe ./ra_gen/main.o
                0x000026e8                main
 *fill*         0x000026f6        0x2 ff
 .text._tx_byte_allocate
                0x000026f8      0x188 ./ra/microsoft/azure-rtos/threadx/common/src/tx_byte_allocate.o
                0x000026f8                _tx_byte_allocate
 .text._tx_byte_pool_cleanup
                0x00002880       0xf4 ./ra/microsoft/azure-rtos/threadx/common/src/tx_byte_pool_cleanup.o
                0x00002880                _tx_byte_pool_cleanup
 .text._tx_byte_pool_create
                0x00002974      0x12c ./ra/microsoft/azure-rtos/threadx/common/src/tx_byte_pool_create.o
                0x00002974                _tx_byte_pool_create
 .text._tx_byte_pool_search
                0x00002aa0      0x218 ./ra/microsoft/azure-rtos/threadx/common/src/tx_byte_pool_search.o
                0x00002aa0                _tx_byte_pool_search
 .text._tx_initialize_high_level
                0x00002cb8       0x10 ./ra/microsoft/azure-rtos/threadx/common/src/tx_initialize_high_level.o
                0x00002cb8                _tx_initialize_high_level
 .text._tx_initialize_kernel_enter
                0x00002cc8       0x54 ./ra/microsoft/azure-rtos/threadx/common/src/tx_initialize_kernel_enter.o
                0x00002cc8                _tx_initialize_kernel_enter
 .text._tx_queue_cleanup
                0x00002d1c      0x104 ./ra/microsoft/azure-rtos/threadx/common/src/tx_queue_cleanup.o
                0x00002d1c                _tx_queue_cleanup
 .text._tx_queue_create
                0x00002e20       0xe8 ./ra/microsoft/azure-rtos/threadx/common/src/tx_queue_create.o
                0x00002e20                _tx_queue_create
 .text._tx_queue_receive
                0x00002f08      0x38c ./ra/microsoft/azure-rtos/threadx/common/src/tx_queue_receive.o
                0x00002f08                _tx_queue_receive
 .text._tx_queue_send
                0x00003294      0x258 ./ra/microsoft/azure-rtos/threadx/common/src/tx_queue_send.o
                0x00003294                _tx_queue_send
 .text._tx_semaphore_cleanup
                0x000034ec       0xf4 ./ra/microsoft/azure-rtos/threadx/common/src/tx_semaphore_cleanup.o
                0x000034ec                _tx_semaphore_cleanup
 .text._tx_semaphore_create
                0x000035e0       0xa4 ./ra/microsoft/azure-rtos/threadx/common/src/tx_semaphore_create.o
                0x000035e0                _tx_semaphore_create
 .text._tx_semaphore_get
                0x00003684      0x124 ./ra/microsoft/azure-rtos/threadx/common/src/tx_semaphore_get.o
                0x00003684                _tx_semaphore_get
 .text._tx_semaphore_put
                0x000037a8       0xb0 ./ra/microsoft/azure-rtos/threadx/common/src/tx_semaphore_put.o
                0x000037a8                _tx_semaphore_put
 .text._tx_thread_create
                0x00003858      0x1e8 ./ra/microsoft/azure-rtos/threadx/common/src/tx_thread_create.o
                0x00003858                _tx_thread_create
 .text._tx_thread_initialize
                0x00003a40       0x28 ./ra/microsoft/azure-rtos/threadx/common/src/tx_thread_initialize.o
                0x00003a40                _tx_thread_initialize
 .text._tx_thread_shell_entry
                0x00003a68       0x9c ./ra/microsoft/azure-rtos/threadx/common/src/tx_thread_shell_entry.o
                0x00003a68                _tx_thread_shell_entry
 .text._tx_thread_sleep
                0x00003b04       0xe0 ./ra/microsoft/azure-rtos/threadx/common/src/tx_thread_sleep.o
                0x00003b04                _tx_thread_sleep
 .text._tx_thread_system_return_inline
                0x00003be4       0x44 ./ra/microsoft/azure-rtos/threadx/common/src/tx_thread_system_preempt_check.o
 .text._tx_thread_system_preempt_check
                0x00003c28       0x40 ./ra/microsoft/azure-rtos/threadx/common/src/tx_thread_system_preempt_check.o
                0x00003c28                _tx_thread_system_preempt_check
 .text._tx_thread_system_return_inline
                0x00003c68       0x44 ./ra/microsoft/azure-rtos/threadx/common/src/tx_thread_system_resume.o
 .text._tx_thread_system_resume
                0x00003cac      0x19c ./ra/microsoft/azure-rtos/threadx/common/src/tx_thread_system_resume.o
                0x00003cac                _tx_thread_system_resume
 .text._tx_thread_system_return_inline
                0x00003e48       0x44 ./ra/microsoft/azure-rtos/threadx/common/src/tx_thread_system_suspend.o
 .text._tx_thread_system_suspend
                0x00003e8c      0x1b8 ./ra/microsoft/azure-rtos/threadx/common/src/tx_thread_system_suspend.o
                0x00003e8c                _tx_thread_system_suspend
 .text._tx_thread_time_slice
                0x00004044       0xa0 ./ra/microsoft/azure-rtos/threadx/common/src/tx_thread_time_slice.o
                0x00004044                _tx_thread_time_slice
 .text._tx_thread_timeout
                0x000040e4       0x74 ./ra/microsoft/azure-rtos/threadx/common/src/tx_thread_timeout.o
                0x000040e4                _tx_thread_timeout
 .text._tx_time_get
                0x00004158       0x38 ./ra/microsoft/azure-rtos/threadx/common/src/tx_time_get.o
                0x00004158                _tx_time_get
 .text._tx_timer_create
                0x00004190       0xc8 ./ra/microsoft/azure-rtos/threadx/common/src/tx_timer_create.o
                0x00004190                _tx_timer_create
 .text._tx_timer_expiration_process
                0x00004258      0x1ac ./ra/microsoft/azure-rtos/threadx/common/src/tx_timer_expiration_process.o
                0x00004258                _tx_timer_expiration_process
 .text._tx_timer_initialize
                0x00004404       0x48 ./ra/microsoft/azure-rtos/threadx/common/src/tx_timer_initialize.o
                0x00004404                _tx_timer_initialize
 .text._tx_timer_system_activate
                0x0000444c       0xc4 ./ra/microsoft/azure-rtos/threadx/common/src/tx_timer_system_activate.o
                0x0000444c                _tx_timer_system_activate
 .text._tx_timer_system_deactivate
                0x00004510       0x6e ./ra/microsoft/azure-rtos/threadx/common/src/tx_timer_system_deactivate.o
                0x00004510                _tx_timer_system_deactivate
 *fill*         0x0000457e        0x2 ff
 .text._txe_byte_allocate
                0x00004580       0xc8 ./ra/microsoft/azure-rtos/threadx/common/src/txe_byte_allocate.o
                0x00004580                _txe_byte_allocate
 .text._txe_byte_pool_create
                0x00004648      0x124 ./ra/microsoft/azure-rtos/threadx/common/src/txe_byte_pool_create.o
                0x00004648                _txe_byte_pool_create
 .text._txe_queue_create
                0x0000476c      0x144 ./ra/microsoft/azure-rtos/threadx/common/src/txe_queue_create.o
                0x0000476c                _txe_queue_create
 .text._txe_queue_receive
                0x000048b0       0x78 ./ra/microsoft/azure-rtos/threadx/common/src/txe_queue_receive.o
                0x000048b0                _txe_queue_receive
 .text._txe_queue_send
                0x00004928       0x78 ./ra/microsoft/azure-rtos/threadx/common/src/txe_queue_send.o
                0x00004928                _txe_queue_send
 .text._txe_semaphore_create
                0x000049a0      0x10c ./ra/microsoft/azure-rtos/threadx/common/src/txe_semaphore_create.o
                0x000049a0                _txe_semaphore_create
 .text._txe_semaphore_get
                0x00004aac       0x68 ./ra/microsoft/azure-rtos/threadx/common/src/txe_semaphore_get.o
                0x00004aac                _txe_semaphore_get
 .text._txe_semaphore_put
                0x00004b14       0x3c ./ra/microsoft/azure-rtos/threadx/common/src/txe_semaphore_put.o
                0x00004b14                _txe_semaphore_put
 .text._txe_thread_create
                0x00004b50      0x1c8 ./ra/microsoft/azure-rtos/threadx/common/src/txe_thread_create.o
                0x00004b50                _txe_thread_create
 .text._txe_timer_create
                0x00004d18      0x138 ./ra/microsoft/azure-rtos/threadx/common/src/txe_timer_create.o
                0x00004d18                _txe_timer_create
 .text.__NVIC_SetPriority
                0x00004e50       0x54 ./ra/fsp/src/rm_threadx_port/tx_initialize_low_level.o
 .text.SysTick_Config
                0x00004ea4       0x44 ./ra/fsp/src/rm_threadx_port/tx_initialize_low_level.o
 .text._tx_initialize_low_level
                0x00004ee8       0x74 ./ra/fsp/src/rm_threadx_port/tx_initialize_low_level.o
                0x00004ee8                _tx_initialize_low_level
 .text._tx_port_wait_thread_ready
                0x00004f5c       0xd4 ./ra/fsp/src/rm_threadx_port/tx_port_wait_thread_ready.o
                0x00004f5c                _tx_port_wait_thread_ready
 .text._tx_thread_schedule
                0x00005030       0x2c ./ra/fsp/src/rm_threadx_port/tx_thread_schedule.o
                0x00005030                _tx_thread_schedule
 .text.PendSV_Handler
                0x0000505c       0x80 ./ra/fsp/src/rm_threadx_port/tx_thread_schedule.o
                0x0000505c                PendSV_Handler
 .text.SysTick_Handler
                0x000050dc        0xc ./ra/fsp/src/rm_threadx_port/tx_thread_schedule.o
                0x000050dc                SysTick_Handler
 .text._tx_thread_stack_build
                0x000050e8       0x62 ./ra/fsp/src/rm_threadx_port/tx_thread_stack_build.o
                0x000050e8                _tx_thread_stack_build
 *fill*         0x0000514a        0x2 ff
 .text._tx_timer_interrupt
                0x0000514c       0xdc ./ra/fsp/src/rm_threadx_port/tx_timer_interrupt.o
                0x0000514c                _tx_timer_interrupt
 .text.R_BSP_PinRead
                0x00005228       0x38 ./ra/fsp/src/r_ioport/r_ioport.o
 .text.R_BSP_PinAccessEnable
                0x00005260       0x60 ./ra/fsp/src/r_ioport/r_ioport.o
 .text.R_BSP_PinAccessDisable
                0x000052c0       0x68 ./ra/fsp/src/r_ioport/r_ioport.o
 .text.R_IOPORT_Open
                0x00005328       0x28 ./ra/fsp/src/r_ioport/r_ioport.o
                0x00005328                R_IOPORT_Open
 .text.R_IOPORT_Close
                0x00005350       0x20 ./ra/fsp/src/r_ioport/r_ioport.o
                0x00005350                R_IOPORT_Close
 .text.R_IOPORT_PinsCfg
                0x00005370       0x1a ./ra/fsp/src/r_ioport/r_ioport.o
                0x00005370                R_IOPORT_PinsCfg
 .text.R_IOPORT_PinCfg
                0x0000538a       0x46 ./ra/fsp/src/r_ioport/r_ioport.o
                0x0000538a                R_IOPORT_PinCfg
 .text.R_IOPORT_PinRead
                0x000053d0       0x28 ./ra/fsp/src/r_ioport/r_ioport.o
                0x000053d0                R_IOPORT_PinRead
 .text.R_IOPORT_PortRead
                0x000053f8       0x3a ./ra/fsp/src/r_ioport/r_ioport.o
                0x000053f8                R_IOPORT_PortRead
 .text.R_IOPORT_PortWrite
                0x00005432       0x62 ./ra/fsp/src/r_ioport/r_ioport.o
                0x00005432                R_IOPORT_PortWrite
 .text.R_IOPORT_PinWrite
                0x00005494       0x6e ./ra/fsp/src/r_ioport/r_ioport.o
                0x00005494                R_IOPORT_PinWrite
 .text.R_IOPORT_PortDirectionSet
                0x00005502       0x72 ./ra/fsp/src/r_ioport/r_ioport.o
                0x00005502                R_IOPORT_PortDirectionSet
 .text.R_IOPORT_PortEventInputRead
                0x00005574       0x3e ./ra/fsp/src/r_ioport/r_ioport.o
                0x00005574                R_IOPORT_PortEventInputRead
 .text.R_IOPORT_PinEventInputRead
                0x000055b2       0x62 ./ra/fsp/src/r_ioport/r_ioport.o
                0x000055b2                R_IOPORT_PinEventInputRead
 .text.R_IOPORT_PortEventOutputWrite
                0x00005614       0x62 ./ra/fsp/src/r_ioport/r_ioport.o
                0x00005614                R_IOPORT_PortEventOutputWrite
 .text.R_IOPORT_PinEventOutputWrite
                0x00005676       0x5e ./ra/fsp/src/r_ioport/r_ioport.o
                0x00005676                R_IOPORT_PinEventOutputWrite
 .text.r_ioport_pins_config
                0x000056d4       0x56 ./ra/fsp/src/r_ioport/r_ioport.o
 .text.r_ioport_hw_pin_event_output_data_write
                0x0000572a       0x88 ./ra/fsp/src/r_ioport/r_ioport.o
 *fill*         0x000057b2        0x2 ff
 .text.r_ioport_pfs_write
                0x000057b4       0x78 ./ra/fsp/src/r_ioport/r_ioport.o
 .text.bsp_vbatt_init
                0x0000582c      0x108 ./ra/fsp/src/r_ioport/r_ioport.o
 .text.R_BSP_FlashCacheEnable
                0x00005934       0x40 ./ra/fsp/src/bsp/mcu/all/bsp_clocks.o
 .text.SystemCoreClockUpdate
                0x00005974       0x40 ./ra/fsp/src/bsp/mcu/all/bsp_clocks.o
                0x00005974                SystemCoreClockUpdate
 .text.bsp_prv_clock_set_hard_reset
                0x000059b4       0x30 ./ra/fsp/src/bsp/mcu/all/bsp_clocks.o
 .text.bsp_clock_freq_var_init
                0x000059e4       0x48 ./ra/fsp/src/bsp/mcu/all/bsp_clocks.o
 .text.bsp_clock_init
                0x00005a2c      0x100 ./ra/fsp/src/bsp/mcu/all/bsp_clocks.o
                0x00005a2c                bsp_clock_init
 .text.R_BSP_Init_RTC
                0x00005b2c       0x74 ./ra/fsp/src/bsp/mcu/all/bsp_clocks.o
                0x00005b2c                R_BSP_Init_RTC
 .text.__assert_func
                0x00005ba0       0x12 ./ra/fsp/src/bsp/mcu/all/bsp_common.o
                0x00005ba0                __assert_func
 *fill*         0x00005bb2        0x2 ff
 .text.R_BSP_SoftwareDelay
                0x00005bb4      0x164 ./ra/fsp/src/bsp/mcu/all/bsp_delay.o
                0x00005bb4                R_BSP_SoftwareDelay
 .text.bsp_prv_software_delay_loop
                0x00005d18        0xc ./ra/fsp/src/bsp/mcu/all/bsp_delay.o
                0x00005d18                bsp_prv_software_delay_loop
 .text.bsp_group_irq_call
                0x00005d24       0x30 ./ra/fsp/src/bsp/mcu/all/bsp_group_irq.o
 .text.NMI_Handler
                0x00005d54       0x4c ./ra/fsp/src/bsp/mcu/all/bsp_group_irq.o
                0x00005d54                NMI_Handler
 .text.bsp_irq_cfg
                0x00005da0       0xfc ./ra/fsp/src/bsp/mcu/all/bsp_irq.o
                0x00005da0                bsp_irq_cfg
 .text.R_BSP_RegisterProtectEnable
                0x00005e9c       0xa0 ./ra/fsp/src/bsp/mcu/all/bsp_register_protection.o
                0x00005e9c                R_BSP_RegisterProtectEnable
 .text.R_BSP_RegisterProtectDisable
                0x00005f3c       0x90 ./ra/fsp/src/bsp/mcu/all/bsp_register_protection.o
                0x00005f3c                R_BSP_RegisterProtectDisable
 .text._sbrk    0x00005fcc       0x6c ./ra/fsp/src/bsp/mcu/all/bsp_sbrk.o
                0x00005fcc                _sbrk
 .text.Reset_Handler
                0x00006038        0xe ./ra/fsp/src/bsp/cmsis/Device/RENESAS/Source/startup.o
                0x00006038                Reset_Handler
 .text.Default_Handler
                0x00006046       0x10 ./ra/fsp/src/bsp/cmsis/Device/RENESAS/Source/startup.o
                0x00006046                HardFault_Handler
                0x00006046                UsageFault_Handler
                0x00006046                SecureFault_Handler
                0x00006046                Default_Handler
                0x00006046                MemManage_Handler
                0x00006046                SVC_Handler
                0x00006046                BusFault_Handler
                0x00006046                DebugMon_Handler
 *fill*         0x00006056        0x2 ff
 .text.SystemInit
                0x00006058       0xf4 ./ra/fsp/src/bsp/cmsis/Device/RENESAS/Source/system.o
                0x00006058                SystemInit
 .text.bsp_init
                0x0000614c       0x14 ./ra/board/ra6m4_ek/board_init.o
                0x0000614c                bsp_init
 .text          0x00006160      0x378 n:/renesas/ra/e2studio_v2023-04_fsp_v4.5.0/toolchains/gcc_arm/gcc-arm-none-eabi-10.3-2021.10/bin/../lib/gcc/arm-none-eabi/10.3.1/thumb/v8-m.main+fp/hard\libgcc.a(_arm_addsubdf3.o)
                0x00006160                __aeabi_drsub
                0x00006168                __aeabi_dsub
                0x00006168                __subdf3
                0x0000616c                __aeabi_dadd
                0x0000616c                __adddf3
                0x000063e4                __floatunsidf
                0x000063e4                __aeabi_ui2d
                0x00006404                __floatsidf
                0x00006404                __aeabi_i2d
                0x00006428                __aeabi_f2d
                0x00006428                __extendsfdf2
                0x0000646c                __floatundidf
                0x0000646c                __aeabi_ul2d
                0x0000647c                __floatdidf
                0x0000647c                __aeabi_l2d
 .text          0x000064d8      0x424 n:/renesas/ra/e2studio_v2023-04_fsp_v4.5.0/toolchains/gcc_arm/gcc-arm-none-eabi-10.3-2021.10/bin/../lib/gcc/arm-none-eabi/10.3.1/thumb/v8-m.main+fp/hard\libgcc.a(_arm_muldivdf3.o)
                0x000064d8                __aeabi_dmul
                0x000064d8                __muldf3
                0x0000672c                __divdf3
                0x0000672c                __aeabi_ddiv
 .text          0x000068fc      0x110 n:/renesas/ra/e2studio_v2023-04_fsp_v4.5.0/toolchains/gcc_arm/gcc-arm-none-eabi-10.3-2021.10/bin/../lib/gcc/arm-none-eabi/10.3.1/thumb/v8-m.main+fp/hard\libgcc.a(_arm_cmpdf2.o)
                0x000068fc                __gtdf2
                0x000068fc                __gedf2
                0x00006904                __ltdf2
                0x00006904                __ledf2
                0x0000690c                __nedf2
                0x0000690c                __eqdf2
                0x0000690c                __cmpdf2
                0x00006988                __aeabi_cdrcmple
                0x00006998                __aeabi_cdcmpeq
                0x00006998                __aeabi_cdcmple
                0x000069a8                __aeabi_dcmpeq
                0x000069bc                __aeabi_dcmplt
                0x000069d0                __aeabi_dcmple
                0x000069e4                __aeabi_dcmpge
                0x000069f8                __aeabi_dcmpgt
 .text.atoi     0x00006a0c        0x8 n:/renesas/ra/e2studio_v2023-04_fsp_v4.5.0/toolchains/gcc_arm/gcc-arm-none-eabi-10.3-2021.10/bin/../lib/gcc/arm-none-eabi/10.3.1/../../../../arm-none-eabi/lib/thumb/v8-m.main+fp/hard\libg_nano.a(lib_a-atoi.o)
                0x00006a0c                atoi
 .text.__errno  0x00006a14        0xc n:/renesas/ra/e2studio_v2023-04_fsp_v4.5.0/toolchains/gcc_arm/gcc-arm-none-eabi-10.3-2021.10/bin/../lib/gcc/arm-none-eabi/10.3.1/../../../../arm-none-eabi/lib/thumb/v8-m.main+fp/hard\libg_nano.a(lib_a-errno.o)
                0x00006a14                __errno
 .text.memcpy   0x00006a20       0x1a n:/renesas/ra/e2studio_v2023-04_fsp_v4.5.0/toolchains/gcc_arm/gcc-arm-none-eabi-10.3-2021.10/bin/../lib/gcc/arm-none-eabi/10.3.1/../../../../arm-none-eabi/lib/thumb/v8-m.main+fp/hard\libg_nano.a(lib_a-memcpy-stub.o)
                0x00006a20                memcpy
 .text.memset   0x00006a3a       0x10 n:/renesas/ra/e2studio_v2023-04_fsp_v4.5.0/toolchains/gcc_arm/gcc-arm-none-eabi-10.3-2021.10/bin/../lib/gcc/arm-none-eabi/10.3.1/../../../../arm-none-eabi/lib/thumb/v8-m.main+fp/hard\libg_nano.a(lib_a-memset.o)
                0x00006a3a                memset
 .text.__cvt    0x00006a4a       0xc4 n:/renesas/ra/e2studio_v2023-04_fsp_v4.5.0/toolchains/gcc_arm/gcc-arm-none-eabi-10.3-2021.10/bin/../lib/gcc/arm-none-eabi/10.3.1/../../../../arm-none-eabi/lib/thumb/v8-m.main+fp/hard\libg_nano.a(lib_a-nano-vfprintf_float.o)
                0x00006a4a                __cvt
 .text.__exponent
                0x00006b0e       0x7c n:/renesas/ra/e2studio_v2023-04_fsp_v4.5.0/toolchains/gcc_arm/gcc-arm-none-eabi-10.3-2021.10/bin/../lib/gcc/arm-none-eabi/10.3.1/../../../../arm-none-eabi/lib/thumb/v8-m.main+fp/hard\libg_nano.a(lib_a-nano-vfprintf_float.o)
                0x00006b0e                __exponent
 *fill*         0x00006b8a        0x2 ff
 .text._printf_float
                0x00006b8c      0x46c n:/renesas/ra/e2studio_v2023-04_fsp_v4.5.0/toolchains/gcc_arm/gcc-arm-none-eabi-10.3-2021.10/bin/../lib/gcc/arm-none-eabi/10.3.1/../../../../arm-none-eabi/lib/thumb/v8-m.main+fp/hard\libg_nano.a(lib_a-nano-vfprintf_float.o)
                0x00006b8c                _printf_float
 .text._printf_common
                0x00006ff8       0xe0 n:/renesas/ra/e2studio_v2023-04_fsp_v4.5.0/toolchains/gcc_arm/gcc-arm-none-eabi-10.3-2021.10/bin/../lib/gcc/arm-none-eabi/10.3.1/../../../../arm-none-eabi/lib/thumb/v8-m.main+fp/hard\libg_nano.a(lib_a-nano-vfprintf_i.o)
                0x00006ff8                _printf_common
 .text          0x000070d8       0x10 n:/renesas/ra/e2studio_v2023-04_fsp_v4.5.0/toolchains/gcc_arm/gcc-arm-none-eabi-10.3-2021.10/bin/../lib/gcc/arm-none-eabi/10.3.1/../../../../arm-none-eabi/lib/thumb/v8-m.main+fp/hard\libg_nano.a(lib_a-strlen.o)
                0x000070d8                strlen
 .text._strtol_l.constprop.0
                0x000070e8      0x104 n:/renesas/ra/e2studio_v2023-04_fsp_v4.5.0/toolchains/gcc_arm/gcc-arm-none-eabi-10.3-2021.10/bin/../lib/gcc/arm-none-eabi/10.3.1/../../../../arm-none-eabi/lib/thumb/v8-m.main+fp/hard\libg_nano.a(lib_a-strtol.o)
 .text.strtol   0x000071ec       0x14 n:/renesas/ra/e2studio_v2023-04_fsp_v4.5.0/toolchains/gcc_arm/gcc-arm-none-eabi-10.3-2021.10/bin/../lib/gcc/arm-none-eabi/10.3.1/../../../../arm-none-eabi/lib/thumb/v8-m.main+fp/hard\libg_nano.a(lib_a-strtol.o)
                0x000071ec                strtol
 .text.time     0x00007200       0x34 n:/renesas/ra/e2studio_v2023-04_fsp_v4.5.0/toolchains/gcc_arm/gcc-arm-none-eabi-10.3-2021.10/bin/../lib/gcc/arm-none-eabi/10.3.1/../../../../arm-none-eabi/lib/thumb/v8-m.main+fp/hard\libg_nano.a(lib_a-time.o)
                0x00007200                time
 .text.quorem   0x00007234      0x122 n:/renesas/ra/e2studio_v2023-04_fsp_v4.5.0/toolchains/gcc_arm/gcc-arm-none-eabi-10.3-2021.10/bin/../lib/gcc/arm-none-eabi/10.3.1/../../../../arm-none-eabi/lib/thumb/v8-m.main+fp/hard\libg_nano.a(lib_a-dtoa.o)
 *fill*         0x00007356        0x2 ff
 .text._dtoa_r  0x00007358      0xbd8 n:/renesas/ra/e2studio_v2023-04_fsp_v4.5.0/toolchains/gcc_arm/gcc-arm-none-eabi-10.3-2021.10/bin/../lib/gcc/arm-none-eabi/10.3.1/../../../../arm-none-eabi/lib/thumb/v8-m.main+fp/hard\libg_nano.a(lib_a-dtoa.o)
                0x00007358                _dtoa_r
 .text._gettimeofday_r
                0x00007f30       0x24 n:/renesas/ra/e2studio_v2023-04_fsp_v4.5.0/toolchains/gcc_arm/gcc-arm-none-eabi-10.3-2021.10/bin/../lib/gcc/arm-none-eabi/10.3.1/../../../../arm-none-eabi/lib/thumb/v8-m.main+fp/hard\libg_nano.a(lib_a-gettimeofdayr.o)
                0x00007f30                _gettimeofday_r
 .text._localeconv_r
                0x00007f54        0x8 n:/renesas/ra/e2studio_v2023-04_fsp_v4.5.0/toolchains/gcc_arm/gcc-arm-none-eabi-10.3-2021.10/bin/../lib/gcc/arm-none-eabi/10.3.1/../../../../arm-none-eabi/lib/thumb/v8-m.main+fp/hard\libg_nano.a(lib_a-localeconv.o)
                0x00007f54                _localeconv_r
 .text.malloc   0x00007f5c       0x10 n:/renesas/ra/e2studio_v2023-04_fsp_v4.5.0/toolchains/gcc_arm/gcc-arm-none-eabi-10.3-2021.10/bin/../lib/gcc/arm-none-eabi/10.3.1/../../../../arm-none-eabi/lib/thumb/v8-m.main+fp/hard\libg_nano.a(lib_a-malloc.o)
                0x00007f5c                malloc
 .text._Balloc  0x00007f6c       0x80 n:/renesas/ra/e2studio_v2023-04_fsp_v4.5.0/toolchains/gcc_arm/gcc-arm-none-eabi-10.3-2021.10/bin/../lib/gcc/arm-none-eabi/10.3.1/../../../../arm-none-eabi/lib/thumb/v8-m.main+fp/hard\libg_nano.a(lib_a-mprec.o)
                0x00007f6c                _Balloc
 .text._Bfree   0x00007fec       0x44 n:/renesas/ra/e2studio_v2023-04_fsp_v4.5.0/toolchains/gcc_arm/gcc-arm-none-eabi-10.3-2021.10/bin/../lib/gcc/arm-none-eabi/10.3.1/../../../../arm-none-eabi/lib/thumb/v8-m.main+fp/hard\libg_nano.a(lib_a-mprec.o)
                0x00007fec                _Bfree
 .text.__multadd
                0x00008030       0x90 n:/renesas/ra/e2studio_v2023-04_fsp_v4.5.0/toolchains/gcc_arm/gcc-arm-none-eabi-10.3-2021.10/bin/../lib/gcc/arm-none-eabi/10.3.1/../../../../arm-none-eabi/lib/thumb/v8-m.main+fp/hard\libg_nano.a(lib_a-mprec.o)
                0x00008030                __multadd
 .text.__hi0bits
                0x000080c0       0x40 n:/renesas/ra/e2studio_v2023-04_fsp_v4.5.0/toolchains/gcc_arm/gcc-arm-none-eabi-10.3-2021.10/bin/../lib/gcc/arm-none-eabi/10.3.1/../../../../arm-none-eabi/lib/thumb/v8-m.main+fp/hard\libg_nano.a(lib_a-mprec.o)
                0x000080c0                __hi0bits
 .text.__lo0bits
                0x00008100       0x5e n:/renesas/ra/e2studio_v2023-04_fsp_v4.5.0/toolchains/gcc_arm/gcc-arm-none-eabi-10.3-2021.10/bin/../lib/gcc/arm-none-eabi/10.3.1/../../../../arm-none-eabi/lib/thumb/v8-m.main+fp/hard\libg_nano.a(lib_a-mprec.o)
                0x00008100                __lo0bits
 *fill*         0x0000815e        0x2 ff
 .text.__i2b    0x00008160       0x2c n:/renesas/ra/e2studio_v2023-04_fsp_v4.5.0/toolchains/gcc_arm/gcc-arm-none-eabi-10.3-2021.10/bin/../lib/gcc/arm-none-eabi/10.3.1/../../../../arm-none-eabi/lib/thumb/v8-m.main+fp/hard\libg_nano.a(lib_a-mprec.o)
                0x00008160                __i2b
 .text.__multiply
                0x0000818c      0x150 n:/renesas/ra/e2studio_v2023-04_fsp_v4.5.0/toolchains/gcc_arm/gcc-arm-none-eabi-10.3-2021.10/bin/../lib/gcc/arm-none-eabi/10.3.1/../../../../arm-none-eabi/lib/thumb/v8-m.main+fp/hard\libg_nano.a(lib_a-mprec.o)
                0x0000818c                __multiply
 .text.__pow5mult
                0x000082dc       0xb4 n:/renesas/ra/e2studio_v2023-04_fsp_v4.5.0/toolchains/gcc_arm/gcc-arm-none-eabi-10.3-2021.10/bin/../lib/gcc/arm-none-eabi/10.3.1/../../../../arm-none-eabi/lib/thumb/v8-m.main+fp/hard\libg_nano.a(lib_a-mprec.o)
                0x000082dc                __pow5mult
 .text.__lshift
                0x00008390       0xe0 n:/renesas/ra/e2studio_v2023-04_fsp_v4.5.0/toolchains/gcc_arm/gcc-arm-none-eabi-10.3-2021.10/bin/../lib/gcc/arm-none-eabi/10.3.1/../../../../arm-none-eabi/lib/thumb/v8-m.main+fp/hard\libg_nano.a(lib_a-mprec.o)
                0x00008390                __lshift
 .text.__mcmp   0x00008470       0x38 n:/renesas/ra/e2studio_v2023-04_fsp_v4.5.0/toolchains/gcc_arm/gcc-arm-none-eabi-10.3-2021.10/bin/../lib/gcc/arm-none-eabi/10.3.1/../../../../arm-none-eabi/lib/thumb/v8-m.main+fp/hard\libg_nano.a(lib_a-mprec.o)
                0x00008470                __mcmp
 .text.__mdiff  0x000084a8      0x120 n:/renesas/ra/e2studio_v2023-04_fsp_v4.5.0/toolchains/gcc_arm/gcc-arm-none-eabi-10.3-2021.10/bin/../lib/gcc/arm-none-eabi/10.3.1/../../../../arm-none-eabi/lib/thumb/v8-m.main+fp/hard\libg_nano.a(lib_a-mprec.o)
                0x000084a8                __mdiff
 .text.__d2b    0x000085c8       0xb8 n:/renesas/ra/e2studio_v2023-04_fsp_v4.5.0/toolchains/gcc_arm/gcc-arm-none-eabi-10.3-2021.10/bin/../lib/gcc/arm-none-eabi/10.3.1/../../../../arm-none-eabi/lib/thumb/v8-m.main+fp/hard\libg_nano.a(lib_a-mprec.o)
                0x000085c8                __d2b
 .text._calloc_r
                0x00008680       0x2c n:/renesas/ra/e2studio_v2023-04_fsp_v4.5.0/toolchains/gcc_arm/gcc-arm-none-eabi-10.3-2021.10/bin/../lib/gcc/arm-none-eabi/10.3.1/../../../../arm-none-eabi/lib/thumb/v8-m.main+fp/hard\libg_nano.a(lib_a-nano-callocr.o)
                0x00008680                _calloc_r
 .text.sbrk_aligned
                0x000086ac       0x40 n:/renesas/ra/e2studio_v2023-04_fsp_v4.5.0/toolchains/gcc_arm/gcc-arm-none-eabi-10.3-2021.10/bin/../lib/gcc/arm-none-eabi/10.3.1/../../../../arm-none-eabi/lib/thumb/v8-m.main+fp/hard\libg_nano.a(lib_a-nano-mallocr.o)
 .text._malloc_r
                0x000086ec       0xe8 n:/renesas/ra/e2studio_v2023-04_fsp_v4.5.0/toolchains/gcc_arm/gcc-arm-none-eabi-10.3-2021.10/bin/../lib/gcc/arm-none-eabi/10.3.1/../../../../arm-none-eabi/lib/thumb/v8-m.main+fp/hard\libg_nano.a(lib_a-nano-mallocr.o)
                0x000086ec                _malloc_r
 .text._sbrk_r  0x000087d4       0x20 n:/renesas/ra/e2studio_v2023-04_fsp_v4.5.0/toolchains/gcc_arm/gcc-arm-none-eabi-10.3-2021.10/bin/../lib/gcc/arm-none-eabi/10.3.1/../../../../arm-none-eabi/lib/thumb/v8-m.main+fp/hard\libg_nano.a(lib_a-sbrkr.o)
                0x000087d4                _sbrk_r
 .text.__ascii_mbtowc
                0x000087f4       0x24 n:/renesas/ra/e2studio_v2023-04_fsp_v4.5.0/toolchains/gcc_arm/gcc-arm-none-eabi-10.3-2021.10/bin/../lib/gcc/arm-none-eabi/10.3.1/../../../../arm-none-eabi/lib/thumb/v8-m.main+fp/hard\libg_nano.a(lib_a-mbtowc_r.o)
                0x000087f4                __ascii_mbtowc
 .text.__malloc_lock
                0x00008818        0xc n:/renesas/ra/e2studio_v2023-04_fsp_v4.5.0/toolchains/gcc_arm/gcc-arm-none-eabi-10.3-2021.10/bin/../lib/gcc/arm-none-eabi/10.3.1/../../../../arm-none-eabi/lib/thumb/v8-m.main+fp/hard\libg_nano.a(lib_a-mlock.o)
                0x00008818                __malloc_lock
 .text.__malloc_unlock
                0x00008824        0xc n:/renesas/ra/e2studio_v2023-04_fsp_v4.5.0/toolchains/gcc_arm/gcc-arm-none-eabi-10.3-2021.10/bin/../lib/gcc/arm-none-eabi/10.3.1/../../../../arm-none-eabi/lib/thumb/v8-m.main+fp/hard\libg_nano.a(lib_a-mlock.o)
                0x00008824                __malloc_unlock
 .text.__ascii_wctomb
                0x00008830       0x1a n:/renesas/ra/e2studio_v2023-04_fsp_v4.5.0/toolchains/gcc_arm/gcc-arm-none-eabi-10.3-2021.10/bin/../lib/gcc/arm-none-eabi/10.3.1/../../../../arm-none-eabi/lib/thumb/v8-m.main+fp/hard\libg_nano.a(lib_a-wctomb_r.o)
                0x00008830                __ascii_wctomb
 .text.__retarget_lock_acquire_recursive
                0x0000884a        0x2 n:/renesas/ra/e2studio_v2023-04_fsp_v4.5.0/toolchains/gcc_arm/gcc-arm-none-eabi-10.3-2021.10/bin/../lib/gcc/arm-none-eabi/10.3.1/../../../../arm-none-eabi/lib/thumb/v8-m.main+fp/hard\libg_nano.a(lib_a-lock.o)
                0x0000884a                __retarget_lock_acquire_recursive
 .text.__retarget_lock_release_recursive
                0x0000884c        0x2 n:/renesas/ra/e2studio_v2023-04_fsp_v4.5.0/toolchains/gcc_arm/gcc-arm-none-eabi-10.3-2021.10/bin/../lib/gcc/arm-none-eabi/10.3.1/../../../../arm-none-eabi/lib/thumb/v8-m.main+fp/hard\libg_nano.a(lib_a-lock.o)
                0x0000884c                __retarget_lock_release_recursive
 *fill*         0x0000884e        0x2 ff
 .text          0x00008850       0x2c n:/renesas/ra/e2studio_v2023-04_fsp_v4.5.0/toolchains/gcc_arm/gcc-arm-none-eabi-10.3-2021.10/bin/../lib/gcc/arm-none-eabi/10.3.1/thumb/v8-m.main+fp/hard\libgcc.a(_arm_unorddf2.o)
                0x00008850                __unorddf2
                0x00008850                __aeabi_dcmpun
 .text          0x0000887c       0x50 n:/renesas/ra/e2studio_v2023-04_fsp_v4.5.0/toolchains/gcc_arm/gcc-arm-none-eabi-10.3-2021.10/bin/../lib/gcc/arm-none-eabi/10.3.1/thumb/v8-m.main+fp/hard\libgcc.a(_arm_fixdfsi.o)
                0x0000887c                __aeabi_d2iz
                0x0000887c                __fixdfsi
 .text._gettimeofday
                0x000088cc       0x28 n:/renesas/ra/e2studio_v2023-04_fsp_v4.5.0/toolchains/gcc_arm/gcc-arm-none-eabi-10.3-2021.10/bin/../lib/gcc/arm-none-eabi/10.3.1/../../../../arm-none-eabi/lib/thumb/v8-m.main+fp/hard\librdimon_nano.a(rdimon-syscalls.o)
                0x000088cc                _gettimeofday
 *(.version)
 .version       0x000088f4       0x50 ./ra/fsp/src/bsp/mcu/all/bsp_common.o
 *(.init)
 .init          0x00008944        0x4 n:/renesas/ra/e2studio_v2023-04_fsp_v4.5.0/toolchains/gcc_arm/gcc-arm-none-eabi-10.3-2021.10/bin/../lib/gcc/arm-none-eabi/10.3.1/thumb/v8-m.main+fp/hard/crti.o
                0x00008944                _init
 .init          0x00008948        0x8 n:/renesas/ra/e2studio_v2023-04_fsp_v4.5.0/toolchains/gcc_arm/gcc-arm-none-eabi-10.3-2021.10/bin/../lib/gcc/arm-none-eabi/10.3.1/thumb/v8-m.main+fp/hard/crtn.o
 *(.fini)
 .fini          0x00008950        0x4 n:/renesas/ra/e2studio_v2023-04_fsp_v4.5.0/toolchains/gcc_arm/gcc-arm-none-eabi-10.3-2021.10/bin/../lib/gcc/arm-none-eabi/10.3.1/thumb/v8-m.main+fp/hard/crti.o
                0x00008950                _fini
 .fini          0x00008954        0x8 n:/renesas/ra/e2studio_v2023-04_fsp_v4.5.0/toolchains/gcc_arm/gcc-arm-none-eabi-10.3-2021.10/bin/../lib/gcc/arm-none-eabi/10.3.1/thumb/v8-m.main+fp/hard/crtn.o
 *crtbegin.o(.ctors)
 *crtbegin?.o(.ctors)
 *(EXCLUDE_FILE(*crtend.o *crtend?.o) .ctors)
 *(SORT_BY_NAME(.ctors.*))
 *(.ctors)
 *crtbegin.o(.dtors)
 *crtbegin?.o(.dtors)
 *(EXCLUDE_FILE(*crtend.o *crtend?.o) .dtors)
 *(SORT_BY_NAME(.dtors.*))
 *(.dtors)
 *(.rodata*)
 .rodata.g_white_space
                0x0000895c        0x4 ./src/sf_console/sf_console.o
 .rodata.g_sf_console_on_sf_console
                0x00008960       0x1c ./src/sf_console/sf_console.o
                0x00008960                g_sf_console_on_sf_console
 .rodata        0x0000897c       0x76 ./src/sf_console/sf_console.o
 *fill*         0x000089f2        0x2 ff
 .rodata.g_sf_comms_on_sf_rtt_comms
                0x000089f4       0x18 ./src/sf_console/sf_rtt_comms.o
                0x000089f4                g_sf_comms_on_sf_rtt_comms
 .rodata        0x00008a0c       0x17 ./src/SEGGER_RTT/SEGGER_RTT.o
 *fill*         0x00008a23        0x1 ff
 .rodata._aV2C.0
                0x00008a24       0x10 ./src/SEGGER_RTT/SEGGER_RTT_printf.o
 .rodata.g_features
                0x00008a34       0x50 ./src/application.o
                0x00008a34                g_features
 .rodata.g_application_cfg
                0x00008a84       0xa0 ./src/application.o
                0x00008a84                g_application_cfg
 .rodata.g_application
                0x00008b24        0x8 ./src/application.o
                0x00008b24                g_application
 .rodata        0x00008b2c      0x1e8 ./src/application.o
 .rodata        0x00008d14      0x37e ./src/console.o
 *fill*         0x00009092        0x2 ff
 .rodata.g_console_commands
                0x00009094       0x40 ./src/console.o
                0x00009094                g_console_commands
 .rodata.g_sf_console_menu
                0x000090d4       0x10 ./src/console.o
                0x000090d4                g_sf_console_menu
 .rodata.g_sf_comms_extended_cfg
                0x000090e4        0x0 ./src/console.o
                0x000090e4                g_sf_comms_extended_cfg
 .rodata.g_sf_comms_cfg
                0x000090e4        0x4 ./src/console.o
                0x000090e4                g_sf_comms_cfg
 .rodata.g_sf_comms
                0x000090e8        0xc ./src/console.o
                0x000090e8                g_sf_comms
 .rodata.g_sf_console_cfg
                0x000090f4        0xc ./src/console.o
                0x000090f4                g_sf_console_cfg
 .rodata.g_sf_console
                0x00009100        0xc ./src/console.o
                0x00009100                g_sf_console
 .rodata.g_console_cfg
                0x0000910c       0x58 ./src/console.o
                0x0000910c                g_console_cfg
 .rodata        0x00009164      0x150 ./src/console_callbacks.o
 .rodata        0x000092b4       0x46 ./src/hal_entry.o
 *fill*         0x000092fa        0x2 ff
 .rodata        0x000092fc        0xe ./ra_gen/blinky_thread.o
 *fill*         0x0000930a        0x2 ff
 .rodata.g_ioport
                0x0000930c        0xc ./ra_gen/common_data.o
                0x0000930c                g_ioport
 .rodata        0x00009318       0x14 ./ra_gen/main.o
 .rodata.g_bsp_pin_cfg_data
                0x0000932c      0x298 ./ra_gen/pin_data.o
                0x0000932c                g_bsp_pin_cfg_data
 .rodata.g_bsp_pin_cfg
                0x000095c4        0x8 ./ra_gen/pin_data.o
                0x000095c4                g_bsp_pin_cfg
 .rodata.g_ioport_on_ioport
                0x000095cc       0x34 ./ra/fsp/src/r_ioport/r_ioport.o
                0x000095cc                g_ioport_on_ioport
 .rodata.g_vbatt_pins_input
                0x00009600        0x6 ./ra/fsp/src/r_ioport/r_ioport.o
 *fill*         0x00009606        0x2 ff
 .rodata.g_interrupt_event_link_select
                0x00009608       0xc0 ./ra/fsp/src/bsp/mcu/all/bsp_irq.o
                0x00009608                g_interrupt_event_link_select
 .rodata.g_prcr_masks
                0x000096c8        0x8 ./ra/fsp/src/bsp/mcu/all/bsp_register_protection.o
 .rodata._ctype_
                0x000096d0      0x101 n:/renesas/ra/e2studio_v2023-04_fsp_v4.5.0/toolchains/gcc_arm/gcc-arm-none-eabi-10.3-2021.10/bin/../lib/gcc/arm-none-eabi/10.3.1/../../../../arm-none-eabi/lib/thumb/v8-m.main+fp/hard\libg_nano.a(lib_a-ctype_.o)
                0x000096d0                _ctype_
 .rodata._printf_float.str1.1
                0x000097d1       0x12 n:/renesas/ra/e2studio_v2023-04_fsp_v4.5.0/toolchains/gcc_arm/gcc-arm-none-eabi-10.3-2021.10/bin/../lib/gcc/arm-none-eabi/10.3.1/../../../../arm-none-eabi/lib/thumb/v8-m.main+fp/hard\libg_nano.a(lib_a-nano-vfprintf_float.o)
 .rodata._dtoa_r.str1.1
                0x000097e3       0xb3 n:/renesas/ra/e2studio_v2023-04_fsp_v4.5.0/toolchains/gcc_arm/gcc-arm-none-eabi-10.3-2021.10/bin/../lib/gcc/arm-none-eabi/10.3.1/../../../../arm-none-eabi/lib/thumb/v8-m.main+fp/hard\libg_nano.a(lib_a-dtoa.o)
                                 0xb5 (size before relaxing)
 .rodata._Balloc.str1.1
                0x00009896       0x7f n:/renesas/ra/e2studio_v2023-04_fsp_v4.5.0/toolchains/gcc_arm/gcc-arm-none-eabi-10.3-2021.10/bin/../lib/gcc/arm-none-eabi/10.3.1/../../../../arm-none-eabi/lib/thumb/v8-m.main+fp/hard\libg_nano.a(lib_a-mprec.o)
                                 0x96 (size before relaxing)
 .rodata.__multadd.str1.1
                0x00009915       0x11 n:/renesas/ra/e2studio_v2023-04_fsp_v4.5.0/toolchains/gcc_arm/gcc-arm-none-eabi-10.3-2021.10/bin/../lib/gcc/arm-none-eabi/10.3.1/../../../../arm-none-eabi/lib/thumb/v8-m.main+fp/hard\libg_nano.a(lib_a-mprec.o)
 *fill*         0x00009915        0x3 ff
 .rodata.__mprec_bigtens
                0x00009918       0x28 n:/renesas/ra/e2studio_v2023-04_fsp_v4.5.0/toolchains/gcc_arm/gcc-arm-none-eabi-10.3-2021.10/bin/../lib/gcc/arm-none-eabi/10.3.1/../../../../arm-none-eabi/lib/thumb/v8-m.main+fp/hard\libg_nano.a(lib_a-mprec.o)
                0x00009918                __mprec_bigtens
 .rodata.__mprec_tens
                0x00009940       0xc8 n:/renesas/ra/e2studio_v2023-04_fsp_v4.5.0/toolchains/gcc_arm/gcc-arm-none-eabi-10.3-2021.10/bin/../lib/gcc/arm-none-eabi/10.3.1/../../../../arm-none-eabi/lib/thumb/v8-m.main+fp/hard\libg_nano.a(lib_a-mprec.o)
                0x00009940                __mprec_tens
 .rodata.p05.0  0x00009a08        0xc n:/renesas/ra/e2studio_v2023-04_fsp_v4.5.0/toolchains/gcc_arm/gcc-arm-none-eabi-10.3-2021.10/bin/../lib/gcc/arm-none-eabi/10.3.1/../../../../arm-none-eabi/lib/thumb/v8-m.main+fp/hard\libg_nano.a(lib_a-mprec.o)
 .rodata._setlocale_r.str1.1
                0x00009a14        0x8 n:/renesas/ra/e2studio_v2023-04_fsp_v4.5.0/toolchains/gcc_arm/gcc-arm-none-eabi-10.3-2021.10/bin/../lib/gcc/arm-none-eabi/10.3.1/../../../../arm-none-eabi/lib/thumb/v8-m.main+fp/hard\libg_nano.a(lib_a-locale.o)
                                  0x9 (size before relaxing)
 .rodata.str1.1
                0x00009a1c        0x2 n:/renesas/ra/e2studio_v2023-04_fsp_v4.5.0/toolchains/gcc_arm/gcc-arm-none-eabi-10.3-2021.10/bin/../lib/gcc/arm-none-eabi/10.3.1/../../../../arm-none-eabi/lib/thumb/v8-m.main+fp/hard\libg_nano.a(lib_a-locale.o)
 *fill*         0x00009a1e        0x2 ff
 .rodata.__sf_fake_stderr
                0x00009a20       0x20 n:/renesas/ra/e2studio_v2023-04_fsp_v4.5.0/toolchains/gcc_arm/gcc-arm-none-eabi-10.3-2021.10/bin/../lib/gcc/arm-none-eabi/10.3.1/../../../../arm-none-eabi/lib/thumb/v8-m.main+fp/hard\libc_nano.a(lib_a-findfp.o)
                0x00009a20                __sf_fake_stderr
 .rodata.__sf_fake_stdin
                0x00009a40       0x20 n:/renesas/ra/e2studio_v2023-04_fsp_v4.5.0/toolchains/gcc_arm/gcc-arm-none-eabi-10.3-2021.10/bin/../lib/gcc/arm-none-eabi/10.3.1/../../../../arm-none-eabi/lib/thumb/v8-m.main+fp/hard\libc_nano.a(lib_a-findfp.o)
                0x00009a40                __sf_fake_stdin
 .rodata.__sf_fake_stdout
                0x00009a60       0x20 n:/renesas/ra/e2studio_v2023-04_fsp_v4.5.0/toolchains/gcc_arm/gcc-arm-none-eabi-10.3-2021.10/bin/../lib/gcc/arm-none-eabi/10.3.1/../../../../arm-none-eabi/lib/thumb/v8-m.main+fp/hard\libc_nano.a(lib_a-findfp.o)
                0x00009a60                __sf_fake_stdout
                0x00009a80                __usb_dev_descriptor_start_fs = .
 *(.usb_device_desc_fs*)
                0x00009a80                __usb_cfg_descriptor_start_fs = .
 *(.usb_config_desc_fs*)
                0x00009a80                __usb_interface_descriptor_start_fs = .
 *(.usb_interface_desc_fs*)
                0x00009a80                __usb_descriptor_end_fs = .
                0x00009a80                __usb_dev_descriptor_start_hs = .
 *(.usb_device_desc_hs*)
                0x00009a80                __usb_cfg_descriptor_start_hs = .
 *(.usb_config_desc_hs*)
                0x00009a80                __usb_interface_descriptor_start_hs = .
 *(.usb_interface_desc_hs*)
                0x00009a80                __usb_descriptor_end_hs = .
 *(.eh_frame*)
 .eh_frame      0x00009a80        0x0 n:/renesas/ra/e2studio_v2023-04_fsp_v4.5.0/toolchains/gcc_arm/gcc-arm-none-eabi-10.3-2021.10/bin/../lib/gcc/arm-none-eabi/10.3.1/thumb/v8-m.main+fp/hard/crtbegin.o
 .eh_frame      0x00009a80        0x4 n:/renesas/ra/e2studio_v2023-04_fsp_v4.5.0/toolchains/gcc_arm/gcc-arm-none-eabi-10.3-2021.10/bin/../lib/gcc/arm-none-eabi/10.3.1/thumb/v8-m.main+fp/hard/crtend.o
                0x00009a84                __ROM_End = .
                0x00000040                __Vectors_Size = (__Vectors_End - __Vectors)

.glue_7         0x00009a84        0x0
 .glue_7        0x00009a84        0x0 linker stubs

.glue_7t        0x00009a84        0x0
 .glue_7t       0x00009a84        0x0 linker stubs

.vfp11_veneer   0x00009a84        0x0
 .vfp11_veneer  0x00009a84        0x0 linker stubs

.v4_bx          0x00009a84        0x0
 .v4_bx         0x00009a84        0x0 linker stubs

.iplt           0x00009a84        0x0
 .iplt          0x00009a84        0x0 n:/renesas/ra/e2studio_v2023-04_fsp_v4.5.0/toolchains/gcc_arm/gcc-arm-none-eabi-10.3-2021.10/bin/../lib/gcc/arm-none-eabi/10.3.1/thumb/v8-m.main+fp/hard/crtbegin.o

.ARM.extab
 *(.ARM.extab* .gnu.linkonce.armextab.*)
                0x00009a84                __exidx_start = .

.ARM.exidx
 *(.ARM.exidx* .gnu.linkonce.armexidx.*)
                0x00009a84                __exidx_end = .
                0x00009a84                __etext = .
                0x20000000                __tz_RAM_S = ORIGIN (RAM)

.fsp_dtc_vector_table
                0x20000000        0x0
                0x20000000                . = ORIGIN (RAM)
 *(.fsp_dtc_vector_table)

.data           0x20000000      0x1dc load address 0x00009a84
                0x20000000                __data_start__ = .
                0x20000000                . = ALIGN (0x4)
                0x20000000                __Code_In_RAM_Start = .
 *(.code_in_ram*)
                0x20000000                __Code_In_RAM_End = .
 *(vtable)
 *(.data.*)
 .data._tx_thread_system_state
                0x20000000        0x4 ./ra/microsoft/azure-rtos/threadx/common/src/tx_thread_initialize.o
                0x20000000                _tx_thread_system_state
 .data._impure_ptr
                0x20000004        0x4 n:/renesas/ra/e2studio_v2023-04_fsp_v4.5.0/toolchains/gcc_arm/gcc-arm-none-eabi-10.3-2021.10/bin/../lib/gcc/arm-none-eabi/10.3.1/../../../../arm-none-eabi/lib/thumb/v8-m.main+fp/hard\libg_nano.a(lib_a-impure.o)
                0x20000004                _impure_ptr
 .data.impure_data
                0x20000008       0x60 n:/renesas/ra/e2studio_v2023-04_fsp_v4.5.0/toolchains/gcc_arm/gcc-arm-none-eabi-10.3-2021.10/bin/../lib/gcc/arm-none-eabi/10.3.1/../../../../arm-none-eabi/lib/thumb/v8-m.main+fp/hard\libg_nano.a(lib_a-impure.o)
 .data.__global_locale
                0x20000068      0x16c n:/renesas/ra/e2studio_v2023-04_fsp_v4.5.0/toolchains/gcc_arm/gcc-arm-none-eabi-10.3-2021.10/bin/../lib/gcc/arm-none-eabi/10.3.1/../../../../arm-none-eabi/lib/thumb/v8-m.main+fp/hard\libg_nano.a(lib_a-locale.o)
                0x20000068                __global_locale
 *(.data)
                0x200001d4                . = ALIGN (0x4)
                0x200001d4                PROVIDE (__preinit_array_start = .)
 *(.preinit_array)
                0x200001d4                PROVIDE (__preinit_array_end = .)
                0x200001d4                . = ALIGN (0x4)
                0x200001d4                PROVIDE (__init_array_start = .)
 *(SORT_BY_NAME(.init_array.*))
 *(.init_array)
 .init_array    0x200001d4        0x4 n:/renesas/ra/e2studio_v2023-04_fsp_v4.5.0/toolchains/gcc_arm/gcc-arm-none-eabi-10.3-2021.10/bin/../lib/gcc/arm-none-eabi/10.3.1/thumb/v8-m.main+fp/hard/crtbegin.o
                0x200001d8                PROVIDE (__init_array_end = .)
                0x200001d8                . = ALIGN (0x4)
                [!provide]                PROVIDE (__fini_array_start = .)
 *(SORT_BY_NAME(.fini_array.*))
 *(.fini_array)
 .fini_array    0x200001d8        0x4 n:/renesas/ra/e2studio_v2023-04_fsp_v4.5.0/toolchains/gcc_arm/gcc-arm-none-eabi-10.3-2021.10/bin/../lib/gcc/arm-none-eabi/10.3.1/thumb/v8-m.main+fp/hard/crtbegin.o
                [!provide]                PROVIDE (__fini_array_end = .)
 *(.jcr*)
                0x200001dc                . = ALIGN (0x4)
                0x200001dc                __data_end__ = .
                0x00009c60                __dtcm_data_init_start = ((__etext + __data_end__) - __data_start__)

.igot.plt       0x200001dc        0x0 load address 0x00009c60
 .igot.plt      0x200001dc        0x0 n:/renesas/ra/e2studio_v2023-04_fsp_v4.5.0/toolchains/gcc_arm/gcc-arm-none-eabi-10.3-2021.10/bin/../lib/gcc/arm-none-eabi/10.3.1/thumb/v8-m.main+fp/hard/crtbegin.o

.dtcm_data      0x00000000        0x0 load address 0x00009c60
                0x00000000                __tz_DTCM_S = ABSOLUTE (DTCM_START)
                0x00000000                __dtcm_data_start__ = .
 *(.dtcm_data*)
                0x00000000                __dtcm_data_end__ = .

.dtcm_noinit    0x00000000        0x0 load address 0x00009c60
                0x00000000                __dtcm_noinit_start = .
 *(.dtcm_noinit*)
                0x00000000                __dtcm_noinit_end = .
                0x00000000                __tz_DTCM_N = DEFINED (DTCM_NS_START)?ABSOLUTE (DTCM_NS_START):ALIGN (__dtcm_noinit_end, 0x2000)
                0x00009c60                DATA_END = (LOADADDR (.data) + SIZEOF (.data))
                0x0000a000                SGSTUBS_LOC = (DEFINED (PROJECT_SECURE) && DEFINED (FLASH_NSC_START))?ABSOLUTE (FLASH_NSC_START):ALIGN (DATA_END, 0x400)

.gnu.sgstubs    0x0000a000        0x0
                0x0000a000                __tz_FLASH_C = DEFINED (FLASH_NSC_START)?ABSOLUTE (FLASH_NSC_START):__RESERVE_NS_RAM?ABSOLUTE ((FLASH_START + FLASH_LENGTH)):ALIGN (0x400)
                0x0000a000                _start_sg = .
 *(.gnu.sgstubs*)
                0x0000a000                . = ALIGN (0x20)
                0x0000a000                _end_sg = .
                0x00010000                __tz_FLASH_N = DEFINED (FLASH_NS_START)?ABSOLUTE (FLASH_NS_START):__RESERVE_NS_RAM?ABSOLUTE ((FLASH_START + FLASH_LENGTH)):(FLASH_LENGTH < 0x8000)?FLASH_LENGTH:ALIGN (0x8000)
                0x00010000                FLASH_NS_IMAGE_START = DEFINED (FLASH_NS_IMAGE_START)?FLASH_NS_IMAGE_START:__tz_FLASH_N
                0x60000000                __tz_QSPI_FLASH_S = ORIGIN (QSPI_FLASH)

.qspi_flash     0x60000000        0x0
                0x60000000                __qspi_flash_start__ = .
 *(.qspi_flash*)
 *(.code_in_qspi*)
                0x60000000                __qspi_flash_end__ = .
                0x00000000                __qspi_flash_code_size__ = (__qspi_flash_end__ - __qspi_flash_start__)
                0x00009c60                __qspi_flash_code_addr__ = (__etext + (__data_end__ - __data_start__))

.qspi_non_retentive
                0x60000000        0x0 load address 0x00009c60
                0x60000000                __qspi_non_retentive_start__ = .
 *(.qspi_non_retentive*)
                0x60000000                __qspi_non_retentive_end__ = .
                0x00000000                __qspi_non_retentive_size__ = (__qspi_non_retentive_end__ - __qspi_non_retentive_start__)
                0x04000000                __qspi_region_max_size__ = 0x4000000
                0x60000000                __qspi_region_start_address__ = __qspi_flash_start__
                0x64000000                __qspi_region_end_address__ = (__qspi_flash_start__ + __qspi_region_max_size__)
                0x60000000                __tz_QSPI_FLASH_N = __qspi_non_retentive_end__

.OSPI_DEVICE_0_NO_LOAD
                0x68000000        0x0
                0x68000000                . = ALIGN (0x4)
                0x68000000                __ospi_device_0_start__ = .
 *(.ospi_device_0_no_load*)
                0x68000000                . = ALIGN (0x4)
                0x68000000                __ospi_device_0_end__ = .

.OSPI_DEVICE_1_NO_LOAD
                0x70000000        0x0
                0x70000000                . = ALIGN (0x4)
                0x70000000                __ospi_device_1_start__ = .
 *(.ospi_device_1_no_load*)
                0x70000000                . = ALIGN (0x4)
                0x70000000                __ospi_device_1_end__ = .
                0x68000000                __tz_OSPI_DEVICE_0_S = ORIGIN (OSPI_DEVICE_0)

.OSPI_DEVICE_0  0x68000000        0x0
                0x68000000                __ospi_device_0_start__ = .
 *(.ospi_device_0*)
 *(.code_in_ospi_device_0*)
                0x68000000                __ospi_device_0_end__ = .
                0x00000000                __ospi_device_0_code_size__ = (__ospi_device_0_end__ - __ospi_device_0_start__)
                0x00009c60                __ospi_device_0_code_addr__ = (__etext + (__data_end__ - __data_start__))

.ospi_device_0_non_retentive
                0x68000000        0x0 load address 0x00009c60
                0x68000000                __ospi_device_0_non_retentive_start__ = .
 *(.ospi_device_0_non_retentive*)
                0x68000000                __ospi_device_0_non_retentive_end__ = .
                0x00000000                __ospi_device_0_non_retentive_size__ = (__ospi_device_0_non_retentive_end__ - __ospi_device_0_non_retentive_start__)
                0x08000000                __ospi_device_0_region_max_size__ = 0x8000000
                0x68000000                __ospi_device_0_region_start_address__ = __ospi_device_0_start__
                0x70000000                __ospi_device_0_region_end_address__ = (__ospi_device_0_start__ + __ospi_device_0_region_max_size__)
                0x68000000                __tz_OSPI_DEVICE_0_N = __ospi_device_0_non_retentive_end__
                0x70000000                __tz_OSPI_DEVICE_1_S = ORIGIN (OSPI_DEVICE_1)

.OSPI_DEVICE_1  0x70000000        0x0
                0x70000000                __ospi_device_1_start__ = .
 *(.ospi_device_1*)
 *(.code_in_ospi_device_1*)
                0x70000000                __ospi_device_1_end__ = .
                0x00000000                __ospi_device_1_code_size__ = (__ospi_device_1_end__ - __ospi_device_1_start__)
                0x00009c60                __ospi_device_1_code_addr__ = (__etext + (__data_end__ - __data_start__))

.ospi_device_1_non_retentive
                0x70000000        0x0 load address 0x00009c60
                0x70000000                __ospi_device_1_non_retentive_start__ = .
 *(.ospi_device_1_non_retentive*)
                0x70000000                __ospi_device_1_non_retentive_end__ = .
                0x00000000                __ospi_device_1_non_retentive_size__ = (__ospi_device_1_non_retentive_end__ - __ospi_device_1_non_retentive_start__)
                0x10000000                __ospi_device_1_region_max_size__ = 0x10000000
                0x70000000                __ospi_device_1_region_start_address__ = __ospi_device_1_start__
                0x80000000                __ospi_device_1_region_end_address__ = (__ospi_device_1_start__ + __ospi_device_1_region_max_size__)
                0x70000000                __tz_OSPI_DEVICE_1_N = __ospi_device_1_non_retentive_end__

.noinit         0x200001dc       0x1c
                0x200001dc                . = ALIGN (0x4)
                0x200001dc                __noinit_start = .
 *(.noinit*)
 .noinit        0x200001dc       0x1c ./ra/fsp/src/bsp/mcu/all/bsp_clocks.o
                0x200001f8                . = ALIGN (0x8)
 *(.heap.*)
                0x200001f8                __noinit_end = .

.bss            0x200001f8      0xa70
                0x200001f8                . = ALIGN (0x4)
                0x200001f8                __bss_start__ = .
 *(.bss*)
 .bss           0x200001f8       0x1c n:/renesas/ra/e2studio_v2023-04_fsp_v4.5.0/toolchains/gcc_arm/gcc-arm-none-eabi-10.3-2021.10/bin/../lib/gcc/arm-none-eabi/10.3.1/thumb/v8-m.main+fp/hard/crtbegin.o
 .bss._SEGGER_RTT
                0x20000214       0xa8 ./src/SEGGER_RTT/SEGGER_RTT.o
                0x20000214                _SEGGER_RTT
 .bss._acUpBuffer
                0x200002bc      0x400 ./src/SEGGER_RTT/SEGGER_RTT.o
 .bss._acDownBuffer
                0x200006bc       0x10 ./src/SEGGER_RTT/SEGGER_RTT.o
 .bss.g_application_ctrl
                0x200006cc      0x154 ./src/application.o
                0x200006cc                g_application_ctrl
 .bss.prev_ticks.1
                0x20000820        0x4 ./src/application.o
 *fill*         0x20000824        0x4 
 .bss.prev_time.0
                0x20000828        0x8 ./src/application.o
 .bss.g_sf_comms_ctrl
                0x20000830        0x0 ./src/console.o
                0x20000830                g_sf_comms_ctrl
 .bss.g_sf_console_ctrl
                0x20000830       0x8c ./src/console.o
                0x20000830                g_sf_console_ctrl
 .bss.g_console_ctrl
                0x200008bc       0xf4 ./src/console.o
                0x200008bc                g_console_ctrl
 .bss.blinky_thread
                0x200009b0       0xb0 ./ra_gen/blinky_thread.o
                0x200009b0                blinky_thread
 .bss.g_ioport_ctrl
                0x20000a60        0x8 ./ra_gen/common_data.o
                0x20000a60                g_ioport_ctrl
 .bss.g_fsp_common_thread_count
                0x20000a68        0x4 ./ra_gen/main.o
                0x20000a68                g_fsp_common_thread_count
 .bss.g_fsp_common_initialized
                0x20000a6c        0x1 ./ra_gen/main.o
                0x20000a6c                g_fsp_common_initialized
 *fill*         0x20000a6d        0x3 
 .bss.g_fsp_common_initialized_semaphore
                0x20000a70       0x1c ./ra_gen/main.o
                0x20000a70                g_fsp_common_initialized_semaphore
 .bss._tx_semaphore_created_ptr
                0x20000a8c        0x4 ./ra/microsoft/azure-rtos/threadx/common/src/tx_initialize_high_level.o
                0x20000a8c                _tx_semaphore_created_ptr
 .bss._tx_semaphore_created_count
                0x20000a90        0x4 ./ra/microsoft/azure-rtos/threadx/common/src/tx_initialize_high_level.o
                0x20000a90                _tx_semaphore_created_count
 .bss._tx_queue_created_ptr
                0x20000a94        0x4 ./ra/microsoft/azure-rtos/threadx/common/src/tx_initialize_high_level.o
                0x20000a94                _tx_queue_created_ptr
 .bss._tx_queue_created_count
                0x20000a98        0x4 ./ra/microsoft/azure-rtos/threadx/common/src/tx_initialize_high_level.o
                0x20000a98                _tx_queue_created_count
 .bss._tx_byte_pool_created_ptr
                0x20000a9c        0x4 ./ra/microsoft/azure-rtos/threadx/common/src/tx_initialize_high_level.o
                0x20000a9c                _tx_byte_pool_created_ptr
 .bss._tx_byte_pool_created_count
                0x20000aa0        0x4 ./ra/microsoft/azure-rtos/threadx/common/src/tx_initialize_high_level.o
                0x20000aa0                _tx_byte_pool_created_count
 .bss._tx_initialize_unused_memory
                0x20000aa4        0x4 ./ra/microsoft/azure-rtos/threadx/common/src/tx_initialize_high_level.o
                0x20000aa4                _tx_initialize_unused_memory
 .bss._tx_thread_system_stack_ptr
                0x20000aa8        0x4 ./ra/microsoft/azure-rtos/threadx/common/src/tx_thread_initialize.o
                0x20000aa8                _tx_thread_system_stack_ptr
 .bss._tx_thread_current_ptr
                0x20000aac        0x4 ./ra/microsoft/azure-rtos/threadx/common/src/tx_thread_initialize.o
                0x20000aac                _tx_thread_current_ptr
 .bss._tx_thread_execute_ptr
                0x20000ab0        0x4 ./ra/microsoft/azure-rtos/threadx/common/src/tx_thread_initialize.o
                0x20000ab0                _tx_thread_execute_ptr
 .bss._tx_thread_created_ptr
                0x20000ab4        0x4 ./ra/microsoft/azure-rtos/threadx/common/src/tx_thread_initialize.o
                0x20000ab4                _tx_thread_created_ptr