Archive member included to satisfy reference by file (symbol)

F:\Grutter_Services_LLC\Repositories\Renesas-RA\EK_RA6M4\EK_RA6M4_MicroROS_USB/libmicroros\libmicroros.a(libmicroxrcedds_client-time.c.obj)
                              ./src/usb_transport.o (uxr_millis)
F:\Grutter_Services_LLC\Repositories\Renesas-RA\EK_RA6M4\EK_RA6M4_MicroROS_USB/libmicroros\libmicroros.a(librcl-publisher.c.obj)
                              ./src/microros_app.o (rcl_publish)
F:\Grutter_Services_LLC\Repositories\Renesas-RA\EK_RA6M4\EK_RA6M4_MicroROS_USB/libmicroros\libmicroros.a(librclc-init.c.obj)
                              ./src/microros_app.o (rclc_support_init)
F:\Grutter_Services_LLC\Repositories\Renesas-RA\EK_RA6M4\EK_RA6M4_MicroROS_USB/libmicroros\libmicroros.a(librclc-node.c.obj)
                              ./src/microros_app.o (rclc_node_init_default)
F:\Grutter_Services_LLC\Repositories\Renesas-RA\EK_RA6M4\EK_RA6M4_MicroROS_USB/libmicroros\libmicroros.a(librclc-publisher.c.obj)
                              ./src/microros_app.o (rclc_publisher_init_default)
F:\Grutter_Services_LLC\Repositories\Renesas-RA\EK_RA6M4\EK_RA6M4_MicroROS_USB/libmicroros\libmicroros.a(librcutils-allocator.c.obj)
                              ./src/hal_entry.o (rcutils_get_zero_initialized_allocator)
F:\Grutter_Services_LLC\Repositories\Renesas-RA\EK_RA6M4\EK_RA6M4_MicroROS_USB/libmicroros\libmicroros.a(librcutils-error_handling.c.obj)
                              F:\Grutter_Services_LLC\Repositories\Renesas-RA\EK_RA6M4\EK_RA6M4_MicroROS_USB/libmicroros\libmicroros.a(librclc-init.c.obj) (rcutils_reset_error)
F:\Grutter_Services_LLC\Repositories\Renesas-RA\EK_RA6M4\EK_RA6M4_MicroROS_USB/libmicroros\libmicroros.a(librmw-publisher_options.c.obj)
                              F:\Grutter_Services_LLC\Repositories\Renesas-RA\EK_RA6M4\EK_RA6M4_MicroROS_USB/libmicroros\libmicroros.a(librcl-publisher.c.obj) (rmw_get_default_publisher_options)
F:\Grutter_Services_LLC\Repositories\Renesas-RA\EK_RA6M4\EK_RA6M4_MicroROS_USB/libmicroros\libmicroros.a(librmw_microxrcedds-custom_transport.c.obj)
                              ./src/hal_entry.o (rmw_uros_set_custom_transport)
F:\Grutter_Services_LLC\Repositories\Renesas-RA\EK_RA6M4\EK_RA6M4_MicroROS_USB/libmicroros\libmicroros.a(librmw_microxrcedds-rmw_publish.c.obj)
                              F:\Grutter_Services_LLC\Repositories\Renesas-RA\EK_RA6M4\EK_RA6M4_MicroROS_USB/libmicroros\libmicroros.a(librcl-publisher.c.obj) (rmw_publish)
F:\Grutter_Services_LLC\Repositories\Renesas-RA\EK_RA6M4\EK_RA6M4_MicroROS_USB/libmicroros\libmicroros.a(librmw_microxrcedds-rmw_publisher.c.obj)
                              F:\Grutter_Services_LLC\Repositories\Renesas-RA\EK_RA6M4\EK_RA6M4_MicroROS_USB/libmicroros\libmicroros.a(librcl-publisher.c.obj) (rmw_create_publisher)
F:\Grutter_Services_LLC\Repositories\Renesas-RA\EK_RA6M4\EK_RA6M4_MicroROS_USB/libmicroros\libmicroros.a(librmw_microxrcedds-types.c.obj)
                              F:\Grutter_Services_LLC\Repositories\Renesas-RA\EK_RA6M4\EK_RA6M4_MicroROS_USB/libmicroros\libmicroros.a(librmw_microxrcedds-rmw_publisher.c.obj) (rmw_uxrce_fini_publisher_memory)
F:\Grutter_Services_LLC\Repositories\Renesas-RA\EK_RA6M4\EK_RA6M4_MicroROS_USB/libmicroros\libmicroros.a(librmw_microxrcedds-utils.c.obj)
                              F:\Grutter_Services_LLC\Repositories\Renesas-RA\EK_RA6M4\EK_RA6M4_MicroROS_USB/libmicroros\libmicroros.a(librmw_microxrcedds-rmw_publisher.c.obj) (run_xrce_session)
F:\Grutter_Services_LLC\Repositories\Renesas-RA\EK_RA6M4\EK_RA6M4_MicroROS_USB/libmicroros\libmicroros.a(librosidl_runtime_c-message_type_support.c.obj)
                              F:\Grutter_Services_LLC\Repositories\Renesas-RA\EK_RA6M4\EK_RA6M4_MicroROS_USB/libmicroros\libmicroros.a(librmw_microxrcedds-rmw_publisher.c.obj) (get_message_typesupport_handle)
F:\Grutter_Services_LLC\Repositories\Renesas-RA\EK_RA6M4\EK_RA6M4_MicroROS_USB/libmicroros\libmicroros.a(libstd_msgs__rosidl_typesupport_c-int32__type_support.cpp.obj)
                              ./src/microros_app.o (rosidl_typesupport_c__get_message_type_support_handle__std_msgs__msg__Int32)
F:\Grutter_Services_LLC\Repositories\Renesas-RA\EK_RA6M4\EK_RA6M4_MicroROS_USB/libmicroros\libmicroros.a(libstd_msgs__rosidl_typesupport_introspection_c-int32__type_support.c.obj)
                              F:\Grutter_Services_LLC\Repositories\Renesas-RA\EK_RA6M4\EK_RA6M4_MicroROS_USB/libmicroros\libmicroros.a(libstd_msgs__rosidl_typesupport_c-int32__type_support.cpp.obj) (rosidl_typesupport_introspection_c__get_message_type_support_handle__std_msgs__msg__Int32)
F:\Grutter_Services_LLC\Repositories\Renesas-RA\EK_RA6M4\EK_RA6M4_MicroROS_USB/libmicroros\libmicroros.a(libstd_msgs__rosidl_typesupport_microxrcedds_c-int32__type_support_c.c.obj)
[...]
Memory Configuration

Name             Origin             Length             Attributes
ITCM             0x00000000         0x00000000         xr
DTCM             0x00000000         0x00000000         xrw
FLASH            0x00000000         0x00100000         xr
RAM              0x20000000         0x00040000         xrw
DATA_FLASH       0x08000000         0x00002000         xr
QSPI_FLASH       0x60000000         0x04000000         xr
OSPI_DEVICE_0    0x68000000         0x08000000         xr
OSPI_DEVICE_1    0x70000000         0x10000000         xr
OSPI_DEVICE_0_RAM 0x68000000         0x08000000         xrw
OSPI_DEVICE_1_RAM 0x70000000         0x10000000         xrw
SDRAM            0x80010000         0x00000000         xrw
OPTION_SETTING   0x0100a100         0x00000100         r
OPTION_SETTING_OFS 0x0100a100         0x00000018         r
OPTION_SETTING_SAS 0x0100a134         0x000000cc         r
OPTION_SETTING_S 0x0100a200         0x00000100         r
ID_CODE          0x00000000         0x00000000         xr
*default*        0x00000000         0xffffffff

Linker script and memory map

LOAD n:/renesas/ra/e2studio_v2023-04_fsp_v4.4.0/toolchains/gcc_arm/gcc-arm-none-eabi-10.3-2021.10/bin/../lib/gcc/arm-none-eabi/10.3.1/thumb/v8-m.main+fp/hard/crti.o
LOAD n:/renesas/ra/e2studio_v2023-04_fsp_v4.4.0/toolchains/gcc_arm/gcc-arm-none-eabi-10.3-2021.10/bin/../lib/gcc/arm-none-eabi/10.3.1/thumb/v8-m.main+fp/hard/crtbegin.o
LOAD n:/renesas/ra/e2studio_v2023-04_fsp_v4.4.0/toolchains/gcc_arm/gcc-arm-none-eabi-10.3-2021.10/bin/../lib/gcc/arm-none-eabi/10.3.1/../../../../arm-none-eabi/lib/thumb/v8-m.main+fp/hard/rdimon-crt0.o
START GROUP
LOAD ./src/SEGGER_RTT/SEGGER_RTT.o
LOAD ./src/SEGGER_RTT/SEGGER_RTT_printf.o
LOAD ./src/hal_entry.o
LOAD ./src/microros_allocators.o
LOAD ./src/microros_app.o
LOAD ./src/microros_time.o
LOAD ./src/usb_descriptor.o
LOAD ./src/usb_transport.o
LOAD ./ra_gen/common_data.o
LOAD ./ra_gen/hal_data.o
LOAD ./ra_gen/main.o
LOAD ./ra_gen/pin_data.o
LOAD ./ra_gen/vector_data.o
LOAD ./ra/fsp/src/r_usb_pcdc/src/r_usb_pcdc_driver.o
LOAD ./ra/fsp/src/r_usb_basic/src/hw/r_usb_creg_abs.o
LOAD ./ra/fsp/src/r_usb_basic/src/hw/r_usb_creg_access.o
LOAD ./ra/fsp/src/r_usb_basic/src/hw/r_usb_dma.o
LOAD ./ra/fsp/src/r_usb_basic/src/hw/r_usb_hostelectrical.o
LOAD ./ra/fsp/src/r_usb_basic/src/hw/r_usb_hreg_abs.o
LOAD ./ra/fsp/src/r_usb_basic/src/hw/r_usb_hreg_access.o
LOAD ./ra/fsp/src/r_usb_basic/src/hw/r_usb_mcu.o
LOAD ./ra/fsp/src/r_usb_basic/src/hw/r_usb_preg_abs.o
LOAD ./ra/fsp/src/r_usb_basic/src/hw/r_usb_preg_access.o
LOAD ./ra/fsp/src/r_usb_basic/src/driver/r_usb_cdataio.o
LOAD ./ra/fsp/src/r_usb_basic/src/driver/r_usb_clibusbip.o
LOAD ./ra/fsp/src/r_usb_basic/src/driver/r_usb_cstd_rtos.o
LOAD ./ra/fsp/src/r_usb_basic/src/driver/r_usb_hbc.o
LOAD ./ra/fsp/src/r_usb_basic/src/driver/r_usb_hcontrolrw.o
LOAD ./ra/fsp/src/r_usb_basic/src/driver/r_usb_hdriver.o
LOAD ./ra/fsp/src/r_usb_basic/src/driver/r_usb_hhubsys.o
LOAD ./ra/fsp/src/r_usb_basic/src/driver/r_usb_hintfifo.o
LOAD ./ra/fsp/src/r_usb_basic/src/driver/r_usb_hinthandler_usbip0.o
LOAD ./ra/fsp/src/r_usb_basic/src/driver/r_usb_hinthandler_usbip1.o
LOAD ./ra/fsp/src/r_usb_basic/src/driver/r_usb_hlibusbip.o
LOAD ./ra/fsp/src/r_usb_basic/src/driver/r_usb_hmanager.o
LOAD ./ra/fsp/src/r_usb_basic/src/driver/r_usb_hscheduler.o
LOAD ./ra/fsp/src/r_usb_basic/src/driver/r_usb_hsignal.o
LOAD ./ra/fsp/src/r_usb_basic/src/driver/r_usb_hstdfunction.o
LOAD ./ra/fsp/src/r_usb_basic/src/driver/r_usb_pbc.o
LOAD ./ra/fsp/src/r_usb_basic/src/driver/r_usb_pcontrolrw.o
LOAD ./ra/fsp/src/r_usb_basic/src/driver/r_usb_pdriver.o
LOAD ./ra/fsp/src/r_usb_basic/src/driver/r_usb_pintfifo.o
LOAD ./ra/fsp/src/r_usb_basic/src/driver/r_usb_pinthandler_usbip0.o
LOAD ./ra/fsp/src/r_usb_basic/src/driver/r_usb_plibusbip.o
LOAD ./ra/fsp/src/r_usb_basic/src/driver/r_usb_psignal.o
LOAD ./ra/fsp/src/r_usb_basic/src/driver/r_usb_pstdfunction.o
LOAD ./ra/fsp/src/r_usb_basic/src/driver/r_usb_pstdrequest.o
LOAD ./ra/fsp/src/r_usb_basic/r_usb_basic.o
LOAD ./ra/fsp/src/r_ioport/r_ioport.o
LOAD ./ra/fsp/src/r_agt/r_agt.o
LOAD ./ra/fsp/src/bsp/mcu/all/bsp_clocks.o
LOAD ./ra/fsp/src/bsp/mcu/all/bsp_common.o
LOAD ./ra/fsp/src/bsp/mcu/all/bsp_delay.o
LOAD ./ra/fsp/src/bsp/mcu/all/bsp_group_irq.o
LOAD ./ra/fsp/src/bsp/mcu/all/bsp_guard.o
LOAD ./ra/fsp/src/bsp/mcu/all/bsp_io.o
LOAD ./ra/fsp/src/bsp/mcu/all/bsp_irq.o
LOAD ./ra/fsp/src/bsp/mcu/all/bsp_register_protection.o
LOAD ./ra/fsp/src/bsp/mcu/all/bsp_rom_registers.o
LOAD ./ra/fsp/src/bsp/mcu/all/bsp_sbrk.o
LOAD ./ra/fsp/src/bsp/mcu/all/bsp_security.o
LOAD ./ra/fsp/src/bsp/cmsis/Device/RENESAS/Source/startup.o
LOAD ./ra/fsp/src/bsp/cmsis/Device/RENESAS/Source/system.o
LOAD ./ra/board/ra6m4_ek/board_init.o
LOAD ./ra/board/ra6m4_ek/board_leds.o
LOAD F:\Grutter_Services_LLC\Repositories\Renesas-RA\EK_RA6M4\EK_RA6M4_MicroROS_USB/libmicroros\libmicroros.a
END GROUP
START GROUP
LOAD n:/renesas/ra/e2studio_v2023-04_fsp_v4.4.0/toolchains/gcc_arm/gcc-arm-none-eabi-10.3-2021.10/bin/../lib/gcc/arm-none-eabi/10.3.1/thumb/v8-m.main+fp/hard\libgcc.a
LOAD n:/renesas/ra/e2studio_v2023-04_fsp_v4.4.0/toolchains/gcc_arm/gcc-arm-none-eabi-10.3-2021.10/bin/../lib/gcc/arm-none-eabi/10.3.1/../../../../arm-none-eabi/lib/thumb/v8-m.main+fp/hard\libg_nano.a
LOAD n:/renesas/ra/e2studio_v2023-04_fsp_v4.4.0/toolchains/gcc_arm/gcc-arm-none-eabi-10.3-2021.10/bin/../lib/gcc/arm-none-eabi/10.3.1/../../../../arm-none-eabi/lib/thumb/v8-m.main+fp/hard\libc_nano.a
END GROUP
START GROUP
LOAD n:/renesas/ra/e2studio_v2023-04_fsp_v4.4.0/toolchains/gcc_arm/gcc-arm-none-eabi-10.3-2021.10/bin/../lib/gcc/arm-none-eabi/10.3.1/thumb/v8-m.main+fp/hard\libgcc.a
LOAD n:/renesas/ra/e2studio_v2023-04_fsp_v4.4.0/toolchains/gcc_arm/gcc-arm-none-eabi-10.3-2021.10/bin/../lib/gcc/arm-none-eabi/10.3.1/../../../../arm-none-eabi/lib/thumb/v8-m.main+fp/hard\libc_nano.a
LOAD n:/renesas/ra/e2studio_v2023-04_fsp_v4.4.0/toolchains/gcc_arm/gcc-arm-none-eabi-10.3-2021.10/bin/../lib/gcc/arm-none-eabi/10.3.1/../../../../arm-none-eabi/lib/thumb/v8-m.main+fp/hard\librdimon_nano.a
END GROUP
START GROUP
LOAD n:/renesas/ra/e2studio_v2023-04_fsp_v4.4.0/toolchains/gcc_arm/gcc-arm-none-eabi-10.3-2021.10/bin/../lib/gcc/arm-none-eabi/10.3.1/thumb/v8-m.main+fp/hard\libgcc.a
LOAD n:/renesas/ra/e2studio_v2023-04_fsp_v4.4.0/toolchains/gcc_arm/gcc-arm-none-eabi-10.3-2021.10/bin/../lib/gcc/arm-none-eabi/10.3.1/../../../../arm-none-eabi/lib/thumb/v8-m.main+fp/hard\libc_nano.a
LOAD n:/renesas/ra/e2studio_v2023-04_fsp_v4.4.0/toolchains/gcc_arm/gcc-arm-none-eabi-10.3-2021.10/bin/../lib/gcc/arm-none-eabi/10.3.1/../../../../arm-none-eabi/lib/thumb/v8-m.main+fp/hard\librdimon_nano.a
END GROUP
LOAD n:/renesas/ra/e2studio_v2023-04_fsp_v4.4.0/toolchains/gcc_arm/gcc-arm-none-eabi-10.3-2021.10/bin/../lib/gcc/arm-none-eabi/10.3.1/thumb/v8-m.main+fp/hard/crtend.o
LOAD n:/renesas/ra/e2studio_v2023-04_fsp_v4.4.0/toolchains/gcc_arm/gcc-arm-none-eabi-10.3-2021.10/bin/../lib/gcc/arm-none-eabi/10.3.1/thumb/v8-m.main+fp/hard/crtn.o
                0x20000000                RAM_START = 0x20000000
                0x00040000                RAM_LENGTH = 0x40000
                0x00000000                FLASH_START = 0x0
                0x00100000                FLASH_LENGTH = 0x100000
                0x08000000                DATA_FLASH_START = 0x8000000
                0x00002000                DATA_FLASH_LENGTH = 0x2000
                0x0100a100                OPTION_SETTING_START = 0x100a100
                0x00000100                OPTION_SETTING_LENGTH = 0x100
                0x0100a200                OPTION_SETTING_S_START = 0x100a200
                0x00000100                OPTION_SETTING_S_LENGTH = 0x100
                0x00000000                ID_CODE_START = 0x0
                0x00000000                ID_CODE_LENGTH = 0x0
                0x80010000                SDRAM_START = 0x80010000
                0x00000000                SDRAM_LENGTH = 0x0
                0x60000000                QSPI_FLASH_START = 0x60000000
                0x04000000                QSPI_FLASH_LENGTH = 0x4000000
                0x68000000                OSPI_DEVICE_0_START = 0x68000000
                0x08000000                OSPI_DEVICE_0_LENGTH = 0x8000000
                0x70000000                OSPI_DEVICE_1_START = 0x70000000
                0x10000000                OSPI_DEVICE_1_LENGTH = 0x10000000
                0x04000000                QSPI_FLASH_PRV_LENGTH = DEFINED (QSPI_FLASH_SIZE)?ABSOLUTE (QSPI_FLASH_SIZE):ABSOLUTE (QSPI_FLASH_LENGTH)
                0x08000000                OSPI_DEVICE_0_PRV_LENGTH = DEFINED (OSPI_DEVICE_0_SIZE)?ABSOLUTE (OSPI_DEVICE_0_SIZE):ABSOLUTE (OSPI_DEVICE_0_LENGTH)
                0x10000000                OSPI_DEVICE_1_PRV_LENGTH = DEFINED (OSPI_DEVICE_1_SIZE)?ABSOLUTE (OSPI_DEVICE_1_SIZE):ABSOLUTE (OSPI_DEVICE_1_LENGTH)
                0x00000000                __RESERVE_NS_RAM = ((! (DEFINED (PROJECT_NONSECURE)) && DEFINED (RAM_NS_BUFFER_LENGTH)) && (OPTION_SETTING_S_LENGTH != 0x0))
                0x00000000                ITCM_START = DEFINED (ITCM_START)?ITCM_START:0x0
                0x00000000                ITCM_LENGTH = DEFINED (ITCM_LENGTH)?ITCM_LENGTH:0x0
                0x00000000                DTCM_START = DEFINED (DTCM_START)?DTCM_START:0x0
                0x00000000                DTCM_LENGTH = DEFINED (DTCM_LENGTH)?DTCM_LENGTH:0x0
                0x00000000                NS_OFFSET_START = DEFINED (NS_OFFSET_START)?NS_OFFSET_START:0x0
                0x00000000                NS_IMAGE_OFFSET = DEFINED (PROJECT_NONSECURE)?NS_OFFSET_START:0x0
                0x00000000                RAM_NS_BUFFER_BLOCK_LENGTH = DEFINED (RAM_NS_BUFFER_LENGTH)?ALIGN (RAM_NS_BUFFER_LENGTH, 0x2000):0x0
                0x00000000                RAM_NS_BUFFER_LENGTH = DEFINED (RAM_NS_BUFFER_LENGTH)?RAM_NS_BUFFER_LENGTH:0x0
                0x20040000                RAM_NS_BUFFER_START = ((RAM_START + RAM_LENGTH) - RAM_NS_BUFFER_LENGTH)
                0x20040000                RAM_NS_BUFFER_BLOCK_START = ((RAM_START + RAM_LENGTH) - RAM_NS_BUFFER_BLOCK_LENGTH)
                0x0100a180                OPTION_SETTING_START_NS = DEFINED (PROJECT_NONSECURE)?OPTION_SETTING_START:(OPTION_SETTING_START + 0x80)
                0x00000001                __bl_FSP_BOOTABLE_IMAGE = 0x1
                0x00000001                __bln_FSP_BOOTABLE_IMAGE = 0x1
                0x00000001                PROJECT_SECURE_OR_FLAT = (((! (DEFINED (PROJECT_NONSECURE)) || DEFINED (PROJECT_SECURE)) && OPTION_SETTING_LENGTH) && ! (DEFINED (FSP_BOOTABLE_IMAGE)))
                0x00000000                USE_OPTION_SETTING_NS = (DEFINED (PROJECT_NONSECURE) && ! (DEFINED (FSP_BOOTABLE_IMAGE)))
                0x00000000                __bl_FLASH_IMAGE_START = ! (DEFINED (FLASH_BOOTLOADER_LENGTH))?0x0:(FLASH_APPLICATION_IMAGE_NUMBER == 0x1)?(FLASH_BOOTLOADER_LENGTH + FLASH_BOOTLOADER_HEADER_LENGTH):(((FLASH_BOOTLOADER_LENGTH + FLASH_BOOTLOADER_SCRATCH_LENGTH) + FLASH_APPLICATION_S_LENGTH) + FLASH_BOOTLOADER_HEADER_LENGTH)
                0x00000000                __bl_FLASH_IMAGE_LENGTH = ! (DEFINED (FLASH_BOOTLOADER_LENGTH))?0x0:(FLASH_APPLICATION_S_LENGTH - FLASH_BOOTLOADER_HEADER_LENGTH)
                0x00000000                __bl_FLASH_IMAGE_END = (__bl_FLASH_IMAGE_START + __bl_FLASH_IMAGE_LENGTH)
                0x00000000                __bl_XIP_SECONDARY_FLASH_IMAGE_START = ! (DEFINED (FLASH_BOOTLOADER_LENGTH))?0x0:((FLASH_BOOTLOADER_LENGTH + FLASH_APPLICATION_S_LENGTH) + FLASH_BOOTLOADER_HEADER_LENGTH)
                0x00000000                __bl_XIP_SECONDARY_FLASH_IMAGE_END = (__bl_XIP_SECONDARY_FLASH_IMAGE_START + __bl_FLASH_IMAGE_LENGTH)
                0x00000000                __bl_FLASH_NS_START = ! (DEFINED (FLASH_BOOTLOADER_LENGTH))?0x0:(FLASH_APPLICATION_NS_LENGTH == 0x0)?__bl_FLASH_IMAGE_END:((__bl_FLASH_IMAGE_START - FLASH_BOOTLOADER_HEADER_LENGTH) + FLASH_APPLICATION_S_LENGTH)
                0x00000000                __bl_FLASH_NSC_START = ! (DEFINED (FLASH_BOOTLOADER_LENGTH))?0x0:(FLASH_APPLICATION_NS_LENGTH == 0x0)?__bl_FLASH_IMAGE_END:(__bl_FLASH_NS_START - FLASH_APPLICATION_NSC_LENGTH)
                0x00000000                __bl_RAM_NS_START = ! (DEFINED (FLASH_BOOTLOADER_LENGTH))?0x0:(FLASH_APPLICATION_NS_LENGTH == 0x0)?(RAM_START + RAM_LENGTH):((RAM_START + RAM_LENGTH) - RAM_APPLICATION_NS_LENGTH)
                0x00000000                __bl_RAM_NSC_START = ! (DEFINED (FLASH_BOOTLOADER_LENGTH))?0x0:(FLASH_APPLICATION_NS_LENGTH == 0x0)?(RAM_START + RAM_LENGTH):(__bl_RAM_NS_START - RAM_APPLICATION_NSC_LENGTH)
                0x00000000                __bl_FLASH_NS_IMAGE_START = ! (DEFINED (FLASH_BOOTLOADER_LENGTH))?0x0:(FLASH_APPLICATION_NS_LENGTH == 0x0)?__bl_FLASH_IMAGE_END:(__bl_FLASH_NS_START + FLASH_BOOTLOADER_HEADER_LENGTH_2)
                0x00000000                __bln_FLASH_IMAGE_START = __bl_FLASH_NS_IMAGE_START
                0x00000000                __bln_FLASH_IMAGE_LENGTH = ! (DEFINED (FLASH_BOOTLOADER_LENGTH))?0x0:(FLASH_APPLICATION_NS_LENGTH == 0x0)?__bl_FLASH_IMAGE_END:(FLASH_APPLICATION_NS_LENGTH - FLASH_BOOTLOADER_HEADER_LENGTH_2)
                0x00000000                XIP_SECONDARY_SLOT_IMAGE = DEFINED (XIP_SECONDARY_SLOT_IMAGE)?XIP_SECONDARY_SLOT_IMAGE:0x0
                0x00000000                FLASH_ORIGIN = ! (DEFINED (FLASH_IMAGE_START))?FLASH_START:(XIP_SECONDARY_SLOT_IMAGE == 0x1)?XIP_SECONDARY_FLASH_IMAGE_START:FLASH_IMAGE_START
                0x00100000                LIMITED_FLASH_LENGTH = DEFINED (FLASH_IMAGE_LENGTH)?FLASH_IMAGE_LENGTH:DEFINED (FLASH_BOOTLOADER_LENGTH)?FLASH_BOOTLOADER_LENGTH:FLASH_LENGTH
START GROUP
LOAD n:/renesas/ra/e2studio_v2023-04_fsp_v4.4.0/toolchains/gcc_arm/gcc-arm-none-eabi-10.3-2021.10/bin/../lib/gcc/arm-none-eabi/10.3.1/thumb/v8-m.main+fp/hard\libgcc.a
LOAD n:/renesas/ra/e2studio_v2023-04_fsp_v4.4.0/toolchains/gcc_arm/gcc-arm-none-eabi-10.3-2021.10/bin/../lib/gcc/arm-none-eabi/10.3.1/../../../../arm-none-eabi/lib/thumb/v8-m.main+fp/hard\libc.a
LOAD n:/renesas/ra/e2studio_v2023-04_fsp_v4.4.0/toolchains/gcc_arm/gcc-arm-none-eabi-10.3-2021.10/bin/../lib/gcc/arm-none-eabi/10.3.1/../../../../arm-none-eabi/lib/thumb/v8-m.main+fp/hard\libm.a
LOAD n:/renesas/ra/e2studio_v2023-04_fsp_v4.4.0/toolchains/gcc_arm/gcc-arm-none-eabi-10.3-2021.10/bin/../lib/gcc/arm-none-eabi/10.3.1/../../../../arm-none-eabi/lib/thumb/v8-m.main+fp/hard\libnosys.a
END GROUP

.itcm_data      0x00000000        0x0
                0x00000000                __tz_ITCM_S = ABSOLUTE (ITCM_START)
                0x00000000                __itcm_data_start__ = .
 *(.itcm_data*)
                0x00000000                __itcm_data_end__ = .
                0x00000000                __tz_ITCM_N = DEFINED (ITCM_NS_START)?ABSOLUTE (ITCM_NS_START):ALIGN (__itcm_data_end__, 0x2000)

.text           0x00000000    0x11530
                0x00000000                __tz_FLASH_S = ABSOLUTE (FLASH_START)
                0x00000000                __ROM_Start = .
 *(.fixed_vectors*)
 .fixed_vectors
                0x00000000       0x40 ./ra/fsp/src/bsp/cmsis/Device/RENESAS/Source/startup.o
                0x00000000                __Vectors
 *(.application_vectors*)
 .application_vectors
                0x00000040      0x180 ./ra_gen/vector_data.o
                0x00000040                g_vector_table
                0x000001c0                __Vectors_End = .
                0x000001c0                . = (OPTION_SETTING_LENGTH > 0x0)?.:(__ROM_Start + 0x400)
 *(.rom_registers*)
                0x000001c0                . = (OPTION_SETTING_LENGTH > 0x0)?.:(__ROM_Start + 0x500)
                0x00000200                . = ALIGN (0x80)
 *fill*         0x000001c0       0x40 ff
 *(.mcuboot_sce9_key*)
 *(.text*)
 .text          0x00000200       0x40 n:/renesas/ra/e2studio_v2023-04_fsp_v4.4.0/toolchains/gcc_arm/gcc-arm-none-eabi-10.3-2021.10/bin/../lib/gcc/arm-none-eabi/10.3.1/thumb/v8-m.main+fp/hard/crtbegin.o
 .text._WriteNoCheck
                0x00000240       0x50 ./src/SEGGER_RTT/SEGGER_RTT.o
 .text._WriteBlocking
                0x00000290       0x60 ./src/SEGGER_RTT/SEGGER_RTT.o
 .text._DoInit  0x000002f0       0x70 ./src/SEGGER_RTT/SEGGER_RTT.o
 .text.SEGGER_RTT_WriteNoLock
                0x00000360       0x88 ./src/SEGGER_RTT/SEGGER_RTT.o
                0x00000360                SEGGER_RTT_WriteNoLock
 .text.SEGGER_RTT_Write
                0x000003e8       0x38 ./src/SEGGER_RTT/SEGGER_RTT.o
                0x000003e8                SEGGER_RTT_Write
 .text._StoreChar
                0x00000420       0x40 ./src/SEGGER_RTT/SEGGER_RTT_printf.o
 .text._PrintUnsigned
                0x00000460       0xe0 ./src/SEGGER_RTT/SEGGER_RTT_printf.o
 .text.SEGGER_RTT_vprintf
                0x00000540      0x2c8 ./src/SEGGER_RTT/SEGGER_RTT_printf.o
                0x00000540                SEGGER_RTT_vprintf
 .text.SEGGER_RTT_printf
                0x00000808       0x20 ./src/SEGGER_RTT/SEGGER_RTT_printf.o
                0x00000808                SEGGER_RTT_printf
 .text.hal_entry
                0x00000828       0xc4 ./src/hal_entry.o
                0x00000828                hal_entry
 .text.R_BSP_WarmStart
                0x000008ec       0x18 ./src/hal_entry.o
                0x000008ec                R_BSP_WarmStart
 .text.microros_allocate
                0x00000904        0x4 ./src/microros_allocators.o
                0x00000904                microros_allocate
 .text.microros_deallocate
                0x00000908        0x4 ./src/microros_allocators.o
                0x00000908                microros_deallocate
 .text.microros_reallocate
                0x0000090c        0x4 ./src/microros_allocators.o
                0x0000090c                microros_reallocate
 .text.microros_zero_allocate
                0x00000910        0xc ./src/microros_allocators.o
                0x00000910                microros_zero_allocate
 .text.microros_app
                0x0000091c      0x144 ./src/microros_app.o
                0x0000091c                microros_app
 .text.micro_ros_timer_cb
                0x00000a60       0x18 ./src/microros_time.o
                0x00000a60                micro_ros_timer_cb
 .text.clock_gettime
                0x00000a78      0x108 ./src/microros_time.o
                0x00000a78                clock_gettime
 .text.handle_usb
                0x00000b80      0x12c ./src/usb_transport.o
                0x00000b80                handle_usb
 .text.renesas_e2_transport_open
                0x00000cac       0x18 ./src/usb_transport.o
                0x00000cac                renesas_e2_transport_open
 .text.renesas_e2_transport_close
                0x00000cc4       0x10 ./src/usb_transport.o
                0x00000cc4                renesas_e2_transport_close
 .text.renesas_e2_transport_write
                0x00000cd4        0x8 ./src/usb_transport.o
                0x00000cd4                renesas_e2_transport_write
 .text.renesas_e2_transport_read
                0x00000cdc       0x74 ./src/usb_transport.o
                0x00000cdc                renesas_e2_transport_read
 .text.startup.main
                0x00000d50        0xc ./ra_gen/main.o
                0x00000d50                main
 .text.usb_pcdc_read_complete
                0x00000d5c       0x74 ./ra/fsp/src/r_usb_pcdc/src/r_usb_pcdc_driver.o
                0x00000d5c                usb_pcdc_read_complete
 .text.usb_pcdc_write_complete
                0x00000dd0       0x5c ./ra/fsp/src/r_usb_pcdc/src/r_usb_pcdc_driver.o
                0x00000dd0                usb_pcdc_write_complete
 .text.usb_cstd_get_buf_size
                0x00000e2c       0x30 ./ra/fsp/src/r_usb_basic/src/hw/r_usb_creg_abs.o
                0x00000e2c                usb_cstd_get_buf_size
 .text.usb_cstd_pipe_init
                0x00000e5c      0x140 ./ra/fsp/src/r_usb_basic/src/hw/r_usb_creg_abs.o
                0x00000e5c                usb_cstd_pipe_init
 .text.usb_cstd_clr_pipe_cnfg
                0x00000f9c       0xd0 ./ra/fsp/src/r_usb_basic/src/hw/r_usb_creg_abs.o
                0x00000f9c                usb_cstd_clr_pipe_cnfg
 .text.usb_cstd_set_nak
                0x0000106c       0x28 ./ra/fsp/src/r_usb_basic/src/hw/r_usb_creg_abs.o
                0x0000106c                usb_cstd_set_nak
 .text.usb_cstd_is_set_frdy
                0x00001094       0x5c ./ra/fsp/src/r_usb_basic/src/hw/r_usb_creg_abs.o
                0x00001094                usb_cstd_is_set_frdy
 .text.usb_cstd_chg_curpipe
                0x000010f0       0x2c ./ra/fsp/src/r_usb_basic/src/hw/r_usb_creg_abs.o
                0x000010f0                usb_cstd_chg_curpipe
 .text.usb_cstd_set_transaction_counter
                0x0000111c       0x28 ./ra/fsp/src/r_usb_basic/src/hw/r_usb_creg_abs.o
                0x0000111c                usb_cstd_set_transaction_counter
 .text.usb_cstd_clr_transaction_counter
                0x00001144       0x18 ./ra/fsp/src/r_usb_basic/src/hw/r_usb_creg_abs.o
                0x00001144                usb_cstd_clr_transaction_counter
 .text.hw_usb_read_syscfg
                0x0000115c       0x34 ./ra/fsp/src/r_usb_basic/src/hw/r_usb_creg_access.o
                0x0000115c                hw_usb_read_syscfg
 .text.hw_usb_read_syssts
                0x00001190       0x34 ./ra/fsp/src/r_usb_basic/src/hw/r_usb_creg_access.o
                0x00001190                hw_usb_read_syssts
 .text.hw_usb_read_dvstctr
                0x000011c4       0x34 ./ra/fsp/src/r_usb_basic/src/hw/r_usb_creg_access.o
                0x000011c4                hw_usb_read_dvstctr
 .text.hw_usb_read_fifo16
                0x000011f8       0x34 ./ra/fsp/src/r_usb_basic/src/hw/r_usb_creg_access.o
                0x000011f8                hw_usb_read_fifo16
 .text.hw_usb_write_fifo16
                0x0000122c       0x40 ./ra/fsp/src/r_usb_basic/src/hw/r_usb_creg_access.o
                0x0000122c                hw_usb_write_fifo16
 .text.hw_usb_write_fifo8
                0x0000126c       0x40 ./ra/fsp/src/r_usb_basic/src/hw/r_usb_creg_access.o
                0x0000126c                hw_usb_write_fifo8
 .text.hw_usb_read_fifosel
                0x000012ac       0x6c ./ra/fsp/src/r_usb_basic/src/hw/r_usb_creg_access.o
                0x000012ac                hw_usb_read_fifosel
 .text.hw_usb_rmw_fifosel
                0x00001318       0x84 ./ra/fsp/src/r_usb_basic/src/hw/r_usb_creg_access.o
                0x00001318                hw_usb_rmw_fifosel
 .text.hw_usb_set_mbw
                0x0000139c       0x8c ./ra/fsp/src/r_usb_basic/src/hw/r_usb_creg_access.o
                0x0000139c                hw_usb_set_mbw
 .text.hw_usb_read_fifoctr
                0x00001428       0x74 ./ra/fsp/src/r_usb_basic/src/hw/r_usb_creg_access.o
                0x00001428                hw_usb_read_fifoctr
 .text.hw_usb_set_bval
                0x0000149c       0x70 ./ra/fsp/src/r_usb_basic/src/hw/r_usb_creg_access.o
                0x0000149c                hw_usb_set_bval
 .text.hw_usb_set_bclr
                0x0000150c       0x78 ./ra/fsp/src/r_usb_basic/src/hw/r_usb_creg_access.o
                0x0000150c                hw_usb_set_bclr
 .text.hw_usb_set_brdyenb
                0x00001584       0x38 ./ra/fsp/src/r_usb_basic/src/hw/r_usb_creg_access.o
                0x00001584                hw_usb_set_brdyenb
 .text.hw_usb_clear_brdyenb
                0x000015bc       0x3c ./ra/fsp/src/r_usb_basic/src/hw/r_usb_creg_access.o
                0x000015bc                hw_usb_clear_brdyenb
 .text.hw_usb_set_nrdyenb
                0x000015f8       0x38 ./ra/fsp/src/r_usb_basic/src/hw/r_usb_creg_access.o
                0x000015f8                hw_usb_set_nrdyenb
 .text.hw_usb_clear_nrdyenb
                0x00001630       0x3c ./ra/fsp/src/r_usb_basic/src/hw/r_usb_creg_access.o
                0x00001630                hw_usb_clear_nrdyenb
 .text.hw_usb_set_bempenb
                0x0000166c       0x40 ./ra/fsp/src/r_usb_basic/src/hw/r_usb_creg_access.o
                0x0000166c                hw_usb_set_bempenb
 .text.hw_usb_clear_bempenb
                0x000016ac       0x3c ./ra/fsp/src/r_usb_basic/src/hw/r_usb_creg_access.o
                0x000016ac                hw_usb_clear_bempenb
 .text.hw_usb_read_intsts
                0x000016e8       0x20 ./ra/fsp/src/r_usb_basic/src/hw/r_usb_creg_access.o
                0x000016e8                hw_usb_read_intsts
 .text.hw_usb_clear_sts_brdy
                0x00001708       0x48 ./ra/fsp/src/r_usb_basic/src/hw/r_usb_creg_access.o
                0x00001708                hw_usb_clear_sts_brdy
 .text.hw_usb_clear_status_nrdy
                0x00001750       0x48 ./ra/fsp/src/r_usb_basic/src/hw/r_usb_creg_access.o
                0x00001750                hw_usb_clear_status_nrdy
 .text.hw_usb_clear_status_bemp
                0x00001798       0x48 ./ra/fsp/src/r_usb_basic/src/hw/r_usb_creg_access.o
                0x00001798                hw_usb_clear_status_bemp
 .text.hw_usb_read_frmnum
                0x000017e0       0x38 ./ra/fsp/src/r_usb_basic/src/hw/r_usb_creg_access.o
                0x000017e0                hw_usb_read_frmnum
 .text.hw_usb_read_usbreq
                0x00001818       0x20 ./ra/fsp/src/r_usb_basic/src/hw/r_usb_creg_access.o
                0x00001818                hw_usb_read_usbreq
 .text.hw_usb_read_usbval
                0x00001838       0x20 ./ra/fsp/src/r_usb_basic/src/hw/r_usb_creg_access.o
                0x00001838                hw_usb_read_usbval
 .text.hw_usb_read_usbindx
                0x00001858       0x20 ./ra/fsp/src/r_usb_basic/src/hw/r_usb_creg_access.o
                0x00001858                hw_usb_read_usbindx
 .text.hw_usb_read_usbleng
                0x00001878       0x20 ./ra/fsp/src/r_usb_basic/src/hw/r_usb_creg_access.o
                0x00001878                hw_usb_read_usbleng
 .text.hw_usb_read_dcpcfg
                0x00001898       0x38 ./ra/fsp/src/r_usb_basic/src/hw/r_usb_creg_access.o
                0x00001898                hw_usb_read_dcpcfg
 .text.hw_usb_write_dcpcfg
                0x000018d0       0x30 ./ra/fsp/src/r_usb_basic/src/hw/r_usb_creg_access.o
                0x000018d0                hw_usb_write_dcpcfg
 .text.hw_usb_read_dcpmaxp
                0x00001900       0x38 ./ra/fsp/src/r_usb_basic/src/hw/r_usb_creg_access.o
                0x00001900                hw_usb_read_dcpmaxp
 .text.hw_usb_write_dcpmxps
                0x00001938       0x30 ./ra/fsp/src/r_usb_basic/src/hw/r_usb_creg_access.o
                0x00001938                hw_usb_write_dcpmxps
 .text.hw_usb_read_dcpctr
                0x00001968       0x20 ./ra/fsp/src/r_usb_basic/src/hw/r_usb_creg_access.o
                0x00001968                hw_usb_read_dcpctr
 .text.hw_usb_write_pipesel
                0x00001988       0x30 ./ra/fsp/src/r_usb_basic/src/hw/r_usb_creg_access.o
                0x00001988                hw_usb_write_pipesel
 .text.hw_usb_read_pipecfg
                0x000019b8       0x38 ./ra/fsp/src/r_usb_basic/src/hw/r_usb_creg_access.o
                0x000019b8                hw_usb_read_pipecfg
 .text.hw_usb_write_pipecfg
                0x000019f0       0x30 ./ra/fsp/src/r_usb_basic/src/hw/r_usb_creg_access.o
                0x000019f0                hw_usb_write_pipecfg
 .text.hw_usb_read_pipemaxp
                0x00001a20       0x38 ./ra/fsp/src/r_usb_basic/src/hw/r_usb_creg_access.o
                0x00001a20                hw_usb_read_pipemaxp
 .text.hw_usb_write_pipemaxp
                0x00001a58       0x30 ./ra/fsp/src/r_usb_basic/src/hw/r_usb_creg_access.o
                0x00001a58                hw_usb_write_pipemaxp
 .text.hw_usb_write_pipeperi
                0x00001a88       0x30 ./ra/fsp/src/r_usb_basic/src/hw/r_usb_creg_access.o
                0x00001a88                hw_usb_write_pipeperi
 .text.hw_usb_read_pipectr
                0x00001ab8       0x68 ./ra/fsp/src/r_usb_basic/src/hw/r_usb_creg_access.o
                0x00001ab8                hw_usb_read_pipectr
 .text.hw_usb_set_csclr
                0x00001b20       0x3c ./ra/fsp/src/r_usb_basic/src/hw/r_usb_creg_access.o
                0x00001b20                hw_usb_set_csclr
 .text.hw_usb_set_aclrm
                0x00001b5c       0x44 ./ra/fsp/src/r_usb_basic/src/hw/r_usb_creg_access.o
                0x00001b5c                hw_usb_set_aclrm
 .text.hw_usb_clear_aclrm
                0x00001ba0       0x3c ./ra/fsp/src/r_usb_basic/src/hw/r_usb_creg_access.o
                0x00001ba0                hw_usb_clear_aclrm
 .text.hw_usb_set_sqclr
                0x00001bdc       0x74 ./ra/fsp/src/r_usb_basic/src/hw/r_usb_creg_access.o
                0x00001bdc                hw_usb_set_sqclr
 .text.hw_usb_set_pid
                0x00001c50       0x58 ./ra/fsp/src/r_usb_basic/src/hw/r_usb_creg_access.o
                0x00001c50                hw_usb_set_pid
 .text.hw_usb_clear_pid
                0x00001ca8       0x50 ./ra/fsp/src/r_usb_basic/src/hw/r_usb_creg_access.o
                0x00001ca8                hw_usb_clear_pid
 .text.hw_usb_set_trenb
                0x00001cf8       0x3c ./ra/fsp/src/r_usb_basic/src/hw/r_usb_creg_access.o
                0x00001cf8                hw_usb_set_trenb
 .text.hw_usb_clear_trenb
                0x00001d34       0x3c ./ra/fsp/src/r_usb_basic/src/hw/r_usb_creg_access.o
                0x00001d34                hw_usb_clear_trenb
 .text.hw_usb_set_trclr
                0x00001d70       0x3c ./ra/fsp/src/r_usb_basic/src/hw/r_usb_creg_access.o
                0x00001d70                hw_usb_set_trclr
 .text.hw_usb_write_pipetrn
                0x00001dac       0x34 ./ra/fsp/src/r_usb_basic/src/hw/r_usb_creg_access.o
                0x00001dac                hw_usb_write_pipetrn
 .text.hw_usb_set_suspendm
                0x00001de0        0x4 ./ra/fsp/src/r_usb_basic/src/hw/r_usb_creg_access.o
                0x00001de0                hw_usb_set_suspendm
 .text.hw_usb_clear_suspm
                0x00001de4        0x4 ./ra/fsp/src/r_usb_basic/src/hw/r_usb_creg_access.o
                0x00001de4                hw_usb_clear_suspm
 .text.usb_module_start
                0x00001de8       0x50 ./ra/fsp/src/r_usb_basic/src/hw/r_usb_mcu.o
                0x00001de8                usb_module_start
 .text.usb_module_register_clear
                0x00001e38      0x104 ./ra/fsp/src/r_usb_basic/src/hw/r_usb_mcu.o
                0x00001e38                usb_module_register_clear
 .text.usb_module_stop
                0x00001f3c       0x54 ./ra/fsp/src/r_usb_basic/src/hw/r_usb_mcu.o
                0x00001f3c                usb_module_stop
 .text.usb_cpu_usbint_init
                0x00001f90       0xc0 ./ra/fsp/src/r_usb_basic/src/hw/r_usb_mcu.o
                0x00001f90                usb_cpu_usbint_init
 .text.usb_cpu_delay_1us
                0x00002050        0x8 ./ra/fsp/src/r_usb_basic/src/hw/r_usb_mcu.o
                0x00002050                usb_cpu_delay_1us
 .text.usb_cpu_delay_xms
                0x00002058        0x8 ./ra/fsp/src/r_usb_basic/src/hw/r_usb_mcu.o
                0x00002058                usb_cpu_delay_xms
 .text.usbfs_interrupt_handler
                0x00002060       0x34 ./ra/fsp/src/r_usb_basic/src/hw/r_usb_mcu.o
                0x00002060                usbfs_interrupt_handler
 .text.usbfs_resume_handler
                0x00002094       0x34 ./ra/fsp/src/r_usb_basic/src/hw/r_usb_mcu.o
                0x00002094                usbfs_resume_handler
 .text.usbfs_d0fifo_handler
                0x000020c8       0x24 ./ra/fsp/src/r_usb_basic/src/hw/r_usb_mcu.o
                0x000020c8                usbfs_d0fifo_handler
 .text.usbfs_d1fifo_handler
                0x000020ec       0x24 ./ra/fsp/src/r_usb_basic/src/hw/r_usb_mcu.o
                0x000020ec                usbfs_d1fifo_handler
 .text.usb_pstd_interrupt_handler
                0x00002110      0x1f4 ./ra/fsp/src/r_usb_basic/src/hw/r_usb_preg_abs.o
                0x00002110                usb_pstd_interrupt_handler
 .text.usb_pstd_save_request
                0x00002304       0x48 ./ra/fsp/src/r_usb_basic/src/hw/r_usb_preg_abs.o
                0x00002304                usb_pstd_save_request
 .text.usb_pstd_chk_configured
                0x0000234c       0x1c ./ra/fsp/src/r_usb_basic/src/hw/r_usb_preg_abs.o
                0x0000234c                usb_pstd_chk_configured
 .text.usb_pstd_test_mode
                0x00002368        0x4 ./ra/fsp/src/r_usb_basic/src/hw/r_usb_preg_abs.o
                0x00002368                usb_pstd_test_mode
 .text.usb_pstd_resume_process
                0x0000236c       0x18 ./ra/fsp/src/r_usb_basic/src/hw/r_usb_preg_abs.o
                0x0000236c                usb_pstd_resume_process
 .text.usb_pstd_set_stall
                0x00002384        0xc ./ra/fsp/src/r_usb_basic/src/hw/r_usb_preg_abs.o
                0x00002384                usb_pstd_set_stall
 .text.usb_pstd_set_stall_pipe0
                0x00002390        0x8 ./ra/fsp/src/r_usb_basic/src/hw/r_usb_preg_abs.o
                0x00002390                usb_pstd_set_stall_pipe0
 .text.usb_pstd_write_fifo
                0x00002398       0x5c ./ra/fsp/src/r_usb_basic/src/hw/r_usb_preg_abs.o
                0x00002398                usb_pstd_write_fifo
 .text.usb_pstd_read_fifo
                0x000023f4       0x44 ./ra/fsp/src/r_usb_basic/src/hw/r_usb_preg_abs.o
                0x000023f4                usb_pstd_read_fifo
 .text.usb_pstd_forced_termination
                0x00002438       0xa0 ./ra/fsp/src/r_usb_basic/src/hw/r_usb_preg_abs.o
                0x00002438                usb_pstd_forced_termination
 .text.usb_pstd_interrupt_clock
                0x000024d8       0x20 ./ra/fsp/src/r_usb_basic/src/hw/r_usb_preg_abs.o
                0x000024d8                usb_pstd_interrupt_clock
 .text.usb_pstd_stop_clock
                0x000024f8       0x10 ./ra/fsp/src/r_usb_basic/src/hw/r_usb_preg_abs.o
                0x000024f8                usb_pstd_stop_clock
 .text.hw_usb_pset_dprpu
                0x00002508       0x28 ./ra/fsp/src/r_usb_basic/src/hw/r_usb_preg_access.o
                0x00002508                hw_usb_pset_dprpu
 .text.hw_usb_pclear_dprpu
                0x00002530       0x20 ./ra/fsp/src/r_usb_basic/src/hw/r_usb_preg_access.o
                0x00002530                hw_usb_pclear_dprpu
 .text.hw_usb_pset_enb_rsme
                0x00002550       0x28 ./ra/fsp/src/r_usb_basic/src/hw/r_usb_preg_access.o
                0x00002550                hw_usb_pset_enb_rsme
 .text.hw_usb_pclear_enb_rsme
                0x00002578       0x20 ./ra/fsp/src/r_usb_basic/src/hw/r_usb_preg_access.o
                0x00002578                hw_usb_pclear_enb_rsme
 .text.hw_usb_pclear_sts_resm
                0x00002598       0x20 ./ra/fsp/src/r_usb_basic/src/hw/r_usb_preg_access.o
                0x00002598                hw_usb_pclear_sts_resm
 .text.hw_usb_pclear_sts_valid
                0x000025b8       0x20 ./ra/fsp/src/r_usb_basic/src/hw/r_usb_preg_access.o
                0x000025b8                hw_usb_pclear_sts_valid
 .text.hw_usb_pset_ccpl
                0x000025d8       0x30 ./ra/fsp/src/r_usb_basic/src/hw/r_usb_preg_access.o
                0x000025d8                hw_usb_pset_ccpl
 .text.hw_usb_pmodule_init
                0x00002608       0x40 ./ra/fsp/src/r_usb_basic/src/hw/r_usb_preg_access.o
                0x00002608                hw_usb_pmodule_init
 .text.hw_usb_pcontrol_dcpctr_pid
                0x00002648       0x3c ./ra/fsp/src/r_usb_basic/src/hw/r_usb_preg_access.o
                0x00002648                hw_usb_pcontrol_dcpctr_pid
 .text.usb_ctrl_read
                0x00002684       0x50 ./ra/fsp/src/r_usb_basic/src/driver/r_usb_cdataio.o
                0x00002684                usb_ctrl_read
 .text.usb_ctrl_write
                0x000026d4       0x90 ./ra/fsp/src/r_usb_basic/src/driver/r_usb_cdataio.o
                0x000026d4                usb_ctrl_write
 .text.usb_data_read
                0x00002764       0x54 ./ra/fsp/src/r_usb_basic/src/driver/r_usb_cdataio.o
                0x00002764                usb_data_read
 .text.usb_data_write
                0x000027b8       0x98 ./ra/fsp/src/r_usb_basic/src/driver/r_usb_cdataio.o
                0x000027b8                usb_data_write
 .text.usb_cstd_nrdy_enable
                0x00002850        0xc ./ra/fsp/src/r_usb_basic/src/driver/r_usb_clibusbip.o
                0x00002850                usb_cstd_nrdy_enable
 .text.usb_cstd_get_pid
                0x0000285c       0x14 ./ra/fsp/src/r_usb_basic/src/driver/r_usb_clibusbip.o
                0x0000285c                usb_cstd_get_pid
 .text.usb_cstd_get_maxpacket_size
                0x00002870       0x28 ./ra/fsp/src/r_usb_basic/src/driver/r_usb_clibusbip.o
                0x00002870                usb_cstd_get_maxpacket_size
 .text.usb_cstd_get_pipe_dir
                0x00002898       0x1c ./ra/fsp/src/r_usb_basic/src/driver/r_usb_clibusbip.o
                0x00002898                usb_cstd_get_pipe_dir
 .text.usb_cstd_get_pipe_type
                0x000028b4       0x1c ./ra/fsp/src/r_usb_basic/src/driver/r_usb_clibusbip.o
                0x000028b4                usb_cstd_get_pipe_type
 .text.usb_cstd_do_aclrm
                0x000028d0       0x1c ./ra/fsp/src/r_usb_basic/src/driver/r_usb_clibusbip.o
                0x000028d0                usb_cstd_do_aclrm
 .text.usb_cstd_set_buf
                0x000028ec        0xc ./ra/fsp/src/r_usb_basic/src/driver/r_usb_clibusbip.o
                0x000028ec                usb_cstd_set_buf
 .text.usb_cstd_clr_stall
                0x000028f8       0x20 ./ra/fsp/src/r_usb_basic/src/driver/r_usb_clibusbip.o
                0x000028f8                usb_cstd_clr_stall
 .text.usb_cstd_port_speed
                0x00002918       0x20 ./ra/fsp/src/r_usb_basic/src/driver/r_usb_clibusbip.o
                0x00002918                usb_cstd_port_speed
 .text.usb_set_event
                0x00002938       0x44 ./ra/fsp/src/r_usb_basic/src/driver/r_usb_clibusbip.o
                0x00002938                usb_set_event
 .text.usb_cstd_usb_task
                0x0000297c        0x4 ./ra/fsp/src/r_usb_basic/src/driver/r_usb_clibusbip.o
                0x0000297c                usb_cstd_usb_task
 .text.usb_pstd_ctrl_read
                0x00002980       0x88 ./ra/fsp/src/r_usb_basic/src/driver/r_usb_pcontrolrw.o
                0x00002980                usb_pstd_ctrl_read
 .text.usb_pstd_ctrl_write
                0x00002a08       0x50 ./ra/fsp/src/r_usb_basic/src/driver/r_usb_pcontrolrw.o
                0x00002a08                usb_pstd_ctrl_write
 .text.usb_pstd_ctrl_end
                0x00002a58       0x74 ./ra/fsp/src/r_usb_basic/src/driver/r_usb_pcontrolrw.o
                0x00002a58                usb_pstd_ctrl_end
 .text.usb_pstd_dummy_function
                0x00002acc        0x4 ./ra/fsp/src/r_usb_basic/src/driver/r_usb_pdriver.o
                0x00002acc                usb_pstd_dummy_function
 .text.usb_pstd_dummy_trn
                0x00002ad0        0x4 ./ra/fsp/src/r_usb_basic/src/driver/r_usb_pdriver.o
                0x00002ad0                usb_pstd_dummy_trn
 .text.usb_peri_configured
                0x00002ad4       0x2c ./ra/fsp/src/r_usb_basic/src/driver/r_usb_pdriver.o
                0x00002ad4                usb_peri_configured
 .text.usb_peri_suspended
                0x00002b00       0x1c ./ra/fsp/src/r_usb_basic/src/driver/r_usb_pdriver.o
                0x00002b00                usb_peri_suspended
 .text.usb_peri_resume
                0x00002b1c       0x1c ./ra/fsp/src/r_usb_basic/src/driver/r_usb_pdriver.o
                0x00002b1c                usb_peri_resume
 .text.usb_peri_interface
                0x00002b38        0x4 ./ra/fsp/src/r_usb_basic/src/driver/r_usb_pdriver.o
                0x00002b38                usb_peri_interface
 .text.usb_peri_detach
                0x00002b3c       0x2c ./ra/fsp/src/r_usb_basic/src/driver/r_usb_pdriver.o
                0x00002b3c                usb_peri_detach
 .text.usb_pstd_pcd_task
                0x00002b68      0x1f0 ./ra/fsp/src/r_usb_basic/src/driver/r_usb_pdriver.o
                0x00002b68                usb_pstd_pcd_task
 .text.usb_pstd_set_submitutr
                0x00002d58       0x44 ./ra/fsp/src/r_usb_basic/src/driver/r_usb_pdriver.o
                0x00002d58                usb_pstd_set_submitutr
 .text.usb_pstd_clr_mem
                0x00002d9c       0x28 ./ra/fsp/src/r_usb_basic/src/driver/r_usb_pdriver.o
                0x00002d9c                usb_pstd_clr_mem
 .text.usb_pstd_set_config_num
                0x00002dc4       0x1c ./ra/fsp/src/r_usb_basic/src/driver/r_usb_pdriver.o
                0x00002dc4                usb_pstd_set_config_num
 .text.usb_pstd_clr_eptbl_index
                0x00002de0       0x18 ./ra/fsp/src/r_usb_basic/src/driver/r_usb_pdriver.o
                0x00002de0                usb_pstd_clr_eptbl_index
 .text.usb_pstd_get_interface_num
                0x00002df8        0xc ./ra/fsp/src/r_usb_basic/src/driver/r_usb_pdriver.o
                0x00002df8                usb_pstd_get_interface_num
 .text.usb_pstd_get_alternate_num
                0x00002e04       0x54 ./ra/fsp/src/r_usb_basic/src/driver/r_usb_pdriver.o
                0x00002e04                usb_pstd_get_alternate_num
 .text.usb_pstd_set_eptbl_index
                0x00002e58       0xa0 ./ra/fsp/src/r_usb_basic/src/driver/r_usb_pdriver.o
                0x00002e58                usb_pstd_set_eptbl_index
 .text.usb_pstd_chk_remote
                0x00002ef8       0x1c ./ra/fsp/src/r_usb_basic/src/driver/r_usb_pdriver.o
                0x00002ef8                usb_pstd_chk_remote
 .text.usb_pstd_get_current_power
                0x00002f14       0x10 ./ra/fsp/src/r_usb_basic/src/driver/r_usb_pdriver.o
                0x00002f14                usb_pstd_get_current_power
 .text.usb_pstd_fifo_to_buf
                0x00002f24       0x70 ./ra/fsp/src/r_usb_basic/src/driver/r_usb_pdriver.o
                0x00002f24                usb_pstd_fifo_to_buf
 .text.usb_pstd_buf_to_fifo
                0x00002f94       0x70 ./ra/fsp/src/r_usb_basic/src/driver/r_usb_pdriver.o
                0x00002f94                usb_pstd_buf_to_fifo
 .text.usb_pstd_transfer_start
                0x00003004       0x40 ./ra/fsp/src/r_usb_basic/src/driver/r_usb_pdriver.o
                0x00003004                usb_pstd_transfer_start
 .text.usb_pstd_driver_release
                0x00003044       0x30 ./ra/fsp/src/r_usb_basic/src/driver/r_usb_pdriver.o
                0x00003044                usb_pstd_driver_release
 .text.usb_peri_registration
                0x00003074       0x68 ./ra/fsp/src/r_usb_basic/src/driver/r_usb_pdriver.o
                0x00003074                usb_peri_registration
 .text.usb_peri_pipe_info
                0x000030dc       0x6c ./ra/fsp/src/r_usb_basic/src/driver/r_usb_pdriver.o
                0x000030dc                usb_peri_pipe_info
 .text.usb_peri_devdefault
                0x00003148       0xa8 ./ra/fsp/src/r_usb_basic/src/driver/r_usb_pdriver.o
                0x00003148                usb_peri_devdefault
 .text.usb_pstd_brdy_pipe
                0x000031f0       0x60 ./ra/fsp/src/r_usb_basic/src/driver/r_usb_pintfifo.o
                0x000031f0                usb_pstd_brdy_pipe
 .text.usb_pstd_nrdy_pipe
                0x00003250        0xc ./ra/fsp/src/r_usb_basic/src/driver/r_usb_pintfifo.o
                0x00003250                usb_pstd_nrdy_pipe
 .text.usb_pstd_bemp_pipe
                0x0000325c       0x48 ./ra/fsp/src/r_usb_basic/src/driver/r_usb_pintfifo.o
                0x0000325c                usb_pstd_bemp_pipe
 .text.usb_pstd_usb_handler
                0x000032a4       0x48 ./ra/fsp/src/r_usb_basic/src/driver/r_usb_pinthandler_usbip0.o
                0x000032a4                usb_pstd_usb_handler
 .text.usb_pstd_data_end.part.0
                0x000032ec       0x74 ./ra/fsp/src/r_usb_basic/src/driver/r_usb_plibusbip.o
 .text.usb_pstd_epadr2pipe
                0x00003360       0x50 ./ra/fsp/src/r_usb_basic/src/driver/r_usb_plibusbip.o
                0x00003360                usb_pstd_epadr2pipe
 .text.usb_pstd_pipe2fport
                0x000033b0        0x4 ./ra/fsp/src/r_usb_basic/src/driver/r_usb_plibusbip.o
                0x000033b0                usb_pstd_pipe2fport
 .text.usb_pstd_hi_speed_enable
                0x000033b4        0xc ./ra/fsp/src/r_usb_basic/src/driver/r_usb_plibusbip.o
                0x000033b4                usb_pstd_hi_speed_enable
 .text.usb_pstd_send_start
                0x000033c0       0x5c ./ra/fsp/src/r_usb_basic/src/driver/r_usb_plibusbip.o
                0x000033c0                usb_pstd_send_start
 .text.usb_pstd_write_data
                0x0000341c      0x118 ./ra/fsp/src/r_usb_basic/src/driver/r_usb_plibusbip.o
                0x0000341c                usb_pstd_write_data
 .text.usb_pstd_receive_start
                0x00003534       0x80 ./ra/fsp/src/r_usb_basic/src/driver/r_usb_plibusbip.o
                0x00003534                usb_pstd_receive_start
 .text.usb_pstd_read_data
                0x000035b4       0xf0 ./ra/fsp/src/r_usb_basic/src/driver/r_usb_plibusbip.o
                0x000035b4                usb_pstd_read_data
 .text.usb_pstd_data_end
                0x000036a4        0xc ./ra/fsp/src/r_usb_basic/src/driver/r_usb_plibusbip.o
                0x000036a4                usb_pstd_data_end
 .text.usb_pstd_brdy_pipe_process
                0x000036b0       0x64 ./ra/fsp/src/r_usb_basic/src/driver/r_usb_plibusbip.o
                0x000036b0                usb_pstd_brdy_pipe_process
 .text.usb_pstd_nrdy_pipe_process
                0x00003714       0x58 ./ra/fsp/src/r_usb_basic/src/driver/r_usb_plibusbip.o
                0x00003714                usb_pstd_nrdy_pipe_process
 .text.usb_pstd_bemp_pipe_process
                0x0000376c       0xe0 ./ra/fsp/src/r_usb_basic/src/driver/r_usb_plibusbip.o
                0x0000376c                usb_pstd_bemp_pipe_process
 .text.usb_pstd_set_pipe_table
                0x0000384c       0xcc ./ra/fsp/src/r_usb_basic/src/driver/r_usb_plibusbip.o
                0x0000384c                usb_pstd_set_pipe_table
 .text.usb_pstd_clr_pipe_table
                0x00003918       0x34 ./ra/fsp/src/r_usb_basic/src/driver/r_usb_plibusbip.o
                0x00003918                usb_pstd_clr_pipe_table
 .text.usb_pstd_set_pipe_reg
                0x0000394c       0xa0 ./ra/fsp/src/r_usb_basic/src/driver/r_usb_plibusbip.o
                0x0000394c                usb_pstd_set_pipe_reg
 .text.usb_pstd_clr_pipe_reg
                0x000039ec       0x3c ./ra/fsp/src/r_usb_basic/src/driver/r_usb_plibusbip.o
                0x000039ec                usb_pstd_clr_pipe_reg
 .text.usb_pstd_bus_reset
                0x00003a28       0x3c ./ra/fsp/src/r_usb_basic/src/driver/r_usb_psignal.o
                0x00003a28                usb_pstd_bus_reset
 .text.usb_pstd_attach_process
                0x00003a64       0x18 ./ra/fsp/src/r_usb_basic/src/driver/r_usb_psignal.o
                0x00003a64                usb_pstd_attach_process
 .text.usb_pstd_detach_process
                0x00003a7c       0x80 ./ra/fsp/src/r_usb_basic/src/driver/r_usb_psignal.o
                0x00003a7c                usb_pstd_detach_process
 .text.usb_pstd_suspend_process
                0x00003afc       0x68 ./ra/fsp/src/r_usb_basic/src/driver/r_usb_psignal.o
                0x00003afc                usb_pstd_suspend_process
 .text.usb_pstd_set_feature_function
                0x00003b64        0x4 ./ra/fsp/src/r_usb_basic/src/driver/r_usb_pstdfunction.o
                0x00003b64                usb_pstd_set_feature_function
 .text.usb_pstd_chk_vbsts
                0x00003b68       0x40 ./ra/fsp/src/r_usb_basic/src/driver/r_usb_pstdfunction.o
                0x00003b68                usb_pstd_chk_vbsts
 .text.usb_pstd_busreset_function
                0x00003ba8        0x4 ./ra/fsp/src/r_usb_basic/src/driver/r_usb_pstdfunction.o
                0x00003ba8                usb_pstd_busreset_function
 .text.usb_pstd_suspend_function
                0x00003bac        0x4 ./ra/fsp/src/r_usb_basic/src/driver/r_usb_pstdfunction.o
                0x00003bac                usb_pstd_suspend_function
 .text.usb_pdriver_init
                0x00003bb0       0xf8 ./ra/fsp/src/r_usb_basic/src/driver/r_usb_pstdfunction.o
                0x00003bb0                usb_pdriver_init
 .text.usb_pstd_stand_req0
                0x00003ca8       0x80 ./ra/fsp/src/r_usb_basic/src/driver/r_usb_pstdrequest.o
                0x00003ca8                usb_pstd_stand_req0
 .text.usb_pstd_stand_req1
                0x00003d28      0x29c ./ra/fsp/src/r_usb_basic/src/driver/r_usb_pstdrequest.o
                0x00003d28                usb_pstd_stand_req1
 .text.usb_pstd_stand_req2
                0x00003fc4        0x4 ./ra/fsp/src/r_usb_basic/src/driver/r_usb_pstdrequest.o
                0x00003fc4                usb_pstd_stand_req2
 .text.usb_pstd_stand_req3
                0x00003fc8      0x330 ./ra/fsp/src/r_usb_basic/src/driver/r_usb_pstdrequest.o
                0x00003fc8                usb_pstd_stand_req3
 .text.usb_pstd_stand_req4
                0x000042f8       0xb4 ./ra/fsp/src/r_usb_basic/src/driver/r_usb_pstdrequest.o
                0x000042f8                usb_pstd_stand_req4
 .text.usb_pstd_stand_req5
                0x000043ac       0x98 ./ra/fsp/src/r_usb_basic/src/driver/r_usb_pstdrequest.o
                0x000043ac                usb_pstd_stand_req5
 .text.usb_peri_class_request_rss
                0x00004444       0x4c ./ra/fsp/src/r_usb_basic/src/driver/r_usb_pstdrequest.o
                0x00004444                usb_peri_class_request_rss
 .text.usb_peri_class_request_wss
                0x00004490       0x58 ./ra/fsp/src/r_usb_basic/src/driver/r_usb_pstdrequest.o
                0x00004490                usb_peri_class_request_wss
 .text.usb_peri_class_request
                0x000044e8       0xf0 ./ra/fsp/src/r_usb_basic/src/driver/r_usb_pstdrequest.o
                0x000044e8                usb_peri_class_request
 .text.R_USB_SetupGet
                0x000045d8       0x10 ./ra/fsp/src/r_usb_basic/r_usb_basic.o
                0x000045d8                R_USB_SetupGet
 .text.R_USB_EventGet
                0x000045e8       0x58 ./ra/fsp/src/r_usb_basic/r_usb_basic.o
                0x000045e8                R_USB_EventGet
 .text.R_USB_Open
                0x00004640       0xe0 ./ra/fsp/src/r_usb_basic/r_usb_basic.o
                0x00004640                R_USB_Open
 .text.R_USB_InfoGet
                0x00004720       0xc4 ./ra/fsp/src/r_usb_basic/r_usb_basic.o
                0x00004720                R_USB_InfoGet
 .text.R_USB_Close
                0x000047e4       0x54 ./ra/fsp/src/r_usb_basic/r_usb_basic.o
                0x000047e4                R_USB_Close
 .text.R_USB_Read
                0x00004838       0x54 ./ra/fsp/src/r_usb_basic/r_usb_basic.o
                0x00004838                R_USB_Read
 .text.R_USB_Write
                0x0000488c       0x54 ./ra/fsp/src/r_usb_basic/r_usb_basic.o
                0x0000488c                R_USB_Write
 .text.R_USB_PeriControlDataGet
                0x000048e0       0x48 ./ra/fsp/src/r_usb_basic/r_usb_basic.o
                0x000048e0                R_USB_PeriControlDataGet
 .text.R_USB_PeriControlDataSet
                0x00004928       0x48 ./ra/fsp/src/r_usb_basic/r_usb_basic.o
                0x00004928                R_USB_PeriControlDataSet
 .text.R_USB_PeriControlStatusSet
                0x00004970       0x38 ./ra/fsp/src/r_usb_basic/r_usb_basic.o
                0x00004970                R_USB_PeriControlStatusSet
 .text.bsp_vbatt_init
                0x000049a8       0xbc ./ra/fsp/src/r_ioport/r_ioport.o
 .text.r_ioport_pins_config
                0x00004a64       0xc0 ./ra/fsp/src/r_ioport/r_ioport.o
 .text.R_IOPORT_Open
                0x00004b24       0x14 ./ra/fsp/src/r_ioport/r_ioport.o
                0x00004b24                R_IOPORT_Open
 .text.R_AGT_Start
                0x00004b38       0x38 ./ra/fsp/src/r_agt/r_agt.o
                0x00004b38                R_AGT_Start
 .text.R_AGT_StatusGet
                0x00004b70       0x24 ./ra/fsp/src/r_agt/r_agt.o
                0x00004b70                R_AGT_StatusGet
 .text.R_AGT_Open
                0x00004b94      0x140 ./ra/fsp/src/r_agt/r_agt.o
                0x00004b94                R_AGT_Open
 .text.agt_int_isr
                0x00004cd4       0x94 ./ra/fsp/src/r_agt/r_agt.o
                0x00004cd4                agt_int_isr
 .text.SystemCoreClockUpdate
                0x00004d68       0x28 ./ra/fsp/src/bsp/mcu/all/bsp_clocks.o
                0x00004d68                SystemCoreClockUpdate
 .text.bsp_clock_init
                0x00004d90      0x158 ./ra/fsp/src/bsp/mcu/all/bsp_clocks.o
                0x00004d90                bsp_clock_init
 .text.R_BSP_Init_RTC
                0x00004ee8       0x5c ./ra/fsp/src/bsp/mcu/all/bsp_clocks.o
                0x00004ee8                R_BSP_Init_RTC
 .text.__assert_func
                0x00004f44        0x4 ./ra/fsp/src/bsp/mcu/all/bsp_common.o
                0x00004f44                __assert_func
 .text.bsp_prv_software_delay_loop
                0x00004f48        0xc ./ra/fsp/src/bsp/mcu/all/bsp_delay.o
                0x00004f48                bsp_prv_software_delay_loop
 .text.R_BSP_SoftwareDelay
                0x00004f54       0x68 ./ra/fsp/src/bsp/mcu/all/bsp_delay.o
                0x00004f54                R_BSP_SoftwareDelay
 .text.NMI_Handler
                0x00004fbc       0x38 ./ra/fsp/src/bsp/mcu/all/bsp_group_irq.o
                0x00004fbc                NMI_Handler
 .text.bsp_irq_cfg
                0x00004ff4       0xa0 ./ra/fsp/src/bsp/mcu/all/bsp_irq.o
                0x00004ff4                bsp_irq_cfg
 .text.R_BSP_RegisterProtectEnable
                0x00005094       0x60 ./ra/fsp/src/bsp/mcu/all/bsp_register_protection.o
                0x00005094                R_BSP_RegisterProtectEnable
 .text.R_BSP_RegisterProtectDisable
                0x000050f4       0x54 ./ra/fsp/src/bsp/mcu/all/bsp_register_protection.o
                0x000050f4                R_BSP_RegisterProtectDisable
 .text._sbrk    0x00005148       0x44 ./ra/fsp/src/bsp/mcu/all/bsp_sbrk.o
                0x00005148                _sbrk
 .text.Default_Handler
                0x0000518c        0x4 ./ra/fsp/src/bsp/cmsis/Device/RENESAS/Source/startup.o
                0x0000518c                DebugMon_Handler
                0x0000518c                HardFault_Handler
                0x0000518c                SysTick_Handler
                0x0000518c                PendSV_Handler
                0x0000518c                UsageFault_Handler
                0x0000518c                SecureFault_Handler
                0x0000518c                Default_Handler
                0x0000518c                MemManage_Handler
                0x0000518c                SVC_Handler
                0x0000518c                BusFault_Handler
 .text.Reset_Handler
                0x00005190        0xc ./ra/fsp/src/bsp/cmsis/Device/RENESAS/Source/startup.o
                0x00005190                Reset_Handler
 .text.SystemInit
                0x0000519c       0xc4 ./ra/fsp/src/bsp/cmsis/Device/RENESAS/Source/system.o
                0x0000519c                SystemInit
 .text.bsp_init
                0x00005260        0x4 ./ra/board/ra6m4_ek/board_init.o
                0x00005260                bsp_init
 .text.uxr_millis
                0x00005264       0x38 F:\Grutter_Services_LLC\Repositories\Renesas-RA\EK_RA6M4\EK_RA6M4_MicroROS_USB/libmicroros\libmicroros.a(libmicroxrcedds_client-time.c.obj)
                0x00005264                uxr_millis
 .text.uxr_nanos
                0x0000529c       0x2c F:\Grutter_Services_LLC\Repositories\Renesas-RA\EK_RA6M4\EK_RA6M4_MicroROS_USB/libmicroros\libmicroros.a(libmicroxrcedds_client-time.c.obj)
                0x0000529c                uxr_nanos
 .text.rcl_get_zero_initialized_publisher
                0x000052c8        0xc F:\Grutter_Services_LLC\Repositories\Renesas-RA\EK_RA6M4\EK_RA6M4_MicroROS_USB/libmicroros\libmicroros.a(librcl-publisher.c.obj)
                0x000052c8                rcl_get_zero_initialized_publisher
 .text.rcl_publisher_init
                0x000052d4      0x130 F:\Grutter_Services_LLC\Repositories\Renesas-RA\EK_RA6M4\EK_RA6M4_MicroROS_USB/libmicroros\libmicroros.a(librcl-publisher.c.obj)
                0x000052d4                rcl_publisher_init
 .text.rcl_publisher_get_default_options
                0x00005404       0x5c F:\Grutter_Services_LLC\Repositories\Renesas-RA\EK_RA6M4\EK_RA6M4_MicroROS_USB/libmicroros\libmicroros.a(librcl-publisher.c.obj)
                0x00005404                rcl_publisher_get_default_options
 .text.rcl_publish
                0x00005460       0x48 F:\Grutter_Services_LLC\Repositories\Renesas-RA\EK_RA6M4\EK_RA6M4_MicroROS_USB/libmicroros\libmicroros.a(librcl-publisher.c.obj)
                0x00005460                rcl_publish
 .text.rclc_support_init
                0x000054a8       0x94 F:\Grutter_Services_LLC\Repositories\Renesas-RA\EK_RA6M4\EK_RA6M4_MicroROS_USB/libmicroros\libmicroros.a(librclc-init.c.obj)
                0x000054a8                rclc_support_init
 .text.rclc_node_init_default
                0x0000553c       0x78 F:\Grutter_Services_LLC\Repositories\Renesas-RA\EK_RA6M4\EK_RA6M4_MicroROS_USB/libmicroros\libmicroros.a(librclc-node.c.obj)
                0x0000553c                rclc_node_init_default
 .text.rclc_publisher_init_default
                0x000055b4       0x68 F:\Grutter_Services_LLC\Repositories\Renesas-RA\EK_RA6M4\EK_RA6M4_MicroROS_USB/libmicroros\libmicroros.a(librclc-publisher.c.obj)
                0x000055b4                rclc_publisher_init_default
 .text.__default_zero_allocate
                0x0000561c        0x4 F:\Grutter_Services_LLC\Repositories\Renesas-RA\EK_RA6M4\EK_RA6M4_MicroROS_USB/libmicroros\libmicroros.a(librcutils-allocator.c.obj)
 .text.__default_reallocate
                0x00005620        0x4 F:\Grutter_Services_LLC\Repositories\Renesas-RA\EK_RA6M4\EK_RA6M4_MicroROS_USB/libmicroros\libmicroros.a(librcutils-allocator.c.obj)
 .text.__default_deallocate
                0x00005624        0x4 F:\Grutter_Services_LLC\Repositories\Renesas-RA\EK_RA6M4\EK_RA6M4_MicroROS_USB/libmicroros\libmicroros.a(librcutils-allocator.c.obj)
 .text.__default_allocate
                0x00005628        0x4 F:\Grutter_Services_LLC\Repositories\Renesas-RA\EK_RA6M4\EK_RA6M4_MicroROS_USB/libmicroros\libmicroros.a(librcutils-allocator.c.obj)
 .text.rcutils_get_zero_initialized_allocator
                0x0000562c       0x20 F:\Grutter_Services_LLC\Repositories\Renesas-RA\EK_RA6M4\EK_RA6M4_MicroROS_USB/libmicroros\libmicroros.a(librcutils-allocator.c.obj)
                0x0000562c                rcutils_get_zero_initialized_allocator
 .text.rcutils_set_default_allocator
                0x0000564c       0x3c F:\Grutter_Services_LLC\Repositories\Renesas-RA\EK_RA6M4\EK_RA6M4_MicroROS_USB/libmicroros\libmicroros.a(librcutils-allocator.c.obj)
                0x0000564c                rcutils_set_default_allocator
 .text.rcutils_get_default_allocator
                0x00005688       0x20 F:\Grutter_Services_LLC\Repositories\Renesas-RA\EK_RA6M4\EK_RA6M4_MicroROS_USB/libmicroros\libmicroros.a(librcutils-allocator.c.obj)
                0x00005688                rcutils_get_default_allocator
 .text.rcutils_allocator_is_valid
                0x000056a8       0x1c F:\Grutter_Services_LLC\Repositories\Renesas-RA\EK_RA6M4\EK_RA6M4_MicroROS_USB/libmicroros\libmicroros.a(librcutils-allocator.c.obj)
                0x000056a8                rcutils_allocator_is_valid
 .text.rcutils_get_error_string
                0x000056c4       0x2c F:\Grutter_Services_LLC\Repositories\Renesas-RA\EK_RA6M4\EK_RA6M4_MicroROS_USB/libmicroros\libmicroros.a(librcutils-error_handling.c.obj)
                0x000056c4                rcutils_get_error_string
 .text.rcutils_reset_error
                0x000056f0       0x38 F:\Grutter_Services_LLC\Repositories\Renesas-RA\EK_RA6M4\EK_RA6M4_MicroROS_USB/libmicroros\libmicroros.a(librcutils-error_handling.c.obj)
                0x000056f0                rcutils_reset_error
 .text.rmw_get_default_publisher_options
                0x00005728        0x8 F:\Grutter_Services_LLC\Repositories\Renesas-RA\EK_RA6M4\EK_RA6M4_MicroROS_USB/libmicroros\libmicroros.a(librmw-publisher_options.c.obj)
                0x00005728                rmw_get_default_publisher_options
 .text.rmw_uros_set_custom_transport
                0x00005730       0x2c F:\Grutter_Services_LLC\Repositories\Renesas-RA\EK_RA6M4\EK_RA6M4_MicroROS_USB/libmicroros\libmicroros.a(librmw_microxrcedds-custom_transport.c.obj)
                0x00005730                rmw_uros_set_custom_transport
 .text.flush_session
                0x0000575c        0x8 F:\Grutter_Services_LLC\Repositories\Renesas-RA\EK_RA6M4\EK_RA6M4_MicroROS_USB/libmicroros\libmicroros.a(librmw_microxrcedds-rmw_publish.c.obj)
                0x0000575c                flush_session
 .text.rmw_publish
                0x00005764       0xc0 F:\Grutter_Services_LLC\Repositories\Renesas-RA\EK_RA6M4\EK_RA6M4_MicroROS_USB/libmicroros\libmicroros.a(librmw_microxrcedds-rmw_publish.c.obj)
                0x00005764                rmw_publish
 .text.rmw_create_publisher
                0x00005824      0x1bc F:\Grutter_Services_LLC\Repositories\Renesas-RA\EK_RA6M4\EK_RA6M4_MicroROS_USB/libmicroros\libmicroros.a(librmw_microxrcedds-rmw_publisher.c.obj)
                0x00005824                rmw_create_publisher
 .text.rmw_publisher_get_actual_qos
                0x000059e0       0x1c F:\Grutter_Services_LLC\Repositories\Renesas-RA\EK_RA6M4\EK_RA6M4_MicroROS_USB/libmicroros\libmicroros.a(librmw_microxrcedds-rmw_publisher.c.obj)
                0x000059e0                rmw_publisher_get_actual_qos
 .text.rmw_destroy_publisher
                0x000059fc       0xa0 F:\Grutter_Services_LLC\Repositories\Renesas-RA\EK_RA6M4\EK_RA6M4_MicroROS_USB/libmicroros\libmicroros.a(librmw_microxrcedds-rmw_publisher.c.obj)
                0x000059fc                rmw_destroy_publisher
 .text.rmw_uxrce_init_service_memory
                0x00005a9c       0x40 F:\Grutter_Services_LLC\Repositories\Renesas-RA\EK_RA6M4\EK_RA6M4_MicroROS_USB/libmicroros\libmicroros.a(librmw_microxrcedds-types.c.obj)
                0x00005a9c                rmw_uxrce_init_service_memory
 .text.rmw_uxrce_init_client_memory
                0x00005adc       0x40 F:\Grutter_Services_LLC\Repositories\Renesas-RA\EK_RA6M4\EK_RA6M4_MicroROS_USB/libmicroros\libmicroros.a(librmw_microxrcedds-types.c.obj)
                0x00005adc                rmw_uxrce_init_client_memory
 .text.rmw_uxrce_init_publisher_memory
                0x00005b1c       0x40 F:\Grutter_Services_LLC\Repositories\Renesas-RA\EK_RA6M4\EK_RA6M4_MicroROS_USB/libmicroros\libmicroros.a(librmw_microxrcedds-types.c.obj)
                0x00005b1c                rmw_uxrce_init_publisher_memory
 .text.rmw_uxrce_init_subscription_memory
                0x00005b5c       0x40 F:\Grutter_Services_LLC\Repositories\Renesas-RA\EK_RA6M4\EK_RA6M4_MicroROS_USB/libmicroros\libmicroros.a(librmw_microxrcedds-types.c.obj)
                0x00005b5c                rmw_uxrce_init_subscription_memory
 .text.rmw_uxrce_init_node_memory
                0x00005b9c       0x40 F:\Grutter_Services_LLC\Repositories\Renesas-RA\EK_RA6M4\EK_RA6M4_MicroROS_USB/libmicroros\libmicroros.a(librmw_microxrcedds-types.c.obj)
                0x00005b9c                rmw_uxrce_init_node_memory
 .text.rmw_uxrce_init_session_memory
                0x00005bdc       0x40 F:\Grutter_Services_LLC\Repositories\Renesas-RA\EK_RA6M4\EK_RA6M4_MicroROS_USB/libmicroros\libmicroros.a(librmw_microxrcedds-types.c.obj)
                0x00005bdc                rmw_uxrce_init_session_memory
 .text.rmw_uxrce_init_topic_memory
                0x00005c1c       0x40 F:\Grutter_Services_LLC\Repositories\Renesas-RA\EK_RA6M4\EK_RA6M4_MicroROS_USB/libmicroros\libmicroros.a(librmw_microxrcedds-types.c.obj)
                0x00005c1c                rmw_uxrce_init_topic_memory
 .text.rmw_uxrce_init_static_input_buffer_memory
                0x00005c5c       0x40 F:\Grutter_Services_LLC\Repositories\Renesas-RA\EK_RA6M4\EK_RA6M4_MicroROS_USB/libmicroros\libmicroros.a(librmw_microxrcedds-types.c.obj)
                0x00005c5c                rmw_uxrce_init_static_input_buffer_memory
 .text.rmw_uxrce_init_init_options_impl_memory
                0x00005c9c       0x40 F:\Grutter_Services_LLC\Repositories\Renesas-RA\EK_RA6M4\EK_RA6M4_MicroROS_USB/libmicroros\libmicroros.a(librmw_microxrcedds-types.c.obj)
                0x00005c9c                rmw_uxrce_init_init_options_impl_memory
 .text.rmw_uxrce_init_wait_set_memory
                0x00005cdc       0x40 F:\Grutter_Services_LLC\Repositories\Renesas-RA\EK_RA6M4\EK_RA6M4_MicroROS_USB/libmicroros\libmicroros.a(librmw_microxrcedds-types.c.obj)
                0x00005cdc                rmw_uxrce_init_wait_set_memory
 .text.rmw_uxrce_init_guard_condition_memory
                0x00005d1c       0x40 F:\Grutter_Services_LLC\Repositories\Renesas-RA\EK_RA6M4\EK_RA6M4_MicroROS_USB/libmicroros\libmicroros.a(librmw_microxrcedds-types.c.obj)
                0x00005d1c                rmw_uxrce_init_guard_condition_memory
 .text.rmw_uxrce_fini_session_memory
                0x00005d5c        0xc F:\Grutter_Services_LLC\Repositories\Renesas-RA\EK_RA6M4\EK_RA6M4_MicroROS_USB/libmicroros\libmicroros.a(librmw_microxrcedds-types.c.obj)
                0x00005d5c                rmw_uxrce_fini_session_memory
 .text.rmw_uxrce_fini_node_memory
                0x00005d68       0x30 F:\Grutter_Services_LLC\Repositories\Renesas-RA\EK_RA6M4\EK_RA6M4_MicroROS_USB/libmicroros\libmicroros.a(librmw_microxrcedds-types.c.obj)
                0x00005d68                rmw_uxrce_fini_node_memory
 .text.rmw_uxrce_fini_publisher_memory
                0x00005d98       0x2c F:\Grutter_Services_LLC\Repositories\Renesas-RA\EK_RA6M4\EK_RA6M4_MicroROS_USB/libmicroros\libmicroros.a(librmw_microxrcedds-types.c.obj)
                0x00005d98                rmw_uxrce_fini_publisher_memory
 .text.rmw_uxrce_fini_subscription_memory
                0x00005dc4       0x2c F:\Grutter_Services_LLC\Repositories\Renesas-RA\EK_RA6M4\EK_RA6M4_MicroROS_USB/libmicroros\libmicroros.a(librmw_microxrcedds-types.c.obj)
                0x00005dc4                rmw_uxrce_fini_subscription_memory
 .text.rmw_uxrce_fini_service_memory
                0x00005df0       0x2c F:\Grutter_Services_LLC\Repositories\Renesas-RA\EK_RA6M4\EK_RA6M4_MicroROS_USB/libmicroros\libmicroros.a(librmw_microxrcedds-types.c.obj)
                0x00005df0                rmw_uxrce_fini_service_memory
 .text.rmw_uxrce_fini_client_memory
                0x00005e1c       0x2c F:\Grutter_Services_LLC\Repositories\Renesas-RA\EK_RA6M4\EK_RA6M4_MicroROS_USB/libmicroros\libmicroros.a(librmw_microxrcedds-types.c.obj)
                0x00005e1c                rmw_uxrce_fini_client_memory
 .text.rmw_uxrce_fini_topic_memory
                0x00005e48       0x18 F:\Grutter_Services_LLC\Repositories\Renesas-RA\EK_RA6M4\EK_RA6M4_MicroROS_USB/libmicroros\libmicroros.a(librmw_microxrcedds-types.c.obj)
                0x00005e48                rmw_uxrce_fini_topic_memory
 .text.rmw_uxrce_get_static_input_buffer_for_entity
                0x00005e60       0xa0 F:\Grutter_Services_LLC\Repositories\Renesas-RA\EK_RA6M4\EK_RA6M4_MicroROS_USB/libmicroros\libmicroros.a(librmw_microxrcedds-types.c.obj)
                0x00005e60                rmw_uxrce_get_static_input_buffer_for_entity
 .text.run_xrce_session
                0x00005f00       0x38 F:\Grutter_Services_LLC\Repositories\Renesas-RA\EK_RA6M4\EK_RA6M4_MicroROS_USB/libmicroros\libmicroros.a(librmw_microxrcedds-utils.c.obj)
                0x00005f00                run_xrce_session
 .text.convert_qos_profile
                0x00005f38       0x34 F:\Grutter_Services_LLC\Repositories\Renesas-RA\EK_RA6M4\EK_RA6M4_MicroROS_USB/libmicroros\libmicroros.a(librmw_microxrcedds-utils.c.obj)
                0x00005f38                convert_qos_profile
 .text.generate_type_name
                0x00005f6c       0x60 F:\Grutter_Services_LLC\Repositories\Renesas-RA\EK_RA6M4\EK_RA6M4_MicroROS_USB/libmicroros\libmicroros.a(librmw_microxrcedds-utils.c.obj)
                0x00005f6c                generate_type_name
 .text.generate_topic_name
                0x00005fcc       0x34 F:\Grutter_Services_LLC\Repositories\Renesas-RA\EK_RA6M4\EK_RA6M4_MicroROS_USB/libmicroros\libmicroros.a(librmw_microxrcedds-utils.c.obj)
                0x00005fcc                generate_topic_name
 .text.is_uxrce_rmw_identifier_valid
                0x00006000       0x1c F:\Grutter_Services_LLC\Repositories\Renesas-RA\EK_RA6M4\EK_RA6M4_MicroROS_USB/libmicroros\libmicroros.a(librmw_microxrcedds-utils.c.obj)
                0x00006000                is_uxrce_rmw_identifier_valid
 .text.get_message_typesupport_handle
                0x0000601c        0x4 F:\Grutter_Services_LLC\Repositories\Renesas-RA\EK_RA6M4\EK_RA6M4_MicroROS_USB/libmicroros\libmicroros.a(librosidl_runtime_c-message_type_support.c.obj)
                0x0000601c                get_message_typesupport_handle
 .text.get_message_typesupport_handle_function
                0x00006020       0x14 F:\Grutter_Services_LLC\Repositories\Renesas-RA\EK_RA6M4\EK_RA6M4_MicroROS_USB/libmicroros\libmicroros.a(librosidl_runtime_c-message_type_support.c.obj)
                0x00006020                get_message_typesupport_handle_function
 .text.rosidl_typesupport_c__get_message_type_support_handle__std_msgs__msg__Int32
                0x00006034       0x1c F:\Grutter_Services_LLC\Repositories\Renesas-RA\EK_RA6M4\EK_RA6M4_MicroROS_USB/libmicroros\libmicroros.a(libstd_msgs__rosidl_typesupport_c-int32__type_support.cpp.obj)
                0x00006034                rosidl_typesupport_c__get_message_type_support_handle__std_msgs__msg__Int32
 .text.startup._GLOBAL__sub_I_rosidl_typesupport_c__get_message_type_support_handle__std_msgs__msg__Int32
                0x00006050       0x14 F:\Grutter_Services_LLC\Repositories\Renesas-RA\EK_RA6M4\EK_RA6M4_MicroROS_USB/libmicroros\libmicroros.a(libstd_msgs__rosidl_typesupport_c-int32__type_support.cpp.obj)
 .text.std_msgs__msg__Int32__rosidl_typesupport_introspection_c__Int32_init_function
                0x00006064        0x4 F:\Grutter_Services_LLC\Repositories\Renesas-RA\EK_RA6M4\EK_RA6M4_MicroROS_USB/libmicroros\libmicroros.a(libstd_msgs__rosidl_typesupport_introspection_c-int32__type_support.c.obj)
                0x00006064                std_msgs__msg__Int32__rosidl_typesupport_introspection_c__Int32_init_function
 .text.std_msgs__msg__Int32__rosidl_typesupport_introspection_c__Int32_fini_function
                0x00006068        0x4 F:\Grutter_Services_LLC\Repositories\Renesas-RA\EK_RA6M4\EK_RA6M4_MicroROS_USB/libmicroros\libmicroros.a(libstd_msgs__rosidl_typesupport_introspection_c-int32__type_support.c.obj)
                0x00006068                std_msgs__msg__Int32__rosidl_typesupport_introspection_c__Int32_fini_function
 .text.rosidl_typesupport_introspection_c__get_message_type_support_handle__std_msgs__msg__Int32
                0x0000606c       0x1c F:\Grutter_Services_LLC\Repositories\Renesas-RA\EK_RA6M4\EK_RA6M4_MicroROS_USB/libmicroros\libmicroros.a(libstd_msgs__rosidl_typesupport_introspection_c-int32__type_support.c.obj)
                0x0000606c                rosidl_typesupport_introspection_c__get_message_type_support_handle__std_msgs__msg__Int32
 .text._Int32__max_serialized_size
                0x00006088       0x10 F:\Grutter_Services_LLC\Repositories\Renesas-RA\EK_RA6M4\EK_RA6M4_MicroROS_USB/libmicroros\libmicroros.a(libstd_msgs__rosidl_typesupport_microxrcedds_c-int32__type_support_c.c.obj)
 .text._Int32__cdr_deserialize
                0x00006098        0xc F:\Grutter_Services_LLC\Repositories\Renesas-RA\EK_RA6M4\EK_RA6M4_MicroROS_USB/libmicroros\libmicroros.a(libstd_msgs__rosidl_typesupport_microxrcedds_c-int32__type_support_c.c.obj)
 .text.get_serialized_size_std_msgs__msg__Int32
                0x000060a4       0x14 F:\Grutter_Services_LLC\Repositories\Renesas-RA\EK_RA6M4\EK_RA6M4_MicroROS_USB/libmicroros\libmicroros.a(libstd_msgs__rosidl_typesupport_microxrcedds_c-int32__type_support_c.c.obj)
                0x000060a4                get_serialized_size_std_msgs__msg__Int32
 .text._Int32__cdr_serialize
                0x000060b8       0x10 F:\Grutter_Services_LLC\Repositories\Renesas-RA\EK_RA6M4\EK_RA6M4_MicroROS_USB/libmicroros\libmicroros.a(libstd_msgs__rosidl_typesupport_microxrcedds_c-int32__type_support_c.c.obj)
 .text._Int32__get_serialized_size
                0x000060c8       0x14 F:\Grutter_Services_LLC\Repositories\Renesas-RA\EK_RA6M4\EK_RA6M4_MicroROS_USB/libmicroros\libmicroros.a(libstd_msgs__rosidl_typesupport_microxrcedds_c-int32__type_support_c.c.obj)
 .text.rosidl_typesupport_microxrcedds_c__get_message_type_support_handle__std_msgs__msg__Int32
                0x000060dc        0x8 F:\Grutter_Services_LLC\Repositories\Renesas-RA\EK_RA6M4\EK_RA6M4_MicroROS_USB/libmicroros\libmicroros.a(libstd_msgs__rosidl_typesupport_microxrcedds_c-int32__type_support_c.c.obj)
                0x000060dc                rosidl_typesupport_microxrcedds_c__get_message_type_support_handle__std_msgs__msg__Int32
 .text.ucdr_serialize_bool
                0x000060e4       0x2c F:\Grutter_Services_LLC\Repositories\Renesas-RA\EK_RA6M4\EK_RA6M4_MicroROS_USB/libmicroros\libmicroros.a(libmicrocdr-basic.c.obj)
                0x000060e4                ucdr_serialize_bool
 .text.ucdr_deserialize_bool
                0x00006110       0x30 F:\Grutter_Services_LLC\Repositories\Renesas-RA\EK_RA6M4\EK_RA6M4_MicroROS_USB/libmicroros\libmicroros.a(libmicrocdr-basic.c.obj)
                0x00006110                ucdr_deserialize_bool
 .text.ucdr_serialize_uint8_t
                0x00006140       0x2c F:\Grutter_Services_LLC\Repositories\Renesas-RA\EK_RA6M4\EK_RA6M4_MicroROS_USB/libmicroros\libmicroros.a(libmicrocdr-basic.c.obj)
                0x00006140                ucdr_serialize_uint8_t
 .text.ucdr_deserialize_uint8_t
                0x0000616c       0x2c F:\Grutter_Services_LLC\Repositories\Renesas-RA\EK_RA6M4\EK_RA6M4_MicroROS_USB/libmicroros\libmicroros.a(libmicrocdr-basic.c.obj)
                0x0000616c                ucdr_deserialize_uint8_t
 .text.ucdr_serialize_uint16_t
                0x00006198      0x100 F:\Grutter_Services_LLC\Repositories\Renesas-RA\EK_RA6M4\EK_RA6M4_MicroROS_USB/libmicroros\libmicroros.a(libmicrocdr-basic.c.obj)
                0x00006198                ucdr_serialize_uint16_t
 .text.ucdr_serialize_endian_uint16_t
                0x00006298      0x100 F:\Grutter_Services_LLC\Repositories\Renesas-RA\EK_RA6M4\EK_RA6M4_MicroROS_USB/libmicroros\libmicroros.a(libmicrocdr-basic.c.obj)
                0x00006298                ucdr_serialize_endian_uint16_t
 .text.ucdr_deserialize_uint16_t
                0x00006398       0xe8 F:\Grutter_Services_LLC\Repositories\Renesas-RA\EK_RA6M4\EK_RA6M4_MicroROS_USB/libmicroros\libmicroros.a(libmicrocdr-basic.c.obj)
                0x00006398                ucdr_deserialize_uint16_t
 .text.ucdr_deserialize_endian_uint16_t
                0x00006480       0xec F:\Grutter_Services_LLC\Repositories\Renesas-RA\EK_RA6M4\EK_RA6M4_MicroROS_USB/libmicroros\libmicroros.a(libmicrocdr-basic.c.obj)
                0x00006480                ucdr_deserialize_endian_uint16_t
 .text.ucdr_serialize_uint32_t
                0x0000656c      0x130 F:\Grutter_Services_LLC\Repositories\Renesas-RA\EK_RA6M4\EK_RA6M4_MicroROS_USB/libmicroros\libmicroros.a(libmicrocdr-basic.c.obj)
                0x0000656c                ucdr_serialize_uint32_t
 .text.ucdr_serialize_endian_uint32_t
                0x0000669c      0x130 F:\Grutter_Services_LLC\Repositories\Renesas-RA\EK_RA6M4\EK_RA6M4_MicroROS_USB/libmicroros\libmicroros.a(libmicrocdr-basic.c.obj)
                0x0000669c                ucdr_serialize_endian_uint32_t
 .text.ucdr_deserialize_uint32_t
                0x000067cc      0x120 F:\Grutter_Services_LLC\Repositories\Renesas-RA\EK_RA6M4\EK_RA6M4_MicroROS_USB/libmicroros\libmicroros.a(libmicrocdr-basic.c.obj)
                0x000067cc                ucdr_deserialize_uint32_t
 .text.ucdr_deserialize_endian_uint32_t
                0x000068ec      0x12c F:\Grutter_Services_LLC\Repositories\Renesas-RA\EK_RA6M4\EK_RA6M4_MicroROS_USB/libmicroros\libmicroros.a(libmicrocdr-basic.c.obj)
                0x000068ec                ucdr_deserialize_endian_uint32_t
 .text.ucdr_serialize_uint64_t
                0x00006a18      0x1a0 F:\Grutter_Services_LLC\Repositories\Renesas-RA\EK_RA6M4\EK_RA6M4_MicroROS_USB/libmicroros\libmicroros.a(libmicrocdr-basic.c.obj)
                0x00006a18                ucdr_serialize_uint64_t
 .text.ucdr_serialize_int16_t
                0x00006bb8      0x100 F:\Grutter_Services_LLC\Repositories\Renesas-RA\EK_RA6M4\EK_RA6M4_MicroROS_USB/libmicroros\libmicroros.a(libmicrocdr-basic.c.obj)
                0x00006bb8                ucdr_serialize_int16_t
 .text.ucdr_deserialize_int16_t
                0x00006cb8       0xe8 F:\Grutter_Services_LLC\Repositories\Renesas-RA\EK_RA6M4\EK_RA6M4_MicroROS_USB/libmicroros\libmicroros.a(libmicrocdr-basic.c.obj)
                0x00006cb8                ucdr_deserialize_int16_t
 .text.ucdr_serialize_int32_t
                0x00006da0      0x130 F:\Grutter_Services_LLC\Repositories\Renesas-RA\EK_RA6M4\EK_RA6M4_MicroROS_USB/libmicroros\libmicroros.a(libmicrocdr-basic.c.obj)
                0x00006da0                ucdr_serialize_int32_t
 .text.ucdr_deserialize_int32_t
                0x00006ed0      0x120 F:\Grutter_Services_LLC\Repositories\Renesas-RA\EK_RA6M4\EK_RA6M4_MicroROS_USB/libmicroros\libmicroros.a(libmicrocdr-basic.c.obj)
                0x00006ed0                ucdr_deserialize_int32_t
 .text.ucdr_check_buffer_available_for
                0x00006ff0       0x18 F:\Grutter_Services_LLC\Repositories\Renesas-RA\EK_RA6M4\EK_RA6M4_MicroROS_USB/libmicroros\libmicroros.a(libmicrocdr-common.c.obj)
                0x00006ff0                ucdr_check_buffer_available_for
 .text.ucdr_check_final_buffer_behavior
                0x00007008       0x38 F:\Grutter_Services_LLC\Repositories\Renesas-RA\EK_RA6M4\EK_RA6M4_MicroROS_USB/libmicroros\libmicroros.a(libmicrocdr-common.c.obj)
                0x00007008                ucdr_check_final_buffer_behavior
 .text.ucdr_set_on_full_buffer_callback
                0x00007040        0x8 F:\Grutter_Services_LLC\Repositories\Renesas-RA\EK_RA6M4\EK_RA6M4_MicroROS_USB/libmicroros\libmicroros.a(libmicrocdr-common.c.obj)
                0x00007040                ucdr_set_on_full_buffer_callback
 .text.ucdr_init_buffer_origin_offset_endian
                0x00007048       0x2c F:\Grutter_Services_LLC\Repositories\Renesas-RA\EK_RA6M4\EK_RA6M4_MicroROS_USB/libmicroros\libmicroros.a(libmicrocdr-common.c.obj)
                0x00007048                ucdr_init_buffer_origin_offset_endian
 .text.ucdr_init_buffer_origin_offset
                0x00007074       0x14 F:\Grutter_Services_LLC\Repositories\Renesas-RA\EK_RA6M4\EK_RA6M4_MicroROS_USB/libmicroros\libmicroros.a(libmicrocdr-common.c.obj)
                0x00007074                ucdr_init_buffer_origin_offset
 .text.ucdr_init_buffer_origin
                0x00007088       0x10 F:\Grutter_Services_LLC\Repositories\Renesas-RA\EK_RA6M4\EK_RA6M4_MicroROS_USB/libmicroros\libmicroros.a(libmicrocdr-common.c.obj)
                0x00007088                ucdr_init_buffer_origin
 .text.ucdr_init_buffer
                0x00007098        0x8 F:\Grutter_Services_LLC\Repositories\Renesas-RA\EK_RA6M4\EK_RA6M4_MicroROS_USB/libmicroros\libmicroros.a(libmicrocdr-common.c.obj)
                0x00007098                ucdr_init_buffer
 .text.ucdr_alignment
                0x000070a0       0x10 F:\Grutter_Services_LLC\Repositories\Renesas-RA\EK_RA6M4\EK_RA6M4_MicroROS_USB/libmicroros\libmicroros.a(libmicrocdr-common.c.obj)
                0x000070a0                ucdr_alignment
 .text.ucdr_buffer_alignment
                0x000070b0       0x20 F:\Grutter_Services_LLC\Repositories\Renesas-RA\EK_RA6M4\EK_RA6M4_MicroROS_USB/libmicroros\libmicroros.a(libmicrocdr-common.c.obj)
                0x000070b0                ucdr_buffer_alignment
 .text.ucdr_align_to
                0x000070d0       0x24 F:\Grutter_Services_LLC\Repositories\Renesas-RA\EK_RA6M4\EK_RA6M4_MicroROS_USB/libmicroros\libmicroros.a(libmicrocdr-common.c.obj)
                0x000070d0                ucdr_align_to
 .text.ucdr_buffer_length
                0x000070f4        0x8 F:\Grutter_Services_LLC\Repositories\Renesas-RA\EK_RA6M4\EK_RA6M4_MicroROS_USB/libmicroros\libmicroros.a(libmicrocdr-common.c.obj)
                0x000070f4                ucdr_buffer_length
 .text.ucdr_buffer_remaining
                0x000070fc        0x8 F:\Grutter_Services_LLC\Repositories\Renesas-RA\EK_RA6M4\EK_RA6M4_MicroROS_USB/libmicroros\libmicroros.a(libmicrocdr-common.c.obj)
                0x000070fc                ucdr_buffer_remaining
 .text.ucdr_check_final_buffer_behavior_array
                0x00007104       0x38 F:\Grutter_Services_LLC\Repositories\Renesas-RA\EK_RA6M4\EK_RA6M4_MicroROS_USB/libmicroros\libmicroros.a(libmicrocdr-common.c.obj)
                0x00007104                ucdr_check_final_buffer_behavior_array
 .text.ucdr_advance_buffer
                0x0000713c       0x40 F:\Grutter_Services_LLC\Repositories\Renesas-RA\EK_RA6M4\EK_RA6M4_MicroROS_USB/libmicroros\libmicroros.a(libmicrocdr-common.c.obj)
                0x0000713c                ucdr_advance_buffer
 .text.uxr_buffer_delete_entity
                0x0000717c       0x40 F:\Grutter_Services_LLC\Repositories\Renesas-RA\EK_RA6M4\EK_RA6M4_MicroROS_USB/libmicroros\libmicroros.a(libmicroxrcedds_client-common_create_entities.c.obj)
                0x0000717c                uxr_buffer_delete_entity
 .text.uxr_common_create_entity
                0x000071bc       0x58 F:\Grutter_Services_LLC\Repositories\Renesas-RA\EK_RA6M4\EK_RA6M4_MicroROS_USB/libmicroros\libmicroros.a(libmicroxrcedds_client-common_create_entities.c.obj)
                0x000071bc                uxr_common_create_entity
 .text.uxr_buffer_create_participant_bin
                0x00007214       0x64 F:\Grutter_Services_LLC\Repositories\Renesas-RA\EK_RA6M4\EK_RA6M4_MicroROS_USB/libmicroros\libmicroros.a(libmicroxrcedds_client-create_entities_bin.c.obj)
                0x00007214                uxr_buffer_create_participant_bin
 .text.uxr_buffer_create_topic_bin
                0x00007278       0x6c F:\Grutter_Services_LLC\Repositories\Renesas-RA\EK_RA6M4\EK_RA6M4_MicroROS_USB/libmicroros\libmicroros.a(libmicroxrcedds_client-create_entities_bin.c.obj)
                0x00007278                uxr_buffer_create_topic_bin
 .text.uxr_buffer_create_publisher_bin
                0x000072e4       0x60 F:\Grutter_Services_LLC\Repositories\Renesas-RA\EK_RA6M4\EK_RA6M4_MicroROS_USB/libmicroros\libmicroros.a(libmicroxrcedds_client-create_entities_bin.c.obj)
                0x000072e4                uxr_buffer_create_publisher_bin
 .text.uxr_buffer_create_datawriter_bin
                0x00007344       0xf4 F:\Grutter_Services_LLC\Repositories\Renesas-RA\EK_RA6M4\EK_RA6M4_MicroROS_USB/libmicroros\libmicroros.a(libmicroxrcedds_client-create_entities_bin.c.obj)
                0x00007344                uxr_buffer_create_datawriter_bin
 .text.uxr_object_id
                0x00007438       0x1c F:\Grutter_Services_LLC\Repositories\Renesas-RA\EK_RA6M4\EK_RA6M4_MicroROS_USB/libmicroros\libmicroros.a(libmicroxrcedds_client-object_id.c.obj)
                0x00007438                uxr_object_id
 .text.uxr_object_id_from_raw
                0x00007454       0x2c F:\Grutter_Services_LLC\Repositories\Renesas-RA\EK_RA6M4\EK_RA6M4_MicroROS_USB/libmicroros\libmicroros.a(libmicroxrcedds_client-object_id.c.obj)
                0x00007454                uxr_object_id_from_raw
 .text.uxr_object_id_to_raw
                0x00007480       0x1c F:\Grutter_Services_LLC\Repositories\Renesas-RA\EK_RA6M4\EK_RA6M4_MicroROS_USB/libmicroros\libmicroros.a(libmicroxrcedds_client-object_id.c.obj)
                0x00007480                uxr_object_id_to_raw
 .text.on_get_fragmentation_info
                0x0000749c       0x44 F:\Grutter_Services_LLC\Repositories\Renesas-RA\EK_RA6M4\EK_RA6M4_MicroROS_USB/libmicroros\libmicroros.a(libmicroxrcedds_client-session.c.obj)
 .text.read_submessage_get_info
                0x000074e0       0x6c F:\Grutter_Services_LLC\Repositories\Renesas-RA\EK_RA6M4\EK_RA6M4_MicroROS_USB/libmicroros\libmicroros.a(libmicroxrcedds_client-session.c.obj)
 .text.write_submessage_acknack.isra.0
                0x0000754c       0x70 F:\Grutter_Services_LLC\Repositories\Renesas-RA\EK_RA6M4\EK_RA6M4_MicroROS_USB/libmicroros\libmicroros.a(libmicroxrcedds_client-session.c.obj)
 *fill*         0x000075bc        0x4 ff
 .text.uxr_init_session
                0x000075c0       0x48 F:\Grutter_Services_LLC\Repositories\Renesas-RA\EK_RA6M4\EK_RA6M4_MicroROS_USB/libmicroros\libmicroros.a(libmicroxrcedds_client-session.c.obj)
                0x000075c0                uxr_init_session
 .text.uxr_set_status_callback
                0x00007608        0x8 F:\Grutter_Services_LLC\Repositories\Renesas-RA\EK_RA6M4\EK_RA6M4_MicroROS_USB/libmicroros\libmicroros.a(libmicroxrcedds_client-session.c.obj)
                0x00007608                uxr_set_status_callback
 .text.uxr_set_topic_callback
                0x00007610        0x8 F:\Grutter_Services_LLC\Repositories\Renesas-RA\EK_RA6M4\EK_RA6M4_MicroROS_USB/libmicroros\libmicroros.a(libmicroxrcedds_client-session.c.obj)
                0x00007610                uxr_set_topic_callback
 .text.uxr_set_request_callback
                0x00007618        0x8 F:\Grutter_Services_LLC\Repositories\Renesas-RA\EK_RA6M4\EK_RA6M4_MicroROS_USB/libmicroros\libmicroros.a(libmicroxrcedds_client-session.c.obj)
                0x00007618                uxr_set_request_callback
 .text.uxr_set_reply_callback
                0x00007620        0x8 F:\Grutter_Services_LLC\Repositories\Renesas-RA\EK_RA6M4\EK_RA6M4_MicroROS_USB/libmicroros\libmicroros.a(libmicroxrcedds_client-session.c.obj)
                0x00007620                uxr_set_reply_callback
 .text.uxr_create_output_best_effort_stream
                0x00007628       0x24 F:\Grutter_Services_LLC\Repositories\Renesas-RA\EK_RA6M4\EK_RA6M4_MicroROS_USB/libmicroros\libmicroros.a(libmicroxrcedds_client-session.c.obj)
                0x00007628                uxr_create_output_best_effort_stream
 .text.uxr_create_output_reliable_stream
                0x0000764c       0x48 F:\Grutter_Services_LLC\Repositories\Renesas-RA\EK_RA6M4\EK_RA6M4_MicroROS_USB/libmicroros\libmicroros.a(libmicroxrcedds_client-session.c.obj)
                0x0000764c                uxr_create_output_reliable_stream
 .text.uxr_create_input_best_effort_stream
                0x00007694        0xc F:\Grutter_Services_LLC\Repositories\Renesas-RA\EK_RA6M4\EK_RA6M4_MicroROS_USB/libmicroros\libmicroros.a(libmicroxrcedds_client-session.c.obj)
                0x00007694                uxr_create_input_best_effort_stream
 .text.uxr_create_input_reliable_stream
                0x000076a0       0x38 F:\Grutter_Services_LLC\Repositories\Renesas-RA\EK_RA6M4\EK_RA6M4_MicroROS_USB/libmicroros\libmicroros.a(libmicroxrcedds_client-session.c.obj)
                0x000076a0                uxr_create_input_reliable_stream
 .text.uxr_epoch_nanos
                0x000076d8       0x14 F:\Grutter_Services_LLC\Repositories\Renesas-RA\EK_RA6M4\EK_RA6M4_MicroROS_USB/libmicroros\libmicroros.a(libmicroxrcedds_client-session.c.obj)
                0x000076d8                uxr_epoch_nanos
 .text.uxr_flash_output_streams
                0x000076ec       0xe8 F:\Grutter_Services_LLC\Repositories\Renesas-RA\EK_RA6M4\EK_RA6M4_MicroROS_USB/libmicroros\libmicroros.a(libmicroxrcedds_client-session.c.obj)
                0x000076ec                uxr_flash_output_streams
 .text.read_submessage_info
                0x000077d4       0x90 F:\Grutter_Services_LLC\Repositories\Renesas-RA\EK_RA6M4\EK_RA6M4_MicroROS_USB/libmicroros\libmicroros.a(libmicroxrcedds_client-session.c.obj)
                0x000077d4                read_submessage_info
 .text.read_submessage_list
                0x00007864      0x30c F:\Grutter_Services_LLC\Repositories\Renesas-RA\EK_RA6M4\EK_RA6M4_MicroROS_USB/libmicroros\libmicroros.a(libmicroxrcedds_client-session.c.obj)
 .text.listen_message_reliably
                0x00007b70      0x26c F:\Grutter_Services_LLC\Repositories\Renesas-RA\EK_RA6M4\EK_RA6M4_MicroROS_USB/libmicroros\libmicroros.a(libmicroxrcedds_client-session.c.obj)
 .text.uxr_run_session_until_confirm_delivery
                0x00007ddc       0x4c F:\Grutter_Services_LLC\Repositories\Renesas-RA\EK_RA6M4\EK_RA6M4_MicroROS_USB/libmicroros\libmicroros.a(libmicroxrcedds_client-session.c.obj)
                0x00007ddc                uxr_run_session_until_confirm_delivery
 .text.uxr_run_session_until_all_status
                0x00007e28       0xa4 F:\Grutter_Services_LLC\Repositories\Renesas-RA\EK_RA6M4\EK_RA6M4_MicroROS_USB/libmicroros\libmicroros.a(libmicroxrcedds_client-session.c.obj)
                0x00007e28                uxr_run_session_until_all_status
 .text.wait_session_status
                0x00007ecc      0x1a0 F:\Grutter_Services_LLC\Repositories\Renesas-RA\EK_RA6M4\EK_RA6M4_MicroROS_USB/libmicroros\libmicroros.a(libmicroxrcedds_client-session.c.obj)
 .text.uxr_delete_session_retries
                0x0000806c       0x50 F:\Grutter_Services_LLC\Repositories\Renesas-RA\EK_RA6M4\EK_RA6M4_MicroROS_USB/libmicroros\libmicroros.a(libmicroxrcedds_client-session.c.obj)
                0x0000806c                uxr_delete_session_retries
 .text.uxr_create_session
                0x000080bc      0x1bc F:\Grutter_Services_LLC\Repositories\Renesas-RA\EK_RA6M4\EK_RA6M4_MicroROS_USB/libmicroros\libmicroros.a(libmicroxrcedds_client-session.c.obj)
                0x000080bc                uxr_create_session
 .text.uxr_prepare_stream_to_write_submessage
                0x00008278       0x88 F:\Grutter_Services_LLC\Repositories\Renesas-RA\EK_RA6M4\EK_RA6M4_MicroROS_USB/libmicroros\libmicroros.a(libmicroxrcedds_client-session.c.obj)
                0x00008278                uxr_prepare_stream_to_write_submessage
 .text.uxr_init_session_info
                0x00008300       0x2c F:\Grutter_Services_LLC\Repositories\Renesas-RA\EK_RA6M4\EK_RA6M4_MicroROS_USB/libmicroros\libmicroros.a(libmicroxrcedds_client-session_info.c.obj)
                0x00008300                uxr_init_session_info
 .text.uxr_buffer_create_session
                0x0000832c       0x5c F:\Grutter_Services_LLC\Repositories\Renesas-RA\EK_RA6M4\EK_RA6M4_MicroROS_USB/libmicroros\libmicroros.a(libmicroxrcedds_client-session_info.c.obj)
                0x0000832c                uxr_buffer_create_session
 .text.uxr_buffer_delete_session
                0x00008388       0x3c F:\Grutter_Services_LLC\Repositories\Renesas-RA\EK_RA6M4\EK_RA6M4_MicroROS_USB/libmicroros\libmicroros.a(libmicroxrcedds_client-session_info.c.obj)
                0x00008388                uxr_buffer_delete_session
 .text.uxr_read_create_session_status
                0x000083c4       0x18 F:\Grutter_Services_LLC\Repositories\Renesas-RA\EK_RA6M4\EK_RA6M4_MicroROS_USB/libmicroros\libmicroros.a(libmicroxrcedds_client-session_info.c.obj)
                0x000083c4                uxr_read_create_session_status
 .text.uxr_read_delete_session_status
                0x000083dc       0x3c F:\Grutter_Services_LLC\Repositories\Renesas-RA\EK_RA6M4\EK_RA6M4_MicroROS_USB/libmicroros\libmicroros.a(libmicroxrcedds_client-session_info.c.obj)
                0x000083dc                uxr_read_delete_session_status
 .text.uxr_stamp_create_session_header
                0x00008418       0x28 F:\Grutter_Services_LLC\Repositories\Renesas-RA\EK_RA6M4\EK_RA6M4_MicroROS_USB/libmicroros\libmicroros.a(libmicroxrcedds_client-session_info.c.obj)
                0x00008418                uxr_stamp_create_session_header
 .text.uxr_stamp_session_header
                0x00008440       0x2c F:\Grutter_Services_LLC\Repositories\Renesas-RA\EK_RA6M4\EK_RA6M4_MicroROS_USB/libmicroros\libmicroros.a(libmicroxrcedds_client-session_info.c.obj)
                0x00008440                uxr_stamp_session_header
 .text.uxr_read_session_header
                0x0000846c       0x80 F:\Grutter_Services_LLC\Repositories\Renesas-RA\EK_RA6M4\EK_RA6M4_MicroROS_USB/libmicroros\libmicroros.a(libmicroxrcedds_client-session_info.c.obj)
                0x0000846c                uxr_read_session_header
 .text.uxr_session_header_offset
                0x000084ec       0x10 F:\Grutter_Services_LLC\Repositories\Renesas-RA\EK_RA6M4\EK_RA6M4_MicroROS_USB/libmicroros\libmicroros.a(libmicroxrcedds_client-session_info.c.obj)
                0x000084ec                uxr_session_header_offset
 .text.uxr_init_base_object_request
                0x000084fc       0x3c F:\Grutter_Services_LLC\Repositories\Renesas-RA\EK_RA6M4\EK_RA6M4_MicroROS_USB/libmicroros\libmicroros.a(libmicroxrcedds_client-session_info.c.obj)
                0x000084fc                uxr_init_base_object_request
 .text.uxr_parse_base_object_request
                0x00008538       0x24 F:\Grutter_Services_LLC\Repositories\Renesas-RA\EK_RA6M4\EK_RA6M4_MicroROS_USB/libmicroros\libmicroros.a(libmicroxrcedds_client-session_info.c.obj)
                0x00008538                uxr_parse_base_object_request
 .text.uxr_stream_id
                0x0000855c       0x58 F:\Grutter_Services_LLC\Repositories\Renesas-RA\EK_RA6M4\EK_RA6M4_MicroROS_USB/libmicroros\libmicroros.a(libmicroxrcedds_client-stream_id.c.obj)
                0x0000855c                uxr_stream_id
 .text.uxr_stream_id_from_raw
                0x000085b4       0x60 F:\Grutter_Services_LLC\Repositories\Renesas-RA\EK_RA6M4\EK_RA6M4_MicroROS_USB/libmicroros\libmicroros.a(libmicroxrcedds_client-stream_id.c.obj)
                0x000085b4                uxr_stream_id_from_raw
 .text.uxr_init_stream_storage
                0x00008614       0x14 F:\Grutter_Services_LLC\Repositories\Renesas-RA\EK_RA6M4\EK_RA6M4_MicroROS_USB/libmicroros\libmicroros.a(libmicroxrcedds_client-stream_storage.c.obj)
                0x00008614                uxr_init_stream_storage
 .text.uxr_reset_stream_storage